Godot Engine v4.7.2.stable.official.ed1daf0bf - https://godotengine.org

ok training/the_catalogue_carries_eight_exercises
ok training/the_frozen_reference_still_lists_its_own_four
ok training/the_page_mounts_the_shared_hub_view
ok training/the_family_technique_has_a_name_on_the_page
ok training/precision_card_exists
ok training/precision_shows_its_DrillText_name
ok training/precision_is_a_selection_card
ok training/precision_has_a_goal_in_it
ok training/precision_has_a_goal_in_en
ok training/precision_has_a_success_in_it
ok training/precision_has_a_success_in_en
ok training/precision_has_a_scores_in_it
ok training/precision_has_a_scores_in_en
ok training/precision_has_a_watch_in_it
ok training/precision_has_a_watch_in_en
ok training/precision_lists_a_control_that_resolves_in_it
ok training/precision_lists_a_control_that_resolves_in_en
ok training/precision_lists_a_control_that_resolves_in_it
ok training/precision_lists_a_control_that_resolves_in_en
ok training/precision_has_a_hint_in_it
ok training/precision_has_a_hint_in_en
ok training/smash_card_exists
ok training/smash_shows_its_DrillText_name
ok training/smash_is_a_selection_card
ok training/smash_has_a_goal_in_it
ok training/smash_has_a_goal_in_en
ok training/smash_has_a_success_in_it
ok training/smash_has_a_success_in_en
ok training/smash_has_a_scores_in_it
ok training/smash_has_a_scores_in_en
ok training/smash_has_a_watch_in_it
ok training/smash_has_a_watch_in_en
ok training/smash_lists_a_control_that_resolves_in_it
ok training/smash_lists_a_control_that_resolves_in_en
ok training/smash_lists_a_control_that_resolves_in_it
ok training/smash_lists_a_control_that_resolves_in_en
ok training/smash_has_a_hint_in_it
ok training/smash_has_a_hint_in_en
ok training/serve_card_exists
ok training/serve_shows_its_DrillText_name
ok training/serve_is_a_selection_card
ok training/serve_has_a_goal_in_it
ok training/serve_has_a_goal_in_en
ok training/serve_has_a_success_in_it
ok training/serve_has_a_success_in_en
ok training/serve_has_a_scores_in_it
ok training/serve_has_a_scores_in_en
ok training/serve_has_a_watch_in_it
ok training/serve_has_a_watch_in_en
ok training/serve_lists_a_control_that_resolves_in_it
ok training/serve_lists_a_control_that_resolves_in_en
ok training/serve_lists_a_control_that_resolves_in_it
ok training/serve_lists_a_control_that_resolves_in_en
ok training/serve_has_a_hint_in_it
ok training/serve_has_a_hint_in_en
ok training/the_family_defence_has_a_name_on_the_page
ok training/rally_card_exists
ok training/rally_shows_its_DrillText_name
ok training/rally_is_a_selection_card
ok training/rally_has_a_goal_in_it
ok training/rally_has_a_goal_in_en
ok training/rally_has_a_success_in_it
ok training/rally_has_a_success_in_en
ok training/rally_has_a_scores_in_it
ok training/rally_has_a_scores_in_en
ok training/rally_has_a_watch_in_it
ok training/rally_has_a_watch_in_en
ok training/rally_lists_a_control_that_resolves_in_it
ok training/rally_lists_a_control_that_resolves_in_en
ok training/rally_lists_a_control_that_resolves_in_it
ok training/rally_lists_a_control_that_resolves_in_en
ok training/rally_lists_a_control_that_resolves_in_it
ok training/rally_lists_a_control_that_resolves_in_en
ok training/rally_has_a_hint_in_it
ok training/rally_has_a_hint_in_en
ok training/return_card_exists
ok training/return_shows_its_DrillText_name
ok training/return_is_a_selection_card
ok training/return_has_a_goal_in_it
ok training/return_has_a_goal_in_en
ok training/return_has_a_success_in_it
ok training/return_has_a_success_in_en
ok training/return_has_a_scores_in_it
ok training/return_has_a_scores_in_en
ok training/return_has_a_watch_in_it
ok training/return_has_a_watch_in_en
ok training/return_lists_a_control_that_resolves_in_it
ok training/return_lists_a_control_that_resolves_in_en
ok training/return_lists_a_control_that_resolves_in_it
ok training/return_lists_a_control_that_resolves_in_en
ok training/return_has_a_hint_in_it
ok training/return_has_a_hint_in_en
ok training/glass_recovery_card_exists
ok training/glass_recovery_shows_its_DrillText_name
ok training/glass_recovery_is_a_selection_card
ok training/glass_recovery_has_a_goal_in_it
ok training/glass_recovery_has_a_goal_in_en
ok training/glass_recovery_has_a_success_in_it
ok training/glass_recovery_has_a_success_in_en
ok training/glass_recovery_has_a_scores_in_it
ok training/glass_recovery_has_a_scores_in_en
ok training/glass_recovery_has_a_watch_in_it
ok training/glass_recovery_has_a_watch_in_en
ok training/glass_recovery_lists_a_control_that_resolves_in_it
ok training/glass_recovery_lists_a_control_that_resolves_in_en
ok training/glass_recovery_lists_a_control_that_resolves_in_it
ok training/glass_recovery_lists_a_control_that_resolves_in_en
ok training/glass_recovery_lists_a_control_that_resolves_in_it
ok training/glass_recovery_lists_a_control_that_resolves_in_en
ok training/glass_recovery_has_a_hint_in_it
ok training/glass_recovery_has_a_hint_in_en
ok training/the_family_match_play_has_a_name_on_the_page
ok training/net_play_card_exists
ok training/net_play_shows_its_DrillText_name
ok training/net_play_is_a_selection_card
ok training/net_play_has_a_goal_in_it
ok training/net_play_has_a_goal_in_en
ok training/net_play_has_a_success_in_it
ok training/net_play_has_a_success_in_en
ok training/net_play_has_a_scores_in_it
ok training/net_play_has_a_scores_in_en
ok training/net_play_has_a_watch_in_it
ok training/net_play_has_a_watch_in_en
ok training/net_play_lists_a_control_that_resolves_in_it
ok training/net_play_lists_a_control_that_resolves_in_en
ok training/net_play_lists_a_control_that_resolves_in_it
ok training/net_play_lists_a_control_that_resolves_in_en
ok training/net_play_lists_a_control_that_resolves_in_it
ok training/net_play_lists_a_control_that_resolves_in_en
ok training/net_play_has_a_hint_in_it
ok training/net_play_has_a_hint_in_en
ok training/doubles_tactics_card_exists
ok training/doubles_tactics_shows_its_DrillText_name
ok training/doubles_tactics_is_a_selection_card
ok training/doubles_tactics_has_a_goal_in_it
ok training/doubles_tactics_has_a_goal_in_en
ok training/doubles_tactics_has_a_success_in_it
ok training/doubles_tactics_has_a_success_in_en
ok training/doubles_tactics_has_a_scores_in_it
ok training/doubles_tactics_has_a_scores_in_en
ok training/doubles_tactics_has_a_watch_in_it
ok training/doubles_tactics_has_a_watch_in_en
ok training/doubles_tactics_lists_a_control_that_resolves_in_it
ok training/doubles_tactics_lists_a_control_that_resolves_in_en
ok training/doubles_tactics_lists_a_control_that_resolves_in_it
ok training/doubles_tactics_lists_a_control_that_resolves_in_en
ok training/doubles_tactics_lists_a_control_that_resolves_in_it
ok training/doubles_tactics_lists_a_control_that_resolves_in_en
ok training/doubles_tactics_has_a_hint_in_it
ok training/doubles_tactics_has_a_hint_in_en
ok training/the_cards_are_the_catalogue
ok training/the_cards_are_grouped_into_the_three_families
ok training/the_Godot_only_return_exercise_is_offered
ok training/the_glass_recovery_challenge_is_offered
ok training/the_net_play_challenge_is_offered
ok training/the_doubles_tactics_challenge_is_offered
ok training/every_exercise_is_focusable_and_reachable
ok training/the_start_action_is_reachable
ok training/the_back_control_is_reachable
ok training/the_difficulty_row_is_reachable
ok training/the_model_focuses_an_exercise_first
ok training/the_click_target_exists
ok training/a_click_writes_pending_exercise
ok training/the_clicked_card_is_the_selection
ok training/and_the_screen_agrees
ok training/a_model_confirm_writes_pending_exercise
ok training/the_confirmed_card_is_the_selection
ok training/only_one_card_is_the_selection
ok training/the_detail_names_the_choice
ok training/the_detail_shows_the_goal
ok training/the_detail_shows_the_success_rule
ok training/the_detail_lists_the_controls
ok training/the_hint_is_the_choices_own
ok training/the_preview_runs_a_real_DrillSession
ok training/the_report_carries_a_phase
ok training/the_reported_phase_is_the_sessions_own
ok training/the_report_carries_a_target
ok training/the_reported_target_is_the_sessions_own
ok training/the_gate_grants_the_drill
ok training/start_names_the_drill
ok training/start_is_granted
ok training/start_carries_the_chosen_exercise
ok training/start_names_the_match_scene
ok training/start_touches_nothing_else
ok training/start_does_not_invent_a_difficulty
ok training/the_hub_difficulty_is_one_of_the_four
ok training/no_developer_text_or_raw_data_is_visible
ok training/the_scan_actually_read_text
# TRAINING_ON_SCREEN ["TRAINING", "Precision shots: hit targets on the opponent side.", "Technique", "Precision", "Target practice: put the ball in the target that lights up in the opponent half.", "Smash", "Attack the high ball: a smash x2 or x3 the opponent cannot defend.", "Serve", "Serve: land the first ball and win the point.", "Defence", "Rally", "Rally: keep the ball in play for a long exchange without giving the point away.", "Return", "Return: the opponents serve, you return and put the ball in their half.", "Glass recovery", "Glass recovery: get back to your own back glass and put the ball back in play.", "Match play", "Net play", "Net play: close the point by attacking, without letting the ball bounce on your side.", "Doubles tactics", "Doubles tactics: call the right tactic and then close the attempt legally.", "Glass recovery", "Goal  Glass recovery: get back to your own back glass and put the ball back in play.", "How it is won  The attempt is in when the ball touches YOUR glass, you play it AFTER the glass and it lands in the opponent half.", "What scores  Depth of the recovery: the further from the net it lands, the more it pays.", "Controls  LS · Move / aim     Y · Lob     A · Drive", "Challenge best 0     Historical best 0", "Length: A run of 8 attempts", "Difficulty", "Easy", "Medium", "Hard", "Legend", "PLAY NOW", "Let it travel to the glass, then recover: only the shot played AFTER the glass, landing in the opponent half, counts.", "< Back"]
ok training/screen_report_keeps_every_promised_key
ok training/the_screen_declares_its_own_id
ok training/the_declared_back_is_the_reference_return
ok training/a_full_build_does_not_lock_the_drill
ok training/the_reported_rows_carry_every_exercise_name
ok training/the_report_lists_Precision
ok training/the_report_lists_Smash
ok training/the_report_lists_Rally
ok training/the_report_lists_Serve
ok training/the_report_lists_Return
ok training/the_report_lists_Glass recovery
ok training/the_report_lists_Net play
ok training/the_report_lists_Doubles tactics
ok training/every_control_is_inside_1280x720
ok training/every_button_shows_its_whole_label_at_1280x720
ok training/every_control_is_inside_1600x900
ok training/every_button_shows_its_whole_label_at_1600x900
ok training/the_table_has_a_second_locale
ok training/some_exercise_name_differs_between_the_tables
ok training/a_rebuild_shows_the_other_tables_own_names
ok training/the_hint_is_the_other_locales_own
ok training/the_original_locale_comes_back
ok training/every_section_ran_to_completion
# report mounted res://game/ModeScreen.tscn with Config.pending_mode == drill at 1280x720
PASS 211/211
