Godot Engine v4.7.2.stable.official.ed1daf0bf - https://godotengine.org

ok return/the_frozen_reference_table_still_has_its_own_four
ok return/the_frozen_table_does_not_carry_it
ok return/the_document_records_the_real_sha256_of_js_drill.js
ok return/the_document_records_a_digest_for_js_drill.js
ok return/the_document_records_the_real_sha256_of_js_data.js
ok return/the_document_records_a_digest_for_js_data.js
ok return/the_catalog_offers_eight_exercises
ok return/the_extension_is_one_of_them
ok return/glass_recovery_is_offered
ok return/glass_recovery_is_a_godot_only_row
ok return/net_play_is_offered
ok return/net_play_is_a_godot_only_row
ok return/doubles_tactics_is_offered
ok return/doubles_tactics_is_a_godot_only_row
ok return/the_id_resolves_to_the_exercise
ok return/an_unknown_id_still_falls_back_to_the_reference_first
ok return/it_is_marked_as_the_godot_only_one
ok return/the_reference_rows_are_not
# report catalog=["precision", "smash", "rally", "serve", "return", "glass_recovery", "net_play", "doubles_tactics"] (frozen rows ["precision", "smash", "rally", "serve"]), source sha256 intact
ok return/the_exercise_feeds_a_serve
ok return/and_declares_the_opponent_as_the_server
ok return/the_first_command_starts_the_attempt
ok return/the_engine_is_in_the_opponents_serve
ok return/the_serve_is_prepared_not_invented
ok return/the_human_side_is_on_its_own_half
ok return/the_opponent_put_the_ball_in_play_with_the_engines_own_serve
ok return/the_serve_is_a_real_engine_shot
# report opponent serve: side=ai served_after=91 frames
ok return/seed_1234/the_human_side_reached_the_serve
ok return/seed_1234/the_return_cleared_the_net
ok return/seed_1234/a_return_the_opponent_played_is_a_hit
ok return/seed_1234/and_pays_the_flat_played_back_tier_with_no_depth_bonus
ok return/seed_1234/and_measured_no_landing_to_bonus
ok return/seed_1234/the_opponent_volley_diagnosis_is_its_own_and_localized
ok return/seed_1234/no_swing_never_grades_a_return_in
ok return/seed_1234/no_swing_is_never_a_hit
ok return/seed_1234/a_non_return_still_closes_exactly_one_attempt
ok return/seed_1234/and_the_human_side_never_touched_the_serve
ok return/seed_1234/the_failure_diagnosis_resolves_in_italian
ok return/seed_1234/and_in_english
ok return/seed_4242/the_human_side_reached_the_serve
ok return/seed_4242/the_return_cleared_the_net
ok return/seed_4242/a_return_the_opponent_played_is_a_hit
ok return/seed_4242/and_pays_the_flat_played_back_tier_with_no_depth_bonus
ok return/seed_4242/and_measured_no_landing_to_bonus
ok return/seed_4242/the_opponent_volley_diagnosis_is_its_own_and_localized
ok return/seed_4242/no_swing_never_grades_a_return_in
ok return/seed_4242/no_swing_is_never_a_hit
ok return/seed_4242/a_non_return_still_closes_exactly_one_attempt
ok return/seed_4242/and_the_human_side_never_touched_the_serve
ok return/seed_4242/the_failure_diagnosis_resolves_in_italian
ok return/seed_4242/and_in_english
ok return/seed_7/the_human_side_reached_the_serve
ok return/seed_7/the_return_cleared_the_net
ok return/seed_7/a_return_the_opponent_played_is_a_hit
ok return/seed_7/and_pays_the_flat_played_back_tier_with_no_depth_bonus
ok return/seed_7/and_measured_no_landing_to_bonus
ok return/seed_7/the_opponent_volley_diagnosis_is_its_own_and_localized
ok return/seed_7/no_swing_never_grades_a_return_in
ok return/seed_7/no_swing_is_never_a_hit
ok return/seed_7/a_non_return_still_closes_exactly_one_attempt
ok return/seed_7/and_the_human_side_never_touched_the_serve
ok return/seed_7/the_failure_diagnosis_resolves_in_italian
ok return/seed_7/and_in_english
ok return/at_least_one_seed_graded_a_real_return_as_success
ok return/and_at_least_one_attempt_graded_a_non_return_as_failure
ok return/drive_seed_1234/the_opponent_volley_of_a_legal_drive_is_a_success
ok return/drive_seed_1234/the_accepted_volley_marks_the_return_as_cleared
ok return/drive_seed_1234/and_it_is_a_hit
ok return/drive_seed_1234/and_it_scores
ok return/drive_seed_1234/and_no_landing_was_measured_to_bonus
ok return/drive_seed_1234/the_engine_saw_the_human_contact_then_the_opponent_contact
# report drive regression: contact frame 257, opponent contact frame 327, verdict drillWhyReturnPlayed
ok return/a_net_return_is_not_a_hit
ok return/a_net_return_is_named_from_its_measured_outcome
ok return/an_out_return_is_not_a_hit
ok return/an_out_return_uses_the_engines_existing_out_message
# report grading: 3 of 3 scripted attempts returned in; 3 passive attempts failed
ok return/the_hud_wants_four_metrics
ok return/return/drillScore_is_populated
ok return/return/drillBest_is_populated
ok return/return/drillIn_is_populated
ok return/return/drillStreak_is_populated
ok return/the_metric_keys_are_the_references_own
ok return/every_metric_label_resolves_in_both_languages
ok return/every_return_diagnosis_resolves_in_both_languages
ok return/the_reference_names_are_still_the_generated_ones
ok return/an_id_no_table_knows_comes_back_as_the_id
ok return/an_unknown_locale_is_answered_by_the_fallback
# report metrics=[{ "key": "drillScore", "value": "0" }, { "key": "drillBest", "value": "0" }, { "key": "drillIn", "value": "0/0" }, { "key": "drillStreak", "value": "0" }]
ok return/no_record_before_the_first_run
ok return/the_return_record_is_written
ok return/and_the_serve_record_is_untouched
ok return/exactly_one_exercise_has_a_record
ok return/a_lower_score_is_not_written
ok return/and_the_record_stands
ok return/an_improvement_is_written
ok return/and_reads_back
ok return/the_store_carries_only_the_returns_own_record
ok return/and_nothing_was_written_for_the_reference_exercises
ok return/same_seed_same_diagnosis
ok return/same_seed_same_points
ok return/same_seed_same_hits
ok return/same_seed_same_attempt_length
ok return/reset_clears_the_contact_mark
ok return/reset_clears_the_cleared_net_mark
ok return/reset_clears_the_landing
ok return/reset_returns_to_the_ready_phase
PASS 103/103
