Godot Engine v4.7.2.stable.official.ed1daf0bf - https://godotengine.org

ok screen/the_router_registers_the_drill_screen
ok screen/the_router_mounts_it
ok screen/the_screen_is_active
ok screen/the_screen_declares_its_own_id
ok screen/the_declared_back_is_the_reference_return
ok screen/the_hub_offers_the_whole_catalog
ok screen/in_the_catalog_order
ok screen/the_family_technique_is_named
ok screen/precision_has_a_card
ok screen/precision_shows_its_DrillText_name
ok screen/smash_has_a_card
ok screen/smash_shows_its_DrillText_name
ok screen/serve_has_a_card
ok screen/serve_shows_its_DrillText_name
ok screen/the_family_defence_is_named
ok screen/rally_has_a_card
ok screen/rally_shows_its_DrillText_name
ok screen/return_has_a_card
ok screen/return_shows_its_DrillText_name
ok screen/glass_recovery_has_a_card
ok screen/glass_recovery_shows_its_DrillText_name
ok screen/the_family_match_play_is_named
ok screen/net_play_has_a_card
ok screen/net_play_shows_its_DrillText_name
ok screen/doubles_tactics_has_a_card
ok screen/doubles_tactics_shows_its_DrillText_name
ok screen/every_catalog_exercise_has_exactly_one_card
ok screen/the_cards_are_grouped_into_three_families
ok screen/a_challenge_can_be_selected
ok screen/the_panel_names_the_selection
ok screen/the_panel_shows_the_goal
ok screen/the_panel_shows_the_success
ok screen/the_panel_shows_the_scores
ok screen/the_panel_lists_the_controls
ok screen/the_panel_shows_the_run_length
ok screen/the_run_length_is_the_objective's
ok screen/the_controls_are_the_model's_rows
ok screen/the_challenge_record_is_the_bounded_one
ok screen/the_legacy_record_is_shown_separately
ok screen/and_keyed_by_difficulty_and_run_length
ok screen/both_numbers_are_painted
ok screen/another_difficulty_is_another_record
ok screen/the_difficulty_row_moves
ok screen/the_choice_is_the_screen's
ok screen/the_choice_reaches_the_payload
ok screen/and_writes_no_preference
ok screen/the_seed_is_one_of_the_references_four
ok screen/start_names_the_drill
ok screen/start_carries_the_exercise
ok screen/start_carries_the_difficulty
ok screen/start_is_granted_in_a_full_build
ok screen/start_writes_the_pending_exercise
ok screen/start_writes_the_transient_difficulty
ok screen/start_writes_the_route_back_to_this_hub
ok screen/precision_is_focusable
ok screen/smash_is_focusable
ok screen/rally_is_focusable
ok screen/serve_is_focusable
ok screen/return_is_focusable
ok screen/glass_recovery_is_focusable
ok screen/net_play_is_focusable
ok screen/doubles_tactics_is_focusable
ok screen/the_start_action_is_focusable
ok screen/the_table_has_a_second_locale
ok screen/a_language_flip_moves_every_card
ok screen/and_the_detail_panel
ok screen/every_control_is_inside_1280x720
ok screen/every_button_shows_its_whole_label_at_1280x720
PASS 68/68
