Godot Engine v4.7.2.stable.official.ed1daf0bf - https://godotengine.org

ok history/the_router_still_carries_thirteen_ids
ok history/all_thirteen_slots_register
ok history/the_scene_registers_under_the_history_id
ok history/go_to_mounts_the_screen
ok history/the_mounted_scene_carries_HistoryScreen_gd
ok history/the_scene_mounts_the_theme
ok history/the_screen_reads_the_temp_store
ok history/the_screen_reports_its_own_id
ok history/the_declared_return_is_the_router_table_s
ok history/the_screen_kept_the_router_fact
ok history/the_two_declared_capture_states
ok history/an_undeclared_capture_state_is_refused
ok history/an_empty_store_shows_no_rows
ok history/the_three_boxes_read_zero
ok history/the_boxes_carry_the_reference_s_own_labels
ok history/the_empty_state_is_a_row_of_its_own
ok history/and_it_is_the_reference_s_own_line
ok history/three_recorded_matches_are_three_rows
ok history/the_newest_entry_is_the_first_row
ok history/the_boxes_are_the_adapter_s_own_counts
ok history/the_first_row_exists
ok history/the_composed_separator_is_the_locale_lane_s_own
FAIL history/the_mode_line_is_mode_plus_vs_plus_the_resolved_opponent: expected "Carriera vs Rivale del Circuito", got "Carriera · Co-op vs Rivale del Circuito"
ok history/and_it_carries_the_reference_s_vs_word
ok history/the_second_line_is_the_athlete_and_the_arena
ok history/the_score_is_the_entry_s_own
ok history/the_date_is_dd_slash_mm_in_utc
ok history/a_player_win_carries_the_win_badge
ok history/a_pvp_entry_carries_its_human_mode_suffix
ok history/and_its_own_mode_word
ok history/an_athlete_opponent_resolves_through_the_athlete_family
ok history/the_store_keeps_the_reference_s_twenty
ok history/the_cap_is_the_schema_s_own_constant
ok history/and_the_screen_renders_every_entry_it_is_given
# report cap: recorded 29, stored 20, rendered 20
ok history/refreshing_and_walking_the_states_rewrote_nothing
ok history/the_screen_source_names_no_writer
ok history/the_first_box_label_is_the_locale_text
ok history/the_english_box_label_differs
ok history/and_the_mode_line_is_re_rendered
ok history/the_title_follows_the_language
ok history/the_flip_back_restores_the_first_text
ok history/the_empty_state_applies
ok history/and_hides_the_rows
ok history/and_shows_the_empty_line
ok history/the_populated_state_applies
ok history/and_restores_the_store_s_own_rows
# report 1280x720: widest=720.0 stats=720.0 list=720.0
ok history/nothing_is_wider_than_the_frame
ok history/the_boxes_stay_inside_the_reference_s_720px
ok history/the_list_stays_inside_it_too
# report 1024x600: widest=720.0 stats=720.0 list=720.0
ok history/nothing_is_wider_than_the_small_frame
ok history/the_literal_scan_flags_prose_and_ignores_developer_text
ok history/the_screen_source_is_readable
ok history/HistoryScreen_gd_carries_no_prose_literal
ok history/the_scene_carries_no_literals
ok history/the_theme_carries_every_palette_key_the_screen_names
ok history/the_screen_recorded_no_missing_palette_key
# report temp store: user://uir14-history-audit (20 entries) — the real user:// profile was never written
FAIL 55/56
FAIL 55/56
# first failure FAIL history/the_mode_line_is_mode_plus_vs_plus_the_resolved_opponent: expected "Carriera vs Rivale del Circuito", got "Carriera · Co-op vs Rivale del Circuito"
# first failure FAIL history/the_mode_line_is_mode_plus_vs_plus_the_resolved_opponent: expected "Carriera vs Rivale del Circuito", got "Carriera · Co-op vs Rivale del Circuito"
