Godot Engine v4.7.2.stable.official.ed1daf0bf - https://godotengine.org

ok profile/the_router_still_carries_thirteen_ids
ok profile/all_thirteen_slots_register
ok profile/the_scene_registers_under_the_profile_id
ok profile/go_to_mounts_the_screen
ok profile/the_mounted_scene_carries_ProfileScreen_gd
ok profile/the_scene_mounts_the_theme
ok profile/the_screen_reads_the_temp_store
ok profile/the_screen_reports_its_own_id
ok profile/the_declared_return_is_the_router_table_s
ok profile/the_screen_kept_the_router_fact
ok profile/the_three_declared_capture_states
ok profile/an_undeclared_capture_state_is_refused
ok profile/the_constructed_career_is_the_one_in_the_store
ok profile/the_reference_shows_four_boxes
ok profile/the_wins_box_is_the_career_s_own
ok profile/the_wins_box_is_the_adapter_s_own
ok profile/the_trophies_box_is_the_career_s_own
ok profile/the_trophies_box_matches_the_adapter
ok profile/the_stars_box_is_the_career_s_own
ok profile/the_stars_box_matches_the_adapter
ok profile/the_win_rate_is_seventy_per_cent_for_seven_of_ten
ok profile/and_it_is_the_adapter_s_own_rounding
ok profile/the_first_box_label_is_the_reference_s
ok profile/the_second_box_label_is_the_reference_s
ok profile/the_third_box_label_is_the_reference_s
ok profile/the_fourth_box_label_is_the_reference_s
ok profile/the_list_is_the_adapter_s_own_row_count
ok profile/a_fresh_season_has_objectives
ok profile/the_first_target_is_the_adapter_s
ok profile/the_first_progress_is_the_adapter_s
ok profile/the_first_objective_row_exists
ok profile/the_check_column_is_the_reference_s_own_glyph
ok profile/the_progress_column_is_progress_slash_target
ok profile/the_label_is_the_objective_s_own_key_with_its_target
ok profile/the_category_column_follows_the_adapter_s_status
ok profile/the_unlock_summary_line_exists
ok profile/the_summary_line_is_the_adapter_s_own_count
ok profile/the_unlock_button_exists
ok profile/and_it_carries_the_reference_s_own_word
ok profile/the_button_uses_the_secondary_variation
ok profile/the_empty_objectives_state_applies
ok profile/and_the_list_shows_the_empty_line
ok profile/which_is_the_reference_s_own_sentence
ok profile/and_no_objective_row_is_left
ok profile/the_default_state_applies
ok profile/and_the_live_rows_come_back
ERROR: ProfileScreen.route_action: 'nope' is not one of this screen's actions
   at: push_error (core/variant/variant_utility.cpp:1023)
   GDScript backtrace (most recent call first):
       [0] route_action (res://src/ui/screens/ProfileScreen.gd:219)
       [1] _route (res://tests/ui/screen_profile_audit.gd:229)
       [2] _run (res://tests/ui/screen_profile_audit.gd:97)
       [3] _mount (res://tests/ui/screen_profile_audit.gd:133)
ok profile/an_unknown_action_is_refused
ok profile/the_unlock_button_s_route_lands
ok profile/and_the_router_moved_to_challenges
ok profile/the_audit_returns_to_the_profile
ok profile/the_unlock_button_is_a_registered_focusable
ok profile/the_back_control_is_registered
ok profile/the_bridge_reads_every_registered_control
ok profile/the_seasons_label_is_the_locale_text
ok profile/the_english_seasons_label_differs
ok profile/the_title_follows_the_language
ok profile/the_flip_back_restores_the_first_text
ok profile/all_three_declared_states_apply
ok profile/the_mid_season_state_applies
ok profile/mid_season_has_at_least_one_met_objective
ok profile/and_at_least_one_still_open
# report mid-season: 1 done, 2 open
ok profile/the_default_state_applies_again
# report 1280x720: widest=1264.0 columns=4
ok profile/nothing_is_wider_than_the_frame
ok profile/the_four_boxes_sit_in_one_row_at_1280
ok profile/the_objectives_box_stays_inside_the_frame
ok profile/the_unlocks_box_stays_inside_the_frame
# report 1024x600: widest=1008.0 columns=4
ok profile/nothing_is_wider_than_the_small_frame
ok profile/the_boxes_refold_inside_the_small_frame
ok profile/the_literal_scan_flags_prose_and_ignores_developer_text
ok profile/the_screen_source_is_readable
ok profile/ProfileScreen_gd_carries_no_prose_literal
ok profile/the_scene_carries_no_literals
ok profile/the_theme_carries_every_palette_key_the_screen_names
ok profile/the_screen_recorded_no_missing_palette_key
# report temp store: user://uir16-profile-audit — the real user:// profile was never written
PASS 74/74
