BAL /balance 200 {'balance': 3060}
loaded volpe-front.png 1492578
loaded volpe-side.png 1678139
loaded volpe-back.png 1746334
loaded volpe-45.png 1772391
CREATE 202 {"result": "01a0a77f-097d-7091-80b0-e904b7d93ecb"}
POLL 0 status=IN_PROGRESS progress=1
POLL 1 status=IN_PROGRESS progress=1
POLL 2 status=IN_PROGRESS progress=1
POLL 3 status=IN_PROGRESS progress=1
POLL 4 status=IN_PROGRESS progress=1
POLL 5 status=IN_PROGRESS progress=1
POLL 6 status=IN_PROGRESS progress=1
POLL 7 status=IN_PROGRESS progress=1
POLL 8 status=IN_PROGRESS progress=9
POLL 9 status=IN_PROGRESS progress=33
POLL 10 status=IN_PROGRESS progress=52
POLL 11 status=IN_PROGRESS progress=52
POLL 12 status=IN_PROGRESS progress=70
POLL 13 status=IN_PROGRESS progress=70
POLL 14 status=IN_PROGRESS progress=70
POLL 15 status=IN_PROGRESS progress=70
POLL 16 status=IN_PROGRESS progress=70
POLL 17 status=IN_PROGRESS progress=70
POLL 18 status=IN_PROGRESS progress=70
POLL 19 status=IN_PROGRESS progress=70
POLL 20 status=IN_PROGRESS progress=70
POLL 21 status=IN_PROGRESS progress=70
POLL 22 status=IN_PROGRESS progress=70
POLL 23 status=IN_PROGRESS progress=70
POLL 24 status=IN_PROGRESS progress=70
POLL 25 status=IN_PROGRESS progress=70
POLL 26 status=IN_PROGRESS progress=70
POLL 27 status=IN_PROGRESS progress=70
POLL 28 status=IN_PROGRESS progress=70
POLL 29 status=IN_PROGRESS progress=70
POLL 30 status=IN_PROGRESS progress=72
POLL 31 status=IN_PROGRESS progress=77
POLL 32 status=IN_PROGRESS progress=95
POLL 33 status=IN_PROGRESS progress=99
POLL 34 status=IN_PROGRESS progress=99
POLL 35 status=IN_PROGRESS progress=99
POLL 36 status=IN_PROGRESS progress=99
POLL 37 status=IN_PROGRESS progress=99
POLL 38 status=IN_PROGRESS progress=99
POLL 39 status=IN_PROGRESS progress=99
POLL 40 status=SUCCEEDED progress=100
{
 "status": "SUCCEEDED",
 "progress": 100,
 "consumed_credits": 30,
 "model_urls": {
  "glb": "https://assets.meshy.ai/aafe693c-55ea-465a-9b37-2651c15b2a65/tasks/01a0a77f-097d-7091-80b0-e904b7d93ecb/output/model.glb?Expires=1789776351&Signature=Za2JL~9HA~ClJz9mJywz4u7MrJdfae1JARtBxcGAS5aVxx4yMVkrv2ixBioDQD6~aaq3fKHTZ2mc2Npn2EA9HYHG9Dth4Mas6ETEQ02TbeYW764DwZQAJtFS0mU~Y4x9suSq6sW~JylIhOohGBHIdHv1xn8yxBLf6vPHj~Xd3BhwX0pFPGO6Q5044IUuyXgIlkl-s5t37VCt394rwpuMRy~5iFfZUKmXFzHQ8qad1e35Qz4-ThNDTX4CJ3WsH5Duy9TD7--6PnniYlQBTG7s7lJg4k-DgYw5YqwLShBuFfWOnOiX8sSKnxTGBsoWbprVIQBa4TqoA~3bVReHOlDhYw__&Key-Pair-Id=K1VGYTHIYLM9UM",
  "fbx": "https://assets.meshy.ai/aafe693c-55ea-465a-9b37-2651c15b2a65/tasks/01a0a77f-097d-7091-80b0-e904b7d93ecb/output/model.fbx?Expires=1789776351&Signature=a9HMxSMtN8fwY9vCiBfd~b7Sf7ZfVy7I3mmgQTxT4OyskYO6DxLWbCtnpwokjaIkry9xruy-Jobs686wAduGp9tEcEsE4~5ir4TfADM4pgHAPf0o1Tfyt4KDuEcQJ6ieLomksQxiCAzQkwv~BoYxHcdmqxfpvK-wWVvtovvb-IIj1qrPVCQ3HDgw0S~Yvmeqt9GLQEhy3P1A8FkCsb01s7oXkcpF1Zxz1LNoDvRmOQpbKu53qplPXuD68aMJOuaaIkqPpaN024K~IM3q4-SeziiQGdnTk1ZHJpwN5XTUEdQTLa9Jg3LLymTXEM-GwSKymIXL2iuHFg6kzsJ1Wa4xcA__&Key-Pair-Id=K1VGYTHIYLM9UM"
 },
 "task_error": null
}
