REMESH_CREATE https://api.meshy.ai/openapi/v2 404 "{\"message\":\"Not found\"}"
REMESH_CREATE https://api.meshy.ai/openapi/v1 202 {"result": "01a0a78d-cf8e-763e-9bc0-4d1513e0d0b5"}
REMESH_POLL 0 status=IN_PROGRESS progress=35
REMESH_POLL 1 status=IN_PROGRESS progress=60
REMESH_POLL 2 status=IN_PROGRESS progress=89
REMESH_POLL 3 status=IN_PROGRESS progress=90
REMESH_POLL 4 status=IN_PROGRESS progress=90
REMESH_POLL 5 status=IN_PROGRESS progress=90
REMESH_POLL 6 status=IN_PROGRESS progress=90
REMESH_POLL 7 status=IN_PROGRESS progress=90
REMESH_POLL 8 status=IN_PROGRESS progress=90
REMESH_POLL 9 status=IN_PROGRESS progress=90
REMESH_POLL 10 status=IN_PROGRESS progress=90
REMESH_POLL 11 status=IN_PROGRESS progress=90
REMESH_POLL 12 status=IN_PROGRESS progress=90
REMESH_POLL 13 status=SUCCEEDED progress=100
{
 "status": "SUCCEEDED",
 "progress": 100,
 "consumed_credits": 5,
 "model_urls": {
  "glb": "https://assets.meshy.ai/aafe693c-55ea-465a-9b37-2651c15b2a65/tasks/01a0a78d-cf8e-763e-9bc0-4d1513e0d0b5/output/model.glb?Expires=1789776885&Signature=dEb9AWqrHykW6J5oUoSlv9PTnY8D6qMvVhp~qfRn-OhjP4QJD~-yRMx4dxyy~jfYqDqx8FbNRkQeO37a6ab8PT2-Czo3l3Fm~NL2G5TkczB6Od56RoaAfVuvz2ZL7o79dB7m3jIEJC39BnY4oYpZhclK-q6wddWwhBD6IthRHw~~kVbcU~uGL40K-jWLw5W-zd23BpOg8-bEEOb0tqO4msBnQTxj42ycZorRA4I698HnSt8JYU-Y-6JqnIOdchRwn-pfYJ0bM-2Qo3lefWs-i3Naj-hOQuOpvHmYHsCaBoXJK7TanQFjs1r~b6NX~Xfc9iYhIdap3sH4u~4UwqKPZQ__&Key-Pair-Id=K1VGYTHIYLM9UM"
 },
 "task_error": null
}
