Godot Engine v4.7.2.stable.official.ed1daf0bf - https://godotengine.org

# content_filter_audit — build=full
ok full: the roster lists every athlete
ok full: the arenas list every arena
ok full: every mode is listed
ok full: no difficulty is imposed
ok full: nothing is locked
ok full: nothing is locked
ok full: nothing is locked
ok listed athlete is inside the demo's set or this is the full build: maestro
ok listed athlete is inside the demo's set or this is the full build: pantera
ok listed athlete is inside the demo's set or this is the full build: steamer
ok listed athlete is inside the demo's set or this is the full build: fiamma
ok listed athlete is inside the demo's set or this is the full build: oracolo
ok listed athlete is inside the demo's set or this is the full build: colosso
ok there is an athlete outside the demo's set to reason about
ok filter with the demo's list: excluded in a demo, kept in a full build
ok the same item is not locked when the allowed set grants it
ok filter with the full list keeps it in the list
ok and the lock answer still follows the demo set and the build flag
ok lock answer depends on the allowed set, and only in a demo does it differ
ok empty allowed list: nothing in a demo, everything in a full build
PASS 20/20
