Godot Engine v4.7.2.stable.official.ed1daf0bf - https://godotengine.org

# demo_audit — build=full (demo feature tag: false)
ok every declared demo athlete exists in ATHLETES
ok every declared demo arena exists in ARENAS
ok the demo declares exactly two athletes
ok the demo declares exactly one arena
ok demo athlete carries no unlock: maestro
ok demo athlete carries no unlock: steamer
ok demo arena carries no unlock: clockwork
ok demo athletes differ on control (0.3200 >= 0.2500)
ok demo athletes differ on power (0.3000 >= 0.2500)
ok the demo grants the widest control+power pair among athletes it could grant
ok the demo's first athlete is the eligible control extreme
ok the demo's second athlete is the eligible power extreme
ok balance key the demo's difficulty needs exists: smashMinHeight
ok balance key the demo's difficulty needs exists: smashX2MinQuality
ok balance key the demo's difficulty needs exists: smashX3MinQuality
ok balance key the demo's difficulty needs exists: cutVolleyMinQuality
ok balance key the demo's difficulty needs exists: globoMinQuality
ok balance key the demo's difficulty needs exists: tightAngleReachGain
ok balance key the demo's difficulty needs exists: viboraNetWindow
ok the demo exposes only the quick match mode
ok the demo runs the fixed medium difficulty
ok the reference menu's full mode set is known
ok full build: the filter is a no-op on the roster
ok full build: the filter is a no-op on the arenas
ok full build: every mode is listed
ok at least one athlete is outside the demo (4)
ok at least one arena is outside the demo (8)
ok lock answer outside the set equals the demo flag: pantera
ok lock answer outside the set equals the demo flag: fiamma
ok lock answer outside the set equals the demo flag: oracolo
ok lock answer outside the set equals the demo flag: colosso
ok a granted athlete is never locked: maestro
ok a granted athlete is never locked: steamer
ok lock answer outside the set equals the demo flag: officina
ok lock answer outside the set equals the demo flag: locomotive
ok lock answer outside the set equals the demo flag: cattedrale
ok lock answer outside the set equals the demo flag: forgia
ok lock answer outside the set equals the demo flag: tempesta
ok lock answer outside the set equals the demo flag: abissale
ok lock answer outside the set equals the demo flag: caldera
ok lock answer outside the set equals the demo flag: orrery
ok a granted arena is never locked: clockwork
ok the demo declares that outfit challenges count here
ok challenge outfits the demo grants (8.0000 >= 6.0000)
ok demo athlete has challenge outfits: maestro
ok demo athlete has challenge outfits: steamer
PASS 46/46
