Godot Engine v4.7.2.stable.official.ed1daf0bf - https://godotengine.org

[   0% ] [90m[1mfirst_scan_filesystem[22m | Started Project initialization (5 steps)[39m[0m
[   0% ] [90m[1mfirst_scan_filesystem[22m | Scanning file structure...[39m[0m
WARNING: Detected another project.godot at res://prototypes/render_probe. The folder will be ignored.
     at: _should_skip_directory (editor/file_system/editor_file_system.cpp:3497)
[  16% ] [90m[1mfirst_scan_filesystem[22m | Loading global class names...[39m[0m
[  33% ] [90m[1mfirst_scan_filesystem[22m | Verifying GDExtensions...[39m[0m
[  50% ] [90m[1mfirst_scan_filesystem[22m | Creating autoload scripts...[39m[0m
[  66% ] [90m[1mfirst_scan_filesystem[22m | Initializing plugins...[39m[0m
[  83% ] [90m[1mfirst_scan_filesystem[22m | Starting file scan...[39m[0m
[92m[ DONE ][39m [1mfirst_scan_filesystem[22m
[0m
[   0% ] [90m[1msavepack[22m | Started Packing (102 steps)[39m[0m
[   1% ] [90m[1msavepack[22m | Storing File: res://.godot/imported/strong-outfit-a.png-fe65e3ad46d2de8c9299620bf237232c.ctex[39m[0m
[   1% ] [90m[1msavepack[22m | Storing File: res://assets/athletes/outfits/strong-outfit-a.png.import[39m[0m
[   1% ] [90m[1msavepack[22m | Storing File: res://.godot/imported/strong-outfit-b.png-a5d1dee221eef1ea7029d76c4dac23c2.ctex[39m[0m
[   1% ] [90m[1msavepack[22m | Storing File: res://assets/athletes/outfits/strong-outfit-b.png.import[39m[0m
[   1% ] [90m[1msavepack[22m | Storing File: res://.godot/imported/weak-outfit-a.png-3f93bb2ddc9029bec90277c32c9e66fc.ctex[39m[0m
[   1% ] [90m[1msavepack[22m | Storing File: res://assets/athletes/outfits/weak-outfit-a.png.import[39m[0m
[   2% ] [90m[1msavepack[22m | Storing File: res://.godot/imported/weak-outfit-b.png-ad2556be086359d328c87129c43db1c7.ctex[39m[0m
[   2% ] [90m[1msavepack[22m | Storing File: res://assets/athletes/outfits/weak-outfit-b.png.import[39m[0m
[   2% ] [90m[1msavepack[22m | Storing File: res://assets/athletes/reference_catalogue.json[39m[0m
[   3% ] [90m[1msavepack[22m | Storing File: res://.godot/imported/volpe-rigged.glb-b1b72c753b5dd7c1f057b63b59e3aa9c.scn[39m[0m
[   3% ] [90m[1msavepack[22m | Storing File: res://assets/athletes/volpe-rigged.glb.import[39m[0m
[   3% ] [90m[1msavepack[22m | Storing File: res://.godot/imported/volpe-rigged_texture_0.png-d9ff0d1c954230f6e5ca068ea6fa13d6.ctex[39m[0m
[   3% ] [90m[1msavepack[22m | Storing File: res://assets/athletes/volpe-rigged_texture_0.png.import[39m[0m
[   4% ] [90m[1msavepack[22m | Storing File: res://.godot/imported/volpe-running.glb-f325f25bc87f79ea212159c02530d41d.scn[39m[0m
[   4% ] [90m[1msavepack[22m | Storing File: res://assets/athletes/volpe-running.glb.import[39m[0m
[   4% ] [90m[1msavepack[22m | Storing File: res://.godot/imported/volpe-running_texture_0.png-f2f7c87980158421232b3b03e896ff07.ctex[39m[0m
[   4% ] [90m[1msavepack[22m | Storing File: res://assets/athletes/volpe-running_texture_0.png.import[39m[0m
[   5% ] [90m[1msavepack[22m | Storing File: res://.godot/imported/volpe-walking.glb-e967d78df745e5514dca5859660b69ef.scn[39m[0m
[   5% ] [90m[1msavepack[22m | Storing File: res://assets/athletes/volpe-walking.glb.import[39m[0m
[   5% ] [90m[1msavepack[22m | Storing File: res://.godot/imported/volpe-walking_texture_0.png-45ed1fe24e2c185228c52ec5207cd15a.ctex[39m[0m
[   5% ] [90m[1msavepack[22m | Storing File: res://assets/athletes/volpe-walking_texture_0.png.import[39m[0m
[   6% ] [90m[1msavepack[22m | Storing File: res://.godot/imported/bounce.wav-e8efea040633da180f39debb9ec52a73.sample[39m[0m
[   6% ] [90m[1msavepack[22m | Storing File: res://assets/audio/bounce.wav.import[39m[0m
[   6% ] [90m[1msavepack[22m | Storing File: res://.godot/imported/defeat.wav-2c373cdad262b5fb9203b05423989caa.sample[39m[0m
[   6% ] [90m[1msavepack[22m | Storing File: res://assets/audio/defeat.wav.import[39m[0m
[   7% ] [90m[1msavepack[22m | Storing File: res://.godot/imported/hit.wav-96dc477cdf4a42f381370dba6e3f75ce.sample[39m[0m
[   7% ] [90m[1msavepack[22m | Storing File: res://assets/audio/hit.wav.import[39m[0m
[   7% ] [90m[1msavepack[22m | Storing File: res://.godot/imported/net.wav-bb9d5e5fa95b35ebea865edce900d888.sample[39m[0m
[   7% ] [90m[1msavepack[22m | Storing File: res://assets/audio/net.wav.import[39m[0m
[   7% ] [90m[1msavepack[22m | Storing File: res://.godot/exported/133200997/export-4003c7a613ef8e1b6cf68a4b5b825b3d-padel_audio_bus.res[39m[0m
[   8% ] [90m[1msavepack[22m | Storing File: res://.godot/imported/point-loss.wav-ca12b6281a815793d77fa0807d59aafb.sample[39m[0m
[   8% ] [90m[1msavepack[22m | Storing File: res://assets/audio/point-loss.wav.import[39m[0m
[   8% ] [90m[1msavepack[22m | Storing File: res://.godot/imported/point-win.wav-fae7ebaa6ab77cac4cb006f685955770.sample[39m[0m
[   8% ] [90m[1msavepack[22m | Storing File: res://assets/audio/point-win.wav.import[39m[0m
[   9% ] [90m[1msavepack[22m | Storing File: res://.godot/imported/serve.wav-b7155b0a153a2ca577c6f2a2d2424692.sample[39m[0m
[   9% ] [90m[1msavepack[22m | Storing File: res://assets/audio/serve.wav.import[39m[0m
[   9% ] [90m[1msavepack[22m | Storing File: res://.godot/imported/special.wav-41b17eb637aa6c9fc2ec4780bda79129.sample[39m[0m
[   9% ] [90m[1msavepack[22m | Storing File: res://assets/audio/special.wav.import[39m[0m
[  10% ] [90m[1msavepack[22m | Storing File: res://.godot/imported/victory.wav-d893d32ad919f27e15cf04d35e288b78.sample[39m[0m
[  10% ] [90m[1msavepack[22m | Storing File: res://assets/audio/victory.wav.import[39m[0m
[  10% ] [90m[1msavepack[22m | Storing File: res://.godot/imported/wall.wav-f3135cb3300355d0b2d87c297b336cab.sample[39m[0m
[  10% ] [90m[1msavepack[22m | Storing File: res://assets/audio/wall.wav.import[39m[0m
[  11% ] [90m[1msavepack[22m | Storing File: res://.godot/imported/bastione-tempesta.webp-9a9a58d5a47003ea16034c7b163d6ea4.ctex[39m[0m
[  11% ] [90m[1msavepack[22m | Storing File: res://game/arenas/art/bastione-tempesta.webp.import[39m[0m
[  11% ] [90m[1msavepack[22m | Storing File: res://.godot/imported/caldera-titano.webp-955800c4e32c967b775bd97eee38a760.ctex[39m[0m
[  11% ] [90m[1msavepack[22m | Storing File: res://game/arenas/art/caldera-titano.webp.import[39m[0m
[  12% ] [90m[1msavepack[22m | Storing File: res://.godot/imported/orrery-celeste.webp-d3b369584e11f97c97c73d9ffc88a8fd.ctex[39m[0m
[  12% ] [90m[1msavepack[22m | Storing File: res://game/arenas/art/orrery-celeste.webp.import[39m[0m
[  12% ] [90m[1msavepack[22m | Storing File: res://.godot/imported/santuario-abissale.webp-a9a3a5c03bd21366a3ee999eb8f2d2b2.ctex[39m[0m
[  12% ] [90m[1msavepack[22m | Storing File: res://game/arenas/art/santuario-abissale.webp.import[39m[0m
[  13% ] [90m[1msavepack[22m | Storing File: res://game/arenas/arena_library.gdc[39m[0m
[  13% ] [90m[1msavepack[22m | Storing File: res://game/arenas/arena_scenery.gdc[39m[0m
[  13% ] [90m[1msavepack[22m | Storing File: res://game/arenas/arena_style.gdc[39m[0m
[  14% ] [90m[1msavepack[22m | Storing File: res://game/arenas/court_builder.gdc[39m[0m
[  14% ] [90m[1msavepack[22m | Storing File: res://.godot/imported/hud.png-33d241a1c1689d85f68838d6a961b27e.ctex[39m[0m
[  14% ] [90m[1msavepack[22m | Storing File: res://game/out/hud.png.import[39m[0m
[  15% ] [90m[1msavepack[22m | Storing File: res://.godot/imported/menu.png-92ec3f7e59df3a4e595882557c15f76b.ctex[39m[0m
[  15% ] [90m[1msavepack[22m | Storing File: res://game/out/menu.png.import[39m[0m
[  15% ] [90m[1msavepack[22m | Storing File: res://.godot/imported/quickmatch-serve.png-ff3cae8cb02c4ef8d93b03e051376b3f.ctex[39m[0m
[  15% ] [90m[1msavepack[22m | Storing File: res://game/out/quickmatch-serve.png.import[39m[0m
[  16% ] [90m[1msavepack[22m | Storing File: res://.godot/imported/rally.png-0c50a6178da5a585fe749598f0854846.ctex[39m[0m
[  16% ] [90m[1msavepack[22m | Storing File: res://game/out/rally.png.import[39m[0m
[  16% ] [90m[1msavepack[22m | Storing File: res://.godot/imported/result.png-749add42c99502afabfc0a9869ac7997.ctex[39m[0m
[  16% ] [90m[1msavepack[22m | Storing File: res://game/out/result.png.import[39m[0m
[  17% ] [90m[1msavepack[22m | Storing File: res://game/tools/arena_probe.gdc[39m[0m
[  17% ] [90m[1msavepack[22m | Storing File: res://game/tools/dump_input_events.gdc[39m[0m
[  18% ] [90m[1msavepack[22m | Storing File: res://game/tools/dump_ui_defaults.gdc[39m[0m
[  18% ] [90m[1msavepack[22m | Storing File: res://game/tools/hud_probe.gdc[39m[0m
[  19% ] [90m[1msavepack[22m | Storing File: res://game/tools/ready_probe.gdc[39m[0m
[  19% ] [90m[1msavepack[22m | Storing File: res://game/court.gdc[39m[0m
[  19% ] [90m[1msavepack[22m | Storing File: res://game/hud.gdc[39m[0m
[  20% ] [90m[1msavepack[22m | Storing File: res://game/input_map.gdc[39m[0m
[  20% ] [90m[1msavepack[22m | Storing File: res://.godot/exported/133200997/export-ca068d985c42e5137664f3730d9b0512-Main.scn[39m[0m
[  21% ] [90m[1msavepack[22m | Storing File: res://game/main_menu.gdc[39m[0m
[  21% ] [90m[1msavepack[22m | Storing File: res://.godot/exported/133200997/export-00df7d6066297e608a3070277f31aade-Match.scn[39m[0m
[  22% ] [90m[1msavepack[22m | Storing File: res://game/match_audio.gdc[39m[0m
[  22% ] [90m[1msavepack[22m | Storing File: res://game/match_config.gdc[39m[0m
[  23% ] [90m[1msavepack[22m | Storing File: res://game/match_controller.gdc[39m[0m
[  23% ] [90m[1msavepack[22m | Storing File: res://game/scripted_player.gdc[39m[0m
[  24% ] [90m[1msavepack[22m | Storing File: res://src/accessibility/accessibility_settings.gdc[39m[0m
[  24% ] [90m[1msavepack[22m | Storing File: res://src/audio/audio_port.gdc[39m[0m
[  25% ] [90m[1msavepack[22m | Storing File: res://src/audio/event_map.json[39m[0m
[  25% ] [90m[1msavepack[22m | Storing File: res://src/audits/audit_base.gdc[39m[0m
[  26% ] [90m[1msavepack[22m | Storing File: res://src/audits/audit_support.gdc[39m[0m
[  26% ] [90m[1msavepack[22m | Storing File: res://.godot/imported/anim_drive_f0_1280x720.png-0835bbe8d6a3f7512b85d838aceec382.ctex[39m[0m
[  26% ] [90m[1msavepack[22m | Storing File: res://src/character/out/anim_drive_f0_1280x720.png.import[39m[0m
[  26% ] [90m[1msavepack[22m | Storing File: res://.godot/imported/anim_drive_f1_1280x720.png-c5541030a2c6dedadc1ea3ab85fec710.ctex[39m[0m
[  26% ] [90m[1msavepack[22m | Storing File: res://src/character/out/anim_drive_f1_1280x720.png.import[39m[0m
[  27% ] [90m[1msavepack[22m | Storing File: res://.godot/imported/anim_drive_f2_1280x720.png-58387392810f89a5a7f0689e5f0a1e73.ctex[39m[0m
[  27% ] [90m[1msavepack[22m | Storing File: res://src/character/out/anim_drive_f2_1280x720.png.import[39m[0m
[  27% ] [90m[1msavepack[22m | Storing File: res://.godot/imported/anim_drive_f3_1280x720.png-f6cf459d1682e090ae2429d466257e5f.ctex[39m[0m
[  27% ] [90m[1msavepack[22m | Storing File: res://src/character/out/anim_drive_f3_1280x720.png.import[39m[0m
[  28% ] [90m[1msavepack[22m | Storing File: res://.godot/imported/anim_drive_f4_1280x720.png-c8fe26514d3d235cd8ab800ed53dac31.ctex[39m[0m
[  28% ] [90m[1msavepack[22m | Storing File: res://src/character/out/anim_drive_f4_1280x720.png.import[39m[0m
[  28% ] [90m[1msavepack[22m | Storing File: res://.godot/imported/anim_drive_f5_1280x720.png-1be5f7921e9ccbd3b073cc9476fc8ec4.ctex[39m[0m
[  28% ] [90m[1msavepack[22m | Storing File: res://src/character/out/anim_drive_f5_1280x720.png.import[39m[0m
[  29% ] [90m[1msavepack[22m | Storing File: res://.godot/imported/anim_drive_f6_1280x720.png-157b756c3af1d4408bdc56c9ca9a8fa9.ctex[39m[0m
[  29% ] [90m[1msavepack[22m | Storing File: res://src/character/out/anim_drive_f6_1280x720.png.import[39m[0m
[  29% ] [90m[1msavepack[22m | Storing File: res://.godot/imported/anim_drive_f7_1280x720.png-9f386a482a04362a135c0bdfb734dcba.ctex[39m[0m
[  29% ] [90m[1msavepack[22m | Storing File: res://src/character/out/anim_drive_f7_1280x720.png.import[39m[0m
[  30% ] [90m[1msavepack[22m | Storing File: res://.godot/imported/anim_run_f0_1280x720.png-76c6a0fa51ba57ad5f82dfaf39170da2.ctex[39m[0m
[  30% ] [90m[1msavepack[22m | Storing File: res://src/character/out/anim_run_f0_1280x720.png.import[39m[0m
[  30% ] [90m[1msavepack[22m | Storing File: res://.godot/imported/anim_run_f1_1280x720.png-0c564b809c3f5298554d94df45de836c.ctex[39m[0m
[  30% ] [90m[1msavepack[22m | Storing File: res://src/character/out/anim_run_f1_1280x720.png.import[39m[0m
[  31% ] [90m[1msavepack[22m | Storing File: res://.godot/imported/anim_run_f2_1280x720.png-cb9a484b896c29ce70c56d5a1b61100a.ctex[39m[0m
[  31% ] [90m[1msavepack[22m | Storing File: res://src/character/out/anim_run_f2_1280x720.png.import[39m[0m
[  31% ] [90m[1msavepack[22m | Storing File: res://.godot/imported/anim_run_f3_1280x720.png-c48aebb9ef3ec679599c24b2d4da3a56.ctex[39m[0m
[  31% ] [90m[1msavepack[22m | Storing File: res://src/character/out/anim_run_f3_1280x720.png.import[39m[0m
[  32% ] [90m[1msavepack[22m | Storing File: res://.godot/imported/anim_run_f4_1280x720.png-f4a8d2661c92079c9f9d75c68999cc38.ctex[39m[0m
[  32% ] [90m[1msavepack[22m | Storing File: res://src/character/out/anim_run_f4_1280x720.png.import[39m[0m
[  32% ] [90m[1msavepack[22m | Storing File: res://.godot/imported/anim_run_f5_1280x720.png-51f0f84c5655abd730a56be064653888.ctex[39m[0m
[  32% ] [90m[1msavepack[22m | Storing File: res://src/character/out/anim_run_f5_1280x720.png.import[39m[0m
[  32% ] [90m[1msavepack[22m | Storing File: res://.godot/imported/anim_run_f6_1280x720.png-0abddab746559565bec1a3d92566b241.ctex[39m[0m
[  32% ] [90m[1msavepack[22m | Storing File: res://src/character/out/anim_run_f6_1280x720.png.import[39m[0m
[  33% ] [90m[1msavepack[22m | Storing File: res://.godot/imported/anim_run_f7_1280x720.png-220c2ade3aca900581ebcf412273e41f.ctex[39m[0m
[  33% ] [90m[1msavepack[22m | Storing File: res://src/character/out/anim_run_f7_1280x720.png.import[39m[0m
[  33% ] [90m[1msavepack[22m | Storing File: res://.godot/imported/arena_composition_1280x720.png-fac04312dbe104be5d29f4249c0ac35b.ctex[39m[0m
[  33% ] [90m[1msavepack[22m | Storing File: res://src/character/out/arena_composition_1280x720.png.import[39m[0m
[  33% ] [90m[1msavepack[22m | Storing File: res://.godot/imported/athlete_colosso_base_x0_512x512.png-0d757beeda335524c662b052983c0e95.ctex[39m[0m
[  33% ] [90m[1msavepack[22m | Storing File: res://src/character/out/athlete_colosso_base_x0_512x512.png.import[39m[0m
[  33% ] [90m[1msavepack[22m | Storing File: res://.godot/imported/athlete_fiamma_base_x0_512x512.png-29e2914d8f3518bb67a573a5e9691871.ctex[39m[0m
[  33% ] [90m[1msavepack[22m | Storing File: res://src/character/out/athlete_fiamma_base_x0_512x512.png.import[39m[0m
[  34% ] [90m[1msavepack[22m | Storing File: res://.godot/imported/athlete_maestro_base_x0_512x512.png-8a9a8b32793f855640fbabd575c6f314.ctex[39m[0m
[  34% ] [90m[1msavepack[22m | Storing File: res://src/character/out/athlete_maestro_base_x0_512x512.png.import[39m[0m
[  34% ] [90m[1msavepack[22m | Storing File: res://.godot/imported/athlete_oracolo_base_x0_512x512.png-9fb2542a63562f766d5e97c120075726.ctex[39m[0m
[  34% ] [90m[1msavepack[22m | Storing File: res://src/character/out/athlete_oracolo_base_x0_512x512.png.import[39m[0m
[  35% ] [90m[1msavepack[22m | Storing File: res://.godot/imported/athlete_pantera_base_x0_512x512.png-25f9779bc250714fb746e94233490364.ctex[39m[0m
[  35% ] [90m[1msavepack[22m | Storing File: res://src/character/out/athlete_pantera_base_x0_512x512.png.import[39m[0m
[  35% ] [90m[1msavepack[22m | Storing File: res://.godot/imported/athlete_steamer_base_x0_512x512.png-e67d5b2e66132f6ea45022bd6aac56ad.ctex[39m[0m
[  35% ] [90m[1msavepack[22m | Storing File: res://src/character/out/athlete_steamer_base_x0_512x512.png.import[39m[0m
[  36% ] [90m[1msavepack[22m | Storing File: res://.godot/imported/background_only_1280x720.png-e5ae18bed8f295f7b9a0d2a75ff433db.ctex[39m[0m
[  36% ] [90m[1msavepack[22m | Storing File: res://src/character/out/background_only_1280x720.png.import[39m[0m
[  36% ] [90m[1msavepack[22m | Storing File: res://.godot/imported/derived_anim_drive_strip.png-095e37e2660e44fce0f5bd33cb37a7fb.ctex[39m[0m
[  36% ] [90m[1msavepack[22m | Storing File: res://src/character/out/derived_anim_drive_strip.png.import[39m[0m
[  37% ] [90m[1msavepack[22m | Storing File: res://.godot/imported/derived_anim_run_strip.png-037ca03264f0ada9adfaea81d11a84d5.ctex[39m[0m
[  37% ] [90m[1msavepack[22m | Storing File: res://src/character/out/derived_anim_run_strip.png.import[39m[0m
[  37% ] [90m[1msavepack[22m | Storing File: res://.godot/imported/derived_glacier_vs_vermilion_amplified.png-1faecaafb9a18220cbb7614e0aecf88c.ctex[39m[0m
[  37% ] [90m[1msavepack[22m | Storing File: res://src/character/out/derived_glacier_vs_vermilion_amplified.png.import[39m[0m
[  37% ] [90m[1msavepack[22m | Storing File: res://src/character/out/derived_outfit_grid.json[39m[0m
[  38% ] [90m[1msavepack[22m | Storing File: res://.godot/imported/derived_outfit_grid.png-493e97bd112478cc2d05f43de36f3c8f.ctex[39m[0m
[  38% ] [90m[1msavepack[22m | Storing File: res://src/character/out/derived_outfit_grid.png.import[39m[0m
[  38% ] [90m[1msavepack[22m | Storing File: res://src/character/out/measure-coverage.json[39m[0m
[  39% ] [90m[1msavepack[22m | Storing File: res://src/character/out/measure-outfit-pixels.json[39m[0m
[  39% ] [90m[1msavepack[22m | Storing File: res://.godot/imported/outfit_base_x0_1280x720.png-eb9f7a890df6dba048165615bb04cd0b.ctex[39m[0m
[  39% ] [90m[1msavepack[22m | Storing File: res://src/character/out/outfit_base_x0_1280x720.png.import[39m[0m
[  40% ] [90m[1msavepack[22m | Storing File: res://.godot/imported/outfit_ember_x0_1280x720.png-d34b6081241622a4713bd21140ae977b.ctex[39m[0m
[  40% ] [90m[1msavepack[22m | Storing File: res://src/character/out/outfit_ember_x0_1280x720.png.import[39m[0m
[  40% ] [90m[1msavepack[22m | Storing File: res://.godot/imported/outfit_glacier_x0_1280x720.png-c36afc9b6b70b9a61017dc3a8f30ed57.ctex[39m[0m
[  40% ] [90m[1msavepack[22m | Storing File: res://src/character/out/outfit_glacier_x0_1280x720.png.import[39m[0m
[  41% ] [90m[1msavepack[22m | Storing File: res://.godot/imported/outfit_midnight_violet_x0_1280x720.png-d9881c31715eb2638c9a3f2d2428f081.ctex[39m[0m
[  41% ] [90m[1msavepack[22m | Storing File: res://src/character/out/outfit_midnight_violet_x0_1280x720.png.import[39m[0m
[  41% ] [90m[1msavepack[22m | Storing File: res://.godot/imported/outfit_vermilion_x0_1280x720.png-7abf7e3827a37d24d53498ed7a9524bc.ctex[39m[0m
[  41% ] [90m[1msavepack[22m | Storing File: res://src/character/out/outfit_vermilion_x0_1280x720.png.import[39m[0m
[  42% ] [90m[1msavepack[22m | Storing File: res://.godot/imported/pbrglb_outfit_base_x0_1280x720.png-adf05b4955b2c21790d3c12e6170e6b9.ctex[39m[0m
[  42% ] [90m[1msavepack[22m | Storing File: res://src/character/out/pbrglb_outfit_base_x0_1280x720.png.import[39m[0m
[  42% ] [90m[1msavepack[22m | Storing File: res://.godot/imported/pbrglb_outfit_glacier_x0_1280x720.png-5abbfe66641b675413387637db535c5c.ctex[39m[0m
[  42% ] [90m[1msavepack[22m | Storing File: res://src/character/out/pbrglb_outfit_glacier_x0_1280x720.png.import[39m[0m
[  43% ] [90m[1msavepack[22m | Storing File: res://.godot/imported/pbrglb_outfit_vermilion_x0_1280x720.png-2e6ba91cb1f75dd0302e8a236d23195b.ctex[39m[0m
[  43% ] [90m[1msavepack[22m | Storing File: res://src/character/out/pbrglb_outfit_vermilion_x0_1280x720.png.import[39m[0m
[  43% ] [90m[1msavepack[22m | Storing File: res://.godot/imported/roster_background_only_512x512.png-4c306f87c759ca48cba7feff3b925f44.ctex[39m[0m
[  43% ] [90m[1msavepack[22m | Storing File: res://src/character/out/roster_background_only_512x512.png.import[39m[0m
[  43% ] [90m[1msavepack[22m | Storing File: res://.godot/imported/roster_colosso_base_x0_512x512.png-728c7f8e612be5a1a8e9b2963403bd98.ctex[39m[0m
[  43% ] [90m[1msavepack[22m | Storing File: res://src/character/out/roster_colosso_base_x0_512x512.png.import[39m[0m
[  44% ] [90m[1msavepack[22m | Storing File: res://.godot/imported/roster_colosso_mythic_x0_512x512.png-6e394a4e54846c1f3bf9e93fae56f436.ctex[39m[0m
[  44% ] [90m[1msavepack[22m | Storing File: res://src/character/out/roster_colosso_mythic_x0_512x512.png.import[39m[0m
[  44% ] [90m[1msavepack[22m | Storing File: res://.godot/imported/roster_colosso_signature_x0_512x512.png-9d95df5d693e6d2ec32f5747817f5508.ctex[39m[0m
[  44% ] [90m[1msavepack[22m | Storing File: res://src/character/out/roster_colosso_signature_x0_512x512.png.import[39m[0m
[  45% ] [90m[1msavepack[22m | Storing File: res://.godot/imported/roster_contact_sheet_512x512.png-8d708b400f20a901ceaeb7f0d44b08f5.ctex[39m[0m
[  45% ] [90m[1msavepack[22m | Storing File: res://src/character/out/roster_contact_sheet_512x512.png.import[39m[0m
[  45% ] [90m[1msavepack[22m | Storing File: res://.godot/imported/roster_fiamma_base_x0_512x512.png-82977ae74e8114dfaae353b3a78be225.ctex[39m[0m
[  45% ] [90m[1msavepack[22m | Storing File: res://src/character/out/roster_fiamma_base_x0_512x512.png.import[39m[0m
[  46% ] [90m[1msavepack[22m | Storing File: res://.godot/imported/roster_fiamma_circuit_x0_512x512.png-4a2a81b6e84438e92790120be0e0236d.ctex[39m[0m
[  46% ] [90m[1msavepack[22m | Storing File: res://src/character/out/roster_fiamma_circuit_x0_512x512.png.import[39m[0m
[  46% ] [90m[1msavepack[22m | Storing File: res://.godot/imported/roster_fiamma_legend_x0_512x512.png-5822a92c1973525c0b92770c7403e85b.ctex[39m[0m
[  46% ] [90m[1msavepack[22m | Storing File: res://src/character/out/roster_fiamma_legend_x0_512x512.png.import[39m[0m
[  47% ] [90m[1msavepack[22m | Storing File: res://.godot/imported/roster_fiamma_mythic_x0_512x512.png-03a02d07cf7afea26429f733576355fb.ctex[39m[0m
[  47% ] [90m[1msavepack[22m | Storing File: res://src/character/out/roster_fiamma_mythic_x0_512x512.png.import[39m[0m
[  47% ] [90m[1msavepack[22m | Storing File: res://.godot/imported/roster_fiamma_signature_x0_512x512.png-7b6779b6ef0bf1d1d837ab5bcef7f94e.ctex[39m[0m
[  47% ] [90m[1msavepack[22m | Storing File: res://src/character/out/roster_fiamma_signature_x0_512x512.png.import[39m[0m
[  48% ] [90m[1msavepack[22m | Storing File: res://.godot/imported/roster_maestro_base_x0_512x512.png-8e2d5710acb6a9d97d59517302ea4be1.ctex[39m[0m
[  48% ] [90m[1msavepack[22m | Storing File: res://src/character/out/roster_maestro_base_x0_512x512.png.import[39m[0m
[  48% ] [90m[1msavepack[22m | Storing File: res://.godot/imported/roster_maestro_circuit_x0_512x512.png-a486f2900baca85a102b20e7cd6a3cb8.ctex[39m[0m
[  48% ] [90m[1msavepack[22m | Storing File: res://src/character/out/roster_maestro_circuit_x0_512x512.png.import[39m[0m
[  49% ] [90m[1msavepack[22m | Storing File: res://.godot/imported/roster_maestro_legend_x0_512x512.png-d2f9c25a4a0ec92822f7b733cbd1e16f.ctex[39m[0m
[  49% ] [90m[1msavepack[22m | Storing File: res://src/character/out/roster_maestro_legend_x0_512x512.png.import[39m[0m
[  49% ] [90m[1msavepack[22m | Storing File: res://.godot/imported/roster_maestro_mythic_x0_512x512.png-9f6dbd168840f58e5ccddfdd36d45a1d.ctex[39m[0m
[  49% ] [90m[1msavepack[22m | Storing File: res://src/character/out/roster_maestro_mythic_x0_512x512.png.import[39m[0m
[  50% ] [90m[1msavepack[22m | Storing File: res://.godot/imported/roster_maestro_signature_x0_512x512.png-c58860651f9cdc750921060326450271.ctex[39m[0m
[  50% ] [90m[1msavepack[22m | Storing File: res://src/character/out/roster_maestro_signature_x0_512x512.png.import[39m[0m
[  50% ] [90m[1msavepack[22m | Storing File: res://src/character/out/roster_manifest_512x512.json[39m[0m
[  50% ] [90m[1msavepack[22m | Storing File: res://.godot/imported/roster_oracolo_base_x0_512x512.png-8734477e0a37083d5d890f82ac67b7e5.ctex[39m[0m
[  50% ] [90m[1msavepack[22m | Storing File: res://src/character/out/roster_oracolo_base_x0_512x512.png.import[39m[0m
[  51% ] [90m[1msavepack[22m | Storing File: res://.godot/imported/roster_oracolo_mythic_x0_512x512.png-7a3fc9c91716a91af8ba2f820746c48d.ctex[39m[0m
[  51% ] [90m[1msavepack[22m | Storing File: res://src/character/out/roster_oracolo_mythic_x0_512x512.png.import[39m[0m
[  51% ] [90m[1msavepack[22m | Storing File: res://.godot/imported/roster_oracolo_signature_x0_512x512.png-29dc1ed772cfa65fcc30de383e45ec0a.ctex[39m[0m
[  51% ] [90m[1msavepack[22m | Storing File: res://src/character/out/roster_oracolo_signature_x0_512x512.png.import[39m[0m
[  52% ] [90m[1msavepack[22m | Storing File: res://.godot/imported/roster_pantera_base_x0_512x512.png-dc70cd380fca65133f797e5dea936e4b.ctex[39m[0m
[  52% ] [90m[1msavepack[22m | Storing File: res://src/character/out/roster_pantera_base_x0_512x512.png.import[39m[0m
[  52% ] [90m[1msavepack[22m | Storing File: res://.godot/imported/roster_pantera_circuit_x0_512x512.png-37c9a9aa3eadd442c9318383c422edd1.ctex[39m[0m
[  52% ] [90m[1msavepack[22m | Storing File: res://src/character/out/roster_pantera_circuit_x0_512x512.png.import[39m[0m
[  53% ] [90m[1msavepack[22m | Storing File: res://.godot/imported/roster_pantera_legend_x0_512x512.png-20c862850876b56ced13aa0298429b1c.ctex[39m[0m
[  53% ] [90m[1msavepack[22m | Storing File: res://src/character/out/roster_pantera_legend_x0_512x512.png.import[39m[0m
[  53% ] [90m[1msavepack[22m | Storing File: res://.godot/imported/roster_pantera_mythic_x0_512x512.png-4a5b11f0772e7268272e3250d3775506.ctex[39m[0m
[  53% ] [90m[1msavepack[22m | Storing File: res://src/character/out/roster_pantera_mythic_x0_512x512.png.import[39m[0m
[  54% ] [90m[1msavepack[22m | Storing File: res://.godot/imported/roster_pantera_signature_x0_512x512.png-115c1c817d95d5488bd88a05e17629d4.ctex[39m[0m
[  54% ] [90m[1msavepack[22m | Storing File: res://src/character/out/roster_pantera_signature_x0_512x512.png.import[39m[0m
[  54% ] [90m[1msavepack[22m | Storing File: res://src/character/out/roster_pixel_measurements.json[39m[0m
[  55% ] [90m[1msavepack[22m | Storing File: res://.godot/imported/roster_steamer_base_x0_512x512.png-a4ee768030fdb267992b61d6ab11b8f2.ctex[39m[0m
[  55% ] [90m[1msavepack[22m | Storing File: res://src/character/out/roster_steamer_base_x0_512x512.png.import[39m[0m
[  55% ] [90m[1msavepack[22m | Storing File: res://.godot/imported/roster_steamer_circuit_x0_512x512.png-5de2178f7221244e7780e0890f40bbbd.ctex[39m[0m
[  55% ] [90m[1msavepack[22m | Storing File: res://src/character/out/roster_steamer_circuit_x0_512x512.png.import[39m[0m
[  56% ] [90m[1msavepack[22m | Storing File: res://.godot/imported/roster_steamer_legend_x0_512x512.png-af94217c2046e6051ff7a75150abbbe5.ctex[39m[0m
[  56% ] [90m[1msavepack[22m | Storing File: res://src/character/out/roster_steamer_legend_x0_512x512.png.import[39m[0m
[  56% ] [90m[1msavepack[22m | Storing File: res://.godot/imported/roster_steamer_mythic_x0_512x512.png-a710065cf2d2706e3ced2c15942be69b.ctex[39m[0m
[  56% ] [90m[1msavepack[22m | Storing File: res://src/character/out/roster_steamer_mythic_x0_512x512.png.import[39m[0m
[  56% ] [90m[1msavepack[22m | Storing File: res://.godot/imported/roster_steamer_signature_x0_512x512.png-20a3bca5c9588184a46f288b38540a30.ctex[39m[0m
[  56% ] [90m[1msavepack[22m | Storing File: res://src/character/out/roster_steamer_signature_x0_512x512.png.import[39m[0m
[  57% ] [90m[1msavepack[22m | Storing File: res://src/character/tools/extent_probe.gdc[39m[0m
[  57% ] [90m[1msavepack[22m | Storing File: res://src/character/tools/rig_probe.gdc[39m[0m
[  58% ] [90m[1msavepack[22m | Storing File: res://src/character/tools/root_motion_probe.gdc[39m[0m
[  58% ] [90m[1msavepack[22m | Storing File: res://.godot/exported/133200997/export-d554e037cb01f8f7ec8089a52ec88816-AthleteRig.scn[39m[0m
[  59% ] [90m[1msavepack[22m | Storing File: res://src/character/athlete_rig.gdc[39m[0m
[  59% ] [90m[1msavepack[22m | Storing File: res://src/character/athlete_spawn.gdc[39m[0m
[  60% ] [90m[1msavepack[22m | Storing File: res://src/character/outfit_catalogue.gdc[39m[0m
[  60% ] [90m[1msavepack[22m | Storing File: res://src/character/outfit_recolour.gdshader[39m[0m
[  61% ] [90m[1msavepack[22m | Storing File: res://.godot/exported/133200997/export-7555899cea4e2e19100d8a4e78f9f3fc-RigRender.scn[39m[0m
[  61% ] [90m[1msavepack[22m | Storing File: res://src/character/rig_render.gdc[39m[0m
[  62% ] [90m[1msavepack[22m | Storing File: res://.godot/exported/133200997/export-9007155a4e5931d3b5cb7c2915adab04-RosterRender.scn[39m[0m
[  62% ] [90m[1msavepack[22m | Storing File: res://src/character/roster_render.gdc[39m[0m
[  62% ] [90m[1msavepack[22m | Storing File: res://src/input/focus_nav.gdc[39m[0m
[  63% ] [90m[1msavepack[22m | Storing File: res://src/input/menu_nav.gdc[39m[0m
[  63% ] [90m[1msavepack[22m | Storing File: res://src/input/nav_routes.gdc[39m[0m
[  64% ] [90m[1msavepack[22m | Storing File: res://src/input/osk.gdc[39m[0m
[  64% ] [90m[1msavepack[22m | Storing File: res://src/input/remap.gdc[39m[0m
[  65% ] [90m[1msavepack[22m | Storing File: res://src/input/scheme.gdc[39m[0m
[  65% ] [90m[1msavepack[22m | Storing File: res://src/input/strings.gdc[39m[0m
[  66% ] [90m[1msavepack[22m | Storing File: res://src/locale/locale.gdc[39m[0m
[  66% ] [90m[1msavepack[22m | Storing File: res://src/locale/locale_data.gdc[39m[0m
[  66% ] [90m[1msavepack[22m | Storing File: res://src/locale/locale_rules.json[39m[0m
[  66% ] [90m[1msavepack[22m | Storing File: res://src/modes/data/modes.json[39m[0m
[  67% ] [90m[1msavepack[22m | Storing File: res://src/modes/career_progress.gdc[39m[0m
[  67% ] [90m[1msavepack[22m | Storing File: res://src/modes/career_rules.gdc[39m[0m
[  67% ] [90m[1msavepack[22m | Storing File: res://src/modes/drill_scoring.gdc[39m[0m
[  68% ] [90m[1msavepack[22m | Storing File: res://src/modes/drill_seed.gdc[39m[0m
[  68% ] [90m[1msavepack[22m | Storing File: res://src/modes/drill_session.gdc[39m[0m
[  69% ] [90m[1msavepack[22m | Storing File: res://src/modes/drill_target.gdc[39m[0m
[  69% ] [90m[1msavepack[22m | Storing File: res://src/modes/modes_save.gdc[39m[0m
[  70% ] [90m[1msavepack[22m | Storing File: res://src/modes/mode_tables.gdc[39m[0m
[  70% ] [90m[1msavepack[22m | Storing File: res://src/modes/tournament_rules.gdc[39m[0m
[  71% ] [90m[1msavepack[22m | Storing File: res://src/save/save_migration.gdc[39m[0m
[  71% ] [90m[1msavepack[22m | Storing File: res://src/save/save_schema.gdc[39m[0m
[  72% ] [90m[1msavepack[22m | Storing File: res://src/save/save_store.gdc[39m[0m
[  72% ] [90m[1msavepack[22m | Storing File: res://src/sim/frozen/data.json[39m[0m
[  73% ] [90m[1msavepack[22m | Storing File: res://src/sim/digest.gdc[39m[0m
[  73% ] [90m[1msavepack[22m | Storing File: res://src/sim/entities.gdc[39m[0m
[  74% ] [90m[1msavepack[22m | Storing File: res://src/sim/fault_digest_gd.gdc[39m[0m
[  74% ] [90m[1msavepack[22m | Storing File: res://src/sim/frozen.gdc[39m[0m
[  74% ] [90m[1msavepack[22m | Storing File: res://src/sim/parity_digest_gd.gdc[39m[0m
[  75% ] [90m[1msavepack[22m | Storing File: res://src/sim/rng.gdc[39m[0m
[  75% ] [90m[1msavepack[22m | Storing File: res://src/sim/sim.gdc[39m[0m
[  76% ] [90m[1msavepack[22m | Storing File: res://src/sim/state.gdc[39m[0m
[  76% ] [90m[1msavepack[22m | Storing File: res://src/steam/achievements.gdc[39m[0m
[  77% ] [90m[1msavepack[22m | Storing File: res://src/steam/cloud_saves.gdc[39m[0m
[  77% ] [90m[1msavepack[22m | Storing File: res://src/steam/godotsteam_backend.gdc[39m[0m
[  78% ] [90m[1msavepack[22m | Storing File: res://src/steam/mock_steam_backend.gdc[39m[0m
[  78% ] [90m[1msavepack[22m | Storing File: res://src/steam/probe_steam_addon.gdc[39m[0m
[  79% ] [90m[1msavepack[22m | Storing File: res://src/steam/steam_backend.gdc[39m[0m
[  79% ] [90m[1msavepack[22m | Storing File: res://src/steam/steam_backend_factory.gdc[39m[0m
[  80% ] [90m[1msavepack[22m | Storing File: res://tests/audits/ai_attack_audit.gdc[39m[0m
[  80% ] [90m[1msavepack[22m | Storing File: res://tests/audits/controller_tactics_audit.gdc[39m[0m
[  80% ] [90m[1msavepack[22m | Storing File: res://tests/audits/court_speed_audit.gdc[39m[0m
[  81% ] [90m[1msavepack[22m | Storing File: res://tests/audits/difficulty_audit.gdc[39m[0m
[  81% ] [90m[1msavepack[22m | Storing File: res://tests/audits/lineup_audit.gdc[39m[0m
[  82% ] [90m[1msavepack[22m | Storing File: res://tests/audits/match_format_audit.gdc[39m[0m
[  82% ] [90m[1msavepack[22m | Storing File: res://tests/audits/run_all.gdc[39m[0m
[  83% ] [90m[1msavepack[22m | Storing File: res://tests/audits/shot_balance_audit.gdc[39m[0m
[  83% ] [90m[1msavepack[22m | Storing File: res://tests/audits/shot_quality_audit.gdc[39m[0m
[  84% ] [90m[1msavepack[22m | Storing File: res://tests/audits/smash_input_audit.gdc[39m[0m
[  84% ] [90m[1msavepack[22m | Storing File: res://tests/audits/wall_rules_audit.gdc[39m[0m
[  85% ] [90m[1msavepack[22m | Storing File: res://tests/build/BuildFlag.gdc[39m[0m
[  85% ] [90m[1msavepack[22m | Storing File: res://tests/build/ContentFilter.gdc[39m[0m
[  86% ] [90m[1msavepack[22m | Storing File: res://tests/build/content_filter_audit.gdc[39m[0m
[  86% ] [90m[1msavepack[22m | Storing File: res://.godot/exported/133200997/export-ab559796255c5ad18e7fce4413964545-content_filter_audit.scn[39m[0m
[  86% ] [90m[1msavepack[22m | Storing File: res://tests/build/DemoContent.gdc[39m[0m
[  87% ] [90m[1msavepack[22m | Storing File: res://tests/build/DemoSelfReport.gdc[39m[0m
[  87% ] [90m[1msavepack[22m | Storing File: res://.godot/exported/133200997/export-3c6ff0cdcb8a819538d6642157441a47-DemoSelfReport.scn[39m[0m
[  88% ] [90m[1msavepack[22m | Storing File: res://tests/build/demo_audit.gdc[39m[0m
[  88% ] [90m[1msavepack[22m | Storing File: res://.godot/exported/133200997/export-94fbcbe63becae378c76c631d8987b8e-demo_audit.scn[39m[0m
[  89% ] [90m[1msavepack[22m | Storing File: res://tests/build/demo_content.json[39m[0m
[  89% ] [90m[1msavepack[22m | Storing File: res://tests/build/export_preset_audit.gdc[39m[0m
[  90% ] [90m[1msavepack[22m | Storing File: res://.godot/exported/133200997/export-41b8ff370e03a24860e0dac1c9a71479-export_preset_audit.scn[39m[0m
[  90% ] [90m[1msavepack[22m | Storing File: res://tests/build/TestHarness.gdc[39m[0m
[  91% ] [90m[1msavepack[22m | Storing File: res://tests/input/_probe_input_map.gdc[39m[0m
[  91% ] [90m[1msavepack[22m | Storing File: res://tests/modes/data/reference-grid.json[39m[0m
[  92% ] [90m[1msavepack[22m | Storing File: res://tests/modes/bench_step.gdc[39m[0m
[  92% ] [90m[1msavepack[22m | Storing File: res://tests/modes/career_audit.gdc[39m[0m
[  92% ] [90m[1msavepack[22m | Storing File: res://tests/modes/drill_audit.gdc[39m[0m
[  93% ] [90m[1msavepack[22m | Storing File: res://tests/modes/outfit_challenges_audit.gdc[39m[0m
[  93% ] [90m[1msavepack[22m | Storing File: res://tests/modes/reference_grid_audit.gdc[39m[0m
[  94% ] [90m[1msavepack[22m | Storing File: res://tests/modes/run_all.gdc[39m[0m
[  94% ] [90m[1msavepack[22m | Storing File: res://tests/modes/save_progression_audit.gdc[39m[0m
[  95% ] [90m[1msavepack[22m | Storing File: res://tests/modes/tournament_audit.gdc[39m[0m
[  95% ] [90m[1msavepack[22m | Storing File: res://tests/athlete_rig_test.gdc[39m[0m
[  96% ] [90m[1msavepack[22m | Storing File: res://tests/athlete_roster_test.gdc[39m[0m
[  96% ] [90m[1msavepack[22m | Storing File: res://tests/audio_port_test.gdc[39m[0m
[  97% ] [90m[1msavepack[22m | Storing File: res://tests/game_slice_test.gdc[39m[0m
[  97% ] [90m[1msavepack[22m | Storing File: res://tests/save_steam_test.gdc[39m[0m
[  98% ] [90m[1msavepack[22m | Storing File: res://.godot/exported/133200997/export-b8920d5e0bb40de92e30bf6364d171b6-SmokeTest.scn[39m[0m
[  98% ] [90m[1msavepack[22m | Storing File: res://tests/smoke_test.gdc[39m[0m
[  98% ] [90m[1msavepack[22m | Storing File: res://assets/audio/padel_audio_bus.tres.remap[39m[0m
[  98% ] [90m[1msavepack[22m | Storing File: res://game/arenas/arena_library.gd.remap[39m[0m
[  98% ] [90m[1msavepack[22m | Storing File: res://game/arenas/arena_scenery.gd.remap[39m[0m
[  98% ] [90m[1msavepack[22m | Storing File: res://game/arenas/arena_style.gd.remap[39m[0m
[  98% ] [90m[1msavepack[22m | Storing File: res://game/arenas/court_builder.gd.remap[39m[0m
[  98% ] [90m[1msavepack[22m | Storing File: res://game/tools/arena_probe.gd.remap[39m[0m
[  98% ] [90m[1msavepack[22m | Storing File: res://game/tools/dump_input_events.gd.remap[39m[0m
[  98% ] [90m[1msavepack[22m | Storing File: res://game/tools/dump_ui_defaults.gd.remap[39m[0m
[  98% ] [90m[1msavepack[22m | Storing File: res://game/tools/hud_probe.gd.remap[39m[0m
[  98% ] [90m[1msavepack[22m | Storing File: res://game/tools/ready_probe.gd.remap[39m[0m
[  98% ] [90m[1msavepack[22m | Storing File: res://game/court.gd.remap[39m[0m
[  98% ] [90m[1msavepack[22m | Storing File: res://game/hud.gd.remap[39m[0m
[  98% ] [90m[1msavepack[22m | Storing File: res://game/input_map.gd.remap[39m[0m
[  98% ] [90m[1msavepack[22m | Storing File: res://game/Main.tscn.remap[39m[0m
[  98% ] [90m[1msavepack[22m | Storing File: res://game/main_menu.gd.remap[39m[0m
[  98% ] [90m[1msavepack[22m | Storing File: res://game/Match.tscn.remap[39m[0m
[  98% ] [90m[1msavepack[22m | Storing File: res://game/match_audio.gd.remap[39m[0m
[  98% ] [90m[1msavepack[22m | Storing File: res://game/match_config.gd.remap[39m[0m
[  98% ] [90m[1msavepack[22m | Storing File: res://game/match_controller.gd.remap[39m[0m
[  98% ] [90m[1msavepack[22m | Storing File: res://game/scripted_player.gd.remap[39m[0m
[  98% ] [90m[1msavepack[22m | Storing File: res://src/accessibility/accessibility_settings.gd.remap[39m[0m
[  98% ] [90m[1msavepack[22m | Storing File: res://src/audio/audio_port.gd.remap[39m[0m
[  98% ] [90m[1msavepack[22m | Storing File: res://src/audits/audit_base.gd.remap[39m[0m
[  98% ] [90m[1msavepack[22m | Storing File: res://src/audits/audit_support.gd.remap[39m[0m
[  98% ] [90m[1msavepack[22m | Storing File: res://src/character/tools/extent_probe.gd.remap[39m[0m
[  98% ] [90m[1msavepack[22m | Storing File: res://src/character/tools/rig_probe.gd.remap[39m[0m
[  98% ] [90m[1msavepack[22m | Storing File: res://src/character/tools/root_motion_probe.gd.remap[39m[0m
[  98% ] [90m[1msavepack[22m | Storing File: res://src/character/AthleteRig.tscn.remap[39m[0m
[  98% ] [90m[1msavepack[22m | Storing File: res://src/character/athlete_rig.gd.remap[39m[0m
[  98% ] [90m[1msavepack[22m | Storing File: res://src/character/athlete_spawn.gd.remap[39m[0m
[  98% ] [90m[1msavepack[22m | Storing File: res://src/character/outfit_catalogue.gd.remap[39m[0m
[  98% ] [90m[1msavepack[22m | Storing File: res://src/character/RigRender.tscn.remap[39m[0m
[  98% ] [90m[1msavepack[22m | Storing File: res://src/character/rig_render.gd.remap[39m[0m
[  98% ] [90m[1msavepack[22m | Storing File: res://src/character/RosterRender.tscn.remap[39m[0m
[  98% ] [90m[1msavepack[22m | Storing File: res://src/character/roster_render.gd.remap[39m[0m
[  98% ] [90m[1msavepack[22m | Storing File: res://src/input/focus_nav.gd.remap[39m[0m
[  98% ] [90m[1msavepack[22m | Storing File: res://src/input/menu_nav.gd.remap[39m[0m
[  98% ] [90m[1msavepack[22m | Storing File: res://src/input/nav_routes.gd.remap[39m[0m
[  98% ] [90m[1msavepack[22m | Storing File: res://src/input/osk.gd.remap[39m[0m
[  98% ] [90m[1msavepack[22m | Storing File: res://src/input/remap.gd.remap[39m[0m
[  98% ] [90m[1msavepack[22m | Storing File: res://src/input/scheme.gd.remap[39m[0m
[  98% ] [90m[1msavepack[22m | Storing File: res://src/input/strings.gd.remap[39m[0m
[  98% ] [90m[1msavepack[22m | Storing File: res://src/locale/locale.gd.remap[39m[0m
[  98% ] [90m[1msavepack[22m | Storing File: res://src/locale/locale_data.gd.remap[39m[0m
[  98% ] [90m[1msavepack[22m | Storing File: res://src/modes/career_progress.gd.remap[39m[0m
[  98% ] [90m[1msavepack[22m | Storing File: res://src/modes/career_rules.gd.remap[39m[0m
[  98% ] [90m[1msavepack[22m | Storing File: res://src/modes/drill_scoring.gd.remap[39m[0m
[  98% ] [90m[1msavepack[22m | Storing File: res://src/modes/drill_seed.gd.remap[39m[0m
[  98% ] [90m[1msavepack[22m | Storing File: res://src/modes/drill_session.gd.remap[39m[0m
[  98% ] [90m[1msavepack[22m | Storing File: res://src/modes/drill_target.gd.remap[39m[0m
[  98% ] [90m[1msavepack[22m | Storing File: res://src/modes/modes_save.gd.remap[39m[0m
[  98% ] [90m[1msavepack[22m | Storing File: res://src/modes/mode_tables.gd.remap[39m[0m
[  98% ] [90m[1msavepack[22m | Storing File: res://src/modes/tournament_rules.gd.remap[39m[0m
[  98% ] [90m[1msavepack[22m | Storing File: res://src/save/save_migration.gd.remap[39m[0m
[  98% ] [90m[1msavepack[22m | Storing File: res://src/save/save_schema.gd.remap[39m[0m
[  98% ] [90m[1msavepack[22m | Storing File: res://src/save/save_store.gd.remap[39m[0m
[  98% ] [90m[1msavepack[22m | Storing File: res://src/sim/digest.gd.remap[39m[0m
[  98% ] [90m[1msavepack[22m | Storing File: res://src/sim/entities.gd.remap[39m[0m
[  98% ] [90m[1msavepack[22m | Storing File: res://src/sim/fault_digest_gd.gd.remap[39m[0m
[  98% ] [90m[1msavepack[22m | Storing File: res://src/sim/frozen.gd.remap[39m[0m
[  98% ] [90m[1msavepack[22m | Storing File: res://src/sim/parity_digest_gd.gd.remap[39m[0m
[  98% ] [90m[1msavepack[22m | Storing File: res://src/sim/rng.gd.remap[39m[0m
[  98% ] [90m[1msavepack[22m | Storing File: res://src/sim/sim.gd.remap[39m[0m
[  98% ] [90m[1msavepack[22m | Storing File: res://src/sim/state.gd.remap[39m[0m
[  98% ] [90m[1msavepack[22m | Storing File: res://src/steam/achievements.gd.remap[39m[0m
[  98% ] [90m[1msavepack[22m | Storing File: res://src/steam/cloud_saves.gd.remap[39m[0m
[  98% ] [90m[1msavepack[22m | Storing File: res://src/steam/godotsteam_backend.gd.remap[39m[0m
[  98% ] [90m[1msavepack[22m | Storing File: res://src/steam/mock_steam_backend.gd.remap[39m[0m
[  98% ] [90m[1msavepack[22m | Storing File: res://src/steam/probe_steam_addon.gd.remap[39m[0m
[  98% ] [90m[1msavepack[22m | Storing File: res://src/steam/steam_backend.gd.remap[39m[0m
[  98% ] [90m[1msavepack[22m | Storing File: res://src/steam/steam_backend_factory.gd.remap[39m[0m
[  98% ] [90m[1msavepack[22m | Storing File: res://tests/audits/ai_attack_audit.gd.remap[39m[0m
[  98% ] [90m[1msavepack[22m | Storing File: res://tests/audits/controller_tactics_audit.gd.remap[39m[0m
[  98% ] [90m[1msavepack[22m | Storing File: res://tests/audits/court_speed_audit.gd.remap[39m[0m
[  98% ] [90m[1msavepack[22m | Storing File: res://tests/audits/difficulty_audit.gd.remap[39m[0m
[  98% ] [90m[1msavepack[22m | Storing File: res://tests/audits/lineup_audit.gd.remap[39m[0m
[  98% ] [90m[1msavepack[22m | Storing File: res://tests/audits/match_format_audit.gd.remap[39m[0m
[  98% ] [90m[1msavepack[22m | Storing File: res://tests/audits/run_all.gd.remap[39m[0m
[  98% ] [90m[1msavepack[22m | Storing File: res://tests/audits/shot_balance_audit.gd.remap[39m[0m
[  98% ] [90m[1msavepack[22m | Storing File: res://tests/audits/shot_quality_audit.gd.remap[39m[0m
[  98% ] [90m[1msavepack[22m | Storing File: res://tests/audits/smash_input_audit.gd.remap[39m[0m
[  98% ] [90m[1msavepack[22m | Storing File: res://tests/audits/wall_rules_audit.gd.remap[39m[0m
[  98% ] [90m[1msavepack[22m | Storing File: res://tests/build/BuildFlag.gd.remap[39m[0m
[  98% ] [90m[1msavepack[22m | Storing File: res://tests/build/ContentFilter.gd.remap[39m[0m
[  98% ] [90m[1msavepack[22m | Storing File: res://tests/build/content_filter_audit.gd.remap[39m[0m
[  98% ] [90m[1msavepack[22m | Storing File: res://tests/build/content_filter_audit.tscn.remap[39m[0m
[  98% ] [90m[1msavepack[22m | Storing File: res://tests/build/DemoContent.gd.remap[39m[0m
[  98% ] [90m[1msavepack[22m | Storing File: res://tests/build/DemoSelfReport.gd.remap[39m[0m
[  98% ] [90m[1msavepack[22m | Storing File: res://tests/build/DemoSelfReport.tscn.remap[39m[0m
[  98% ] [90m[1msavepack[22m | Storing File: res://tests/build/demo_audit.gd.remap[39m[0m
[  98% ] [90m[1msavepack[22m | Storing File: res://tests/build/demo_audit.tscn.remap[39m[0m
[  98% ] [90m[1msavepack[22m | Storing File: res://tests/build/export_preset_audit.gd.remap[39m[0m
[  98% ] [90m[1msavepack[22m | Storing File: res://tests/build/export_preset_audit.tscn.remap[39m[0m
[  98% ] [90m[1msavepack[22m | Storing File: res://tests/build/TestHarness.gd.remap[39m[0m
[  98% ] [90m[1msavepack[22m | Storing File: res://tests/input/_probe_input_map.gd.remap[39m[0m
[  98% ] [90m[1msavepack[22m | Storing File: res://tests/modes/bench_step.gd.remap[39m[0m
[  98% ] [90m[1msavepack[22m | Storing File: res://tests/modes/career_audit.gd.remap[39m[0m
[  98% ] [90m[1msavepack[22m | Storing File: res://tests/modes/drill_audit.gd.remap[39m[0m
[  98% ] [90m[1msavepack[22m | Storing File: res://tests/modes/outfit_challenges_audit.gd.remap[39m[0m
[  98% ] [90m[1msavepack[22m | Storing File: res://tests/modes/reference_grid_audit.gd.remap[39m[0m
[  98% ] [90m[1msavepack[22m | Storing File: res://tests/modes/run_all.gd.remap[39m[0m
[  98% ] [90m[1msavepack[22m | Storing File: res://tests/modes/save_progression_audit.gd.remap[39m[0m
[  98% ] [90m[1msavepack[22m | Storing File: res://tests/modes/tournament_audit.gd.remap[39m[0m
[  98% ] [90m[1msavepack[22m | Storing File: res://tests/athlete_rig_test.gd.remap[39m[0m
[  98% ] [90m[1msavepack[22m | Storing File: res://tests/athlete_roster_test.gd.remap[39m[0m
[  98% ] [90m[1msavepack[22m | Storing File: res://tests/audio_port_test.gd.remap[39m[0m
[  98% ] [90m[1msavepack[22m | Storing File: res://tests/game_slice_test.gd.remap[39m[0m
[  98% ] [90m[1msavepack[22m | Storing File: res://tests/save_steam_test.gd.remap[39m[0m
[  98% ] [90m[1msavepack[22m | Storing File: res://tests/SmokeTest.tscn.remap[39m[0m
[  98% ] [90m[1msavepack[22m | Storing File: res://tests/smoke_test.gd.remap[39m[0m
[  98% ] [90m[1msavepack[22m | Storing File: res://.godot/global_script_class_cache.cfg[39m[0m
[  98% ] [90m[1msavepack[22m | Storing File: res://.godot/uid_cache.bin[39m[0m
[  98% ] [90m[1msavepack[22m | Storing File: res://project.binary[39m[0m
[92m[ DONE ][39m [1msavepack[22m
[0m
export demo exit=0
