Godot Engine v4.7.2.stable.official.ed1daf0bf - https://godotengine.org

# DemoSelfReport — build=demo, demo feature tag=true, exported=true
# engine=4.7.2-stable (official)
# main scene setting=res://tests/build/DemoSelfReport.tscn
# CONTENT {"all_arenas_in_tables":9,"all_athletes_in_tables":6,"all_modes":["quick","tournament","career"],"arenas":["clockwork"],"athletes":["maestro","steamer"],"build":"demo","demo_feature_tag":true,"difficulty":"medium","locked_arenas":8,"locked_athletes":["pantera","fiamma","oracolo","colosso"],"locked_modes":2,"modes":["quick"],"outfit_challenge_outfits":8}
ok the running demo fields exactly the demo's athletes
ok the running demo offers exactly the demo's arena
ok the running demo offers quick match only
ok the running demo runs the fixed difficulty
ok two athletes, on the artifact
ok one arena, on the artifact
ok the demo still shows what it does not grant
ok packed (resource loader): res://game/Main.tscn
ok packed (resource loader): res://game/Match.tscn
ok packed (resource loader): res://src/sim/frozen.gd
ok packed (raw file): res://src/sim/frozen/data.json
ok packed (raw file): res://tests/build/demo_content.json
ok not packed (raw file): res://prototypes/arena_spike/Main.tscn
ok not packed (resource loader): res://prototypes/arena_spike/Main.tscn
ok not packed (raw file): res://prototypes/render_probe/Main.tscn
ok not packed (resource loader): res://prototypes/render_probe/Main.tscn
ok the demo content table ships in the demo build
ok the game menu scene resolves inside the pack
PASS 18/18
