=== artifact inventory ===
ac0a5cbd57443a2b172102bbdde4723a823422fffb0effa6c9d0c148b261abb0           536 bytes  /root/projects/steam-circuit-padel-pro/godot/build/linux-x86_64/override.cfg
ce2bcef0a917110b405ec029f7322ef2beedc9944dcedf9af37145d9df5e2cac      50687372 bytes  /root/projects/steam-circuit-padel-pro/godot/build/linux-x86_64/padel.pck
d9f79ab89b5ae369aeed11c6052d402e8218cd503bf85b4a235f9c30c46a7c63      73519416 bytes  /root/projects/steam-circuit-padel-pro/godot/build/linux-x86_64/padel.x86_64
ac0a5cbd57443a2b172102bbdde4723a823422fffb0effa6c9d0c148b261abb0           536 bytes  /root/projects/steam-circuit-padel-pro/godot/build/linux-x86_64-demo/override.cfg
57b7037ef3f455322d5b5067813c35d38d85492c6565b9aec881f3e6142a60dd      50687404 bytes  /root/projects/steam-circuit-padel-pro/godot/build/linux-x86_64-demo/padel-demo.pck
d9f79ab89b5ae369aeed11c6052d402e8218cd503bf85b4a235f9c30c46a7c63      73519416 bytes  /root/projects/steam-circuit-padel-pro/godot/build/linux-x86_64-demo/padel-demo.x86_64
d123802228a4eb7c7528da3d9c0196c901a32b286adff25445d155a1a7df8810           166 bytes  /root/projects/steam-circuit-padel-pro/godot/build/linux-x86_64-demo-selfcheck/override.cfg
57b7037ef3f455322d5b5067813c35d38d85492c6565b9aec881f3e6142a60dd      50687404 bytes  /root/projects/steam-circuit-padel-pro/godot/build/linux-x86_64-demo-selfcheck/padel-demo-selfcheck.pck
d9f79ab89b5ae369aeed11c6052d402e8218cd503bf85b4a235f9c30c46a7c63      73519416 bytes  /root/projects/steam-circuit-padel-pro/godot/build/linux-x86_64-demo-selfcheck/padel-demo-selfcheck.x86_64
=== demo-selfcheck (the demo asserting on itself) ===
ok not packed (resource loader): res://prototypes/arena_spike/Main.tscn
ok not packed (raw file): res://prototypes/render_probe/Main.tscn
ok not packed (resource loader): res://prototypes/render_probe/Main.tscn
ok the demo content table ships in the demo build
ok the game menu scene resolves inside the pack
PASS 18/18
demo-selfcheck (the demo asserting on itself) exit=0
=== linux-x86_64 (the desktop build, headless boot check) ===
linux-x86_64 (the desktop build, headless boot check) exit=124
=== linux-x86_64-demo (boot check) ===
linux-x86_64-demo (boot check) exit=124
