Godot Engine v4.7.2.stable.official.ed1daf0bf - https://godotengine.org

ok result/the_router_still_carries_thirteen_ids
ok result/all_thirteen_slots_register
ok result/the_scene_registers_under_the_result_id
ok result/go_to_mounts_the_screen
ok result/the_screen_is_active
ok result/the_mounted_scene_carries_ResultScreen_gd
ok result/the_scene_mounts_the_theme
ok result/the_audit_store_is_the_temp_one
ok result/the_screen_reports_its_own_id
ok result/the_reference_declares_no_return
ok result/the_return_is_the_router_own
ok result/the_declared_back_is_not_hardcoded
ok result/the_router_row_carries_the_menu_action
ok result/the_declared_capture_states_are_the_screen_own
ok result/an_undeclared_capture_state_is_refused
ok result/with_no_store_url_the_cta_is_hidden
ok result/and_there_is_no_destination_to_open
ok result/a_real_payload_is_not_a_capture
ok result/a_won_match_takes_the_victory_key
ok result/the_title_shows_the_won_string
ok result/a_won_quick_match_names_the_arena
ok result/a_lost_match_takes_the_defeat_key
ok result/the_title_shows_the_lost_string
ok result/a_lost_quick_match_says_defeat
ok result/the_badge_says_the_match_is_over
ok result/without_a_continuation_the_action_is_rematch
ok result/the_second_action_is_the_menu
# report titles: victory/defeat are separate localized states; quick narrative names the arena from Config
ok result/the_points_shape_reads_the_points
ok result/the_points_shape_keeps_the_players_points
ok result/the_points_shape_keeps_the_rivals_points
ok result/the_points_shape_renders
ok result/the_one_set_shape_reads_the_games
ok result/the_one_set_shape_renders
ok result/the_multi_set_shape_reads_the_sets
ok result/the_multi_set_shape_renders
# note the three score shapes above are CONSTRUCTED: the state's own fields were written by the audit, then read through result_from_state
ok result/four_stat_rows
ok result/row_pointsWon_shows_the_players_figure
ok result/row_pointsWon_shows_the_rivals_figure
ok result/row_pointsWon_shows_its_own_label
ok result/row_aces_shows_the_players_figure
ok result/row_aces_shows_the_rivals_figure
ok result/row_aces_shows_its_own_label
ok result/row_winners_shows_the_players_figure
ok result/row_winners_shows_the_rivals_figure
ok result/row_winners_shows_its_own_label
ok result/row_errors_shows_the_players_figure
ok result/row_errors_shows_the_rivals_figure
ok result/row_errors_shows_its_own_label
ok result/the_better_side_is_computed_lower_wins_included
ok result/points_wons_player_side_is_highlighted
ok result/points_wons_rival_side_is_not
ok result/a_tie_highlights_nobody
ok result/a_tie_highlights_nobody_on_either_side
ok result/more_winners_on_the_rival_side_leaves_the_player_plain
ok result/more_winners_on_the_rival_side_is_highlighted
ok result/fewer_errors_is_better_and_highlighted
ok result/more_errors_is_never_highlighted
ok result/the_longest_rally_figure_is_the_states_own
ok result/the_average_is_total_hits_over_rallies
ok result/a_match_without_rallies_averages_zero
ok result/and_the_foot_shows_that_zero
ok result/the_outcome_map_is_the_references_own
ok result/the_finale_ending_shows_its_own_line
ok result/the_trophy_ending_shows_its_own_line
ok result/the_promoted_ending_shows_its_own_line
ok result/the_repeat_ending_shows_its_own_line
ok result/a_plain_career_win_has_its_own_line
ok result/a_plain_career_loss_has_its_own_line
ok result/a_three_win_streak_becomes_a_sentence
ok result/a_single_win_stays_unspoken
ok result/a_two_loss_streak_becomes_a_sentence
ok result/a_won_tournament_round_names_the_next_fixture
ok result/while_a_continuation_is_pending_the_action_is_the_next_match
ok result/a_won_final_says_the_tournament_is_won
ok result/a_lost_tournament_round_says_defeat
ok result/off_career_the_objectives_block_stays_hidden
ok result/outfits_do_not_leak_onto_a_quick_match
ok result/a_career_result_shows_the_block
ok result/the_season_offers_objectives_to_show
ok result/checks_render_as_glyphs_never_names
ok result/the_first_season_row_is_there
ok result/an_open_season_row_says_so
ok result/an_open_season_row_is_unchecked
ok result/an_open_season_row_shows_zero_progress
ok result/the_row_names_the_objectives_own_id
ok result/a_met_objective_is_checked
ok result/a_met_but_unclaimed_row_still_says_season
ok result/a_claimed_row_takes_the_claimed_category
ok result/a_claimed_row_is_checked_too
ok result/the_match_bonus_row_is_there
ok result/the_bonus_row_carries_the_match_category
ok result/the_bonus_row_shows_progress_over_target
ok result/the_stars_earned_ride_the_head_line
ok result/a_won_outfit_shows_the_block
ok result/the_outfit_line_names_the_outfit_and_the_athlete
ok result/the_outfit_is_marked_won
ok result/the_outfit_says_it_was_won_now
ok result/the_staged_season_row_survives_the_next_render
# note the career staged for this section is CONSTRUCTED (written to user://uir21-result-audit through ModesSave.save_career); the rows themselves are the season's own
ok result/the_cta_starts_hidden
ok result/a_configured_url_shows_the_block
ok result/a_wishlist_destination_wishes
ok result/the_button_carries_the_wishlist_label
ok result/the_title_is_the_limited_builds_own
ok result/the_body_is_the_builds_own_key
ok result/this_full_build_asks_for_a_beta_body
# note the locale tables carry no betaResultBody entry (checked below); the screen shows the reference's own visible fallback — the id itself - and the gap is recorded for the locale lane
ok result/a_follow_destination_follows
ok result/the_button_carries_the_follow_label
ok result/a_payload_url_shows_the_block_too
ok result/with_the_url_cleared_the_block_hides_again
ok result/the_sampled_match_ran_for_real_simulated_seconds
ok result/the_live_state_carries_the_reference_stats_keys
ok result/the_live_players_figure_is_the_states_own
ok result/the_live_rivals_figure_is_the_states_own
ok result/the_live_score_is_built_from_the_state
ok result/the_live_score_renders_the_states_own_figures
ok result/every_live_stat_row_is_the_states_own_numbers
ok result/the_live_longest_rally_is_the_states_own
ok result/the_live_average_is_the_states_own
ok result/rendering_the_live_state_writes_nothing_to_the_store
# report live quick match: 2400 ticks (40.0 simulated seconds), state figures rendered verbatim
ok result/the_career_sample_ran_too
ok result/the_career_points_come_from_the_state
ok result/the_career_rival_points_come_from_the_state
ok result/the_career_points_render_the_states_own
# note both live states are constructed simulations stepped by the audit (ScriptedPlayer); no external or fabricated data enters this section
ok result/every_visible_key_resolves_in_both_locales
ok result/the_beta_body_key_is_a_recorded_locale_gap
ok result/the_follow_label_is_a_recorded_locale_gap
ok result/there_is_a_second_locale_to_flip_to
ok result/the_flip_shows_the_other_tables_own_text
ok result/the_flip_moved_strings_that_differ
# report language flip: 12 of 13 visible slots differ between tables, all now show it
ok result/the_flip_back_restores_every_slot
ok result/capture_state_default_applies
ok result/capture_state_win-points_applies
ok result/capture_state_loss-points_applies
ok result/capture_state_win-set_applies
ok result/capture_state_loss-set_applies
ok result/capture_state_multi-set_applies
ok result/capture_state_career-promotion_applies
ok result/capture_state_tournament-next_applies
ok result/capture_state_demo-cta_applies
ok result/capture_state_beta-cta_applies
ok result/the_win_points_capture_applies
ok result/the_win_points_capture_shows_its_points
ok result/the_win_points_capture_is_a_win
ok result/a_capture_is_flagged_constructed
ok result/the_loss_points_capture_applies
ok result/the_loss_points_capture_shows_its_points
ok result/the_loss_points_capture_is_a_loss
ok result/the_win_set_capture_applies
ok result/the_win_set_capture_is_the_game_score
ok result/the_loss_set_capture_applies
ok result/the_loss_set_capture_is_the_game_score
ok result/the_multi_set_capture_applies
ok result/the_multi_set_capture_is_the_set_score
ok result/the_promotion_capture_applies
ok result/the_promotion_capture_shows_the_promotion_line
ok result/the_tournament_capture_applies
ok result/the_tournament_capture_carries_a_narrative
ok result/the_tournament_capture_offers_the_next_match
ok result/the_demo_cta_capture_applies
ok result/the_demo_cta_capture_shows_the_block
ok result/the_demo_cta_capture_wishes
ok result/the_beta_cta_capture_applies
ok result/the_beta_cta_capture_follows
ok result/the_default_capture_applies
ok result/the_default_capture_is_a_blank_card
ok result/the_default_capture_hides_the_cta
ok result/the_literal_scan_flags_prose_and_ignores_developer_text
ok result/the_screen_source_is_readable
ok result/ResultScreen_gd_carries_no_prose_literal
ok result/a_pending_continuation_renames_the_action
ok result/the_button_shows_the_next_match_label
ok result/pressing_rematch_reports_the_action_it_showed
ok result/and_emits_the_request_for_the_mount_to_act_on
ok result/the_menu_action_routes
ok result/the_router_followed_the_route
ok result/and_left_exactly_one_screen_mounted
# report temp store: user://uir21-result-audit — the real user:// profile was never written
PASS 176/176
