Godot Engine v4.7.2.stable.official.ed1daf0bf - https://godotengine.org

ok challenges/the_router_still_carries_thirteen_ids
ok challenges/all_thirteen_slots_register
ok challenges/the_scene_registers_under_the_challenges_id
ok challenges/go_to_mounts_the_screen
ok challenges/the_mounted_scene_carries_ChallengesScreen_gd
ok challenges/the_scene_mounts_the_theme
ok challenges/the_screen_reads_the_temp_store
ok challenges/the_screen_reports_its_own_id
ok challenges/the_declared_return_is_the_router_table_s
ok challenges/the_screen_kept_the_router_fact
ok challenges/the_four_declared_capture_states
ok challenges/an_undeclared_capture_state_is_refused
ok challenges/the_board_has_the_reference_s_three_sections
ok challenges/the_section_order_is_the_reference_s_own
ok challenges/the_sections_carry_the_reference_s_titles
ok challenges/the_character_total_is_the_adapter_s
ok challenges/the_character_done_count_is_the_adapter_s
ok challenges/the_outfit_total_is_the_adapter_s
ok challenges/the_outfit_done_count_is_the_adapter_s
ok challenges/the_arena_total_is_the_adapter_s
ok challenges/the_arena_done_count_is_the_adapter_s
# report sections: characters 0/2, outfits 0/20, arenas 0/6
ok challenges/one_row_per_unlockable_athlete
ok challenges/every_character_row_names_its_athlete_by_id
ok challenges/every_character_state_follows_the_career_rules
ok challenges/every_gated_character_row_carries_its_cost
ok challenges/one_row_per_unlockable_arena
FAIL challenges/the_arena_rows_carry_the_frozen_ids: expected true, got false
ok challenges/the_cost_line_carries_the_reference_s_own_glyphs
ok challenges/and_the_singular_or_plural_word
ok challenges/one_group_per_athlete_with_challenge_outfits
ok challenges/every_group_keeps_its_athlete_s_name_key
ok challenges/every_outfit_row_carries_a_challenge_sentence
ok challenges/and_no_placeholder_is_left_unreplaced
ok challenges/the_metric_label_resolves
ok challenges/maestro_s_circuit_sentence_is_the_expected_composition
# report outfits: 6 groups, 20 rows, example Win the match · at most 2 errors · 6 winners · on Hard or above
ok challenges/the_all_complete_state_applies
ok challenges/all_complete_fills_the_character_section
ok challenges/and_every_character_row_reads_done
ok challenges/the_some_complete_state_applies
ok challenges/some_complete_wins_at_least_one_outfit
ok challenges/and_leaves_at_least_one_to_win
ok challenges/the_outfit_count_matches_its_own_rows
FAIL challenges/a_done_row_carries_the_theme_s_done_border: expected true, got false
ok challenges/the_default_state_applies
ok challenges/the_note_follows_the_build_gate_in_the_characters_section
ok challenges/the_outfits_section_carries_no_note
ok challenges/the_note_follows_the_build_gate_in_the_arenas_section
ok challenges/the_note_key_is_the_demo_one_because_this_port_has_no_beta_build
ok challenges/the_demo_limited_state_applies
ok challenges/the_pinned_note_lands_in_both_sections
ok challenges/and_it_is_the_reference_s_own_sentence
ERROR: Node not found: "SectionTitle" (relative to "/root/ScreenChallengesAuditFrame/Router/ScreenHost/ChallengesScreen/ScreenShell/Margin/Rows/Content/ChallengesScroll/@CenterContainer@4/ChallengeBoard/Section0").
   at: get_node (scene/main/node.cpp:1976)
   GDScript backtrace (most recent call first):
       [0] _strings (res://tests/ui/screen_challenges_audit.gd:330)
       [1] _run (res://tests/ui/screen_challenges_audit.gd:86)
       [2] _mount (res://tests/ui/screen_challenges_audit.gd:138)
SCRIPT ERROR: Invalid access to property or key 'text' on a base object of type 'null instance'.
          at: _strings (res://tests/ui/screen_challenges_audit.gd:330)
          GDScript backtrace (most recent call first):
              [0] _strings (res://tests/ui/screen_challenges_audit.gd:330)
              [1] _run (res://tests/ui/screen_challenges_audit.gd:86)
              [2] _mount (res://tests/ui/screen_challenges_audit.gd:138)
ok challenges/all_four_declared_states_apply
ok challenges/and_the_board_returns_to_the_live_career
ok challenges/back_on_the_live_career_s_own_numbers
# report 1280x720: widest=972.0 board=972.0 stacked=true
ok challenges/nothing_is_wider_than_the_frame
FAIL challenges/the_rows_are_four_columns_at_1280: expected false, got true
ok challenges/a_wide_row_is_mark_name_what_state
# report 1024x600: widest=896.0 board=896.0 stacked=true
ok challenges/nothing_is_wider_than_the_small_frame
FAIL challenges/the_rows_are_still_four_columns_at_1024: expected false, got true
# report 820x600: widest=772.0 stacked=true children=2
ok challenges/nothing_is_wider_than_the_narrow_frame
ok challenges/the_rows_stack_below_900px
ok challenges/and_a_stacked_row_is_mark_plus_one_column
ok challenges/the_literal_scan_flags_prose_and_ignores_developer_text
ok challenges/the_screen_source_is_readable
ok challenges/ChallengesScreen_gd_carries_no_prose_literal
ok challenges/the_scene_carries_no_literals
ok challenges/the_theme_carries_every_palette_key_the_screen_names
ok challenges/the_screen_recorded_no_missing_palette_key
# report temp store: user://uir15-challenges-audit — the real user:// profile was never written
FAIL 64/68
FAIL 64/68
# first failure FAIL challenges/the_arena_rows_carry_the_frozen_ids: expected true, got false
# first failure FAIL challenges/the_arena_rows_carry_the_frozen_ids: expected true, got false
