Godot Engine v4.7.2.stable.official.ed1daf0bf - https://godotengine.org

ok legibility/1280x720/the_host_mounted_a_router
ok legibility/1280x720/menu/default/containment
ok legibility/1280x720/menu/default/disjoint_blocks
ok legibility/1280x720/menu/default/contrast
ok legibility/1280x720/menu/demo/containment
ok legibility/1280x720/menu/demo/disjoint_blocks
ok legibility/1280x720/menu/demo/contrast
ok legibility/1280x720/menu/beta/containment
ok legibility/1280x720/menu/beta/disjoint_blocks
ok legibility/1280x720/menu/beta/contrast
ok legibility/1280x720/characters/default/containment
ok legibility/1280x720/characters/default/disjoint_blocks
ok legibility/1280x720/characters/default/contrast
ok legibility/1280x720/characters/picker-open/containment
ok legibility/1280x720/characters/picker-open/disjoint_blocks
ok legibility/1280x720/characters/picker-open/contrast
ok legibility/1280x720/characters/outfit-open/containment
ok legibility/1280x720/characters/outfit-open/disjoint_blocks
ok legibility/1280x720/characters/outfit-open/contrast
ok legibility/1280x720/characters/locked-athlete/containment
ok legibility/1280x720/characters/locked-athlete/disjoint_blocks
ok legibility/1280x720/characters/locked-athlete/contrast
ok legibility/1280x720/characters/demo-locked/containment
ok legibility/1280x720/characters/demo-locked/disjoint_blocks
ok legibility/1280x720/characters/demo-locked/contrast
ok legibility/1280x720/modes/default/containment
ok legibility/1280x720/modes/default/disjoint_blocks
ok legibility/1280x720/modes/default/contrast
ok legibility/1280x720/modes/quick/containment
ok legibility/1280x720/modes/quick/disjoint_blocks
ok legibility/1280x720/modes/quick/contrast
ok legibility/1280x720/modes/tournament/containment
ok legibility/1280x720/modes/tournament/disjoint_blocks
ok legibility/1280x720/modes/tournament/contrast
ok legibility/1280x720/modes/career/containment
ok legibility/1280x720/modes/career/disjoint_blocks
ok legibility/1280x720/modes/career/contrast
ok legibility/1280x720/modes/demo-locked/containment
ok legibility/1280x720/modes/demo-locked/disjoint_blocks
ok legibility/1280x720/modes/demo-locked/contrast
ok legibility/1280x720/arena/default/containment
ok legibility/1280x720/arena/default/disjoint_blocks
FAIL legibility/1280x720/arena/default/contrast: expected [], got ["PlayerModeButton_solo '1 player' ratio=2.66 fg=f6f7fb bg=999999","PlayerModeButton_coop 'Co-op 2' ratio=2.66 fg=f6f7fb bg=999999","PlayerModeButton_pvp 'Local versus' ratio=2.66 fg=f6f7fb bg=999999"]
ok legibility/1280x720/arena/career-calendar/containment
ok legibility/1280x720/arena/career-calendar/disjoint_blocks
ok legibility/1280x720/arena/career-calendar/contrast
ok legibility/1280x720/arena/tournament-bracket/containment
ok legibility/1280x720/arena/tournament-bracket/disjoint_blocks
ok legibility/1280x720/arena/tournament-bracket/contrast
ok legibility/1280x720/arena/demo-locked/containment
ok legibility/1280x720/arena/demo-locked/disjoint_blocks
ok legibility/1280x720/arena/demo-locked/contrast
ok legibility/1280x720/arena/player-mode-coop/containment
ok legibility/1280x720/arena/player-mode-coop/disjoint_blocks
FAIL legibility/1280x720/arena/player-mode-coop/contrast: expected [], got ["PlayerModeButton_solo '1 player' ratio=2.66 fg=f6f7fb bg=999999","PlayerModeButton_coop 'Co-op 2' ratio=2.66 fg=f6f7fb bg=999999","PlayerModeButton_pvp 'Local versus' ratio=2.66 fg=f6f7fb bg=999999"]
ok legibility/1280x720/help/keyboard-tab/containment
ok legibility/1280x720/help/keyboard-tab/disjoint_blocks
ok legibility/1280x720/help/keyboard-tab/contrast
ok legibility/1280x720/help/controller-tab/containment
ok legibility/1280x720/help/controller-tab/disjoint_blocks
FAIL legibility/1280x720/help/controller-tab/contrast: expected [], got ["Label 'Drive' ratio=1.09 fg=e6f8ff bg=ffffff","Desc 'Hold and release t' ratio=2.56 fg=8aa5bc bg=ffffff","Label 'Slice' ratio=1.09 fg=e6f8ff bg=ffffff","Desc 'Cut shot and vibor' ratio=2.56 fg=8aa5bc bg=ffffff","Label 'Lob' ratio=1.09 fg=e6f8ff bg=ffffff","Desc 'Lob over the net p' ratio=2.56 fg=8aa5bc bg=ffffff","Label 'Special' ratio=1.09 fg=e6f8ff bg=ffffff","Desc 'Use the athlete's ' ratio=2.56 fg=8aa5bc bg=ffffff","Label 'Switch' ratio=1.09 fg=e6f8ff bg=ffffff","Desc 'Quickly select you' ratio=2.56 fg=8aa5bc bg=ffffff","Label 'Split step' ratio=1.09 fg=e6f8ff bg=ffffff","Desc 'Defensive stance: ' ratio=2.56 fg=8aa5bc bg=ffffff","Label 'Angle' ratio=1.09 fg=e6f8ff bg=ffffff","Desc 'Analog angle: tigh' ratio=2.56 fg=8aa5bc bg=ffffff","Label 'Technique' ratio=1.09 fg=e6f8ff bg=ffffff","Desc 'A chiquita, X vibo' ratio=2.56 fg=8aa5bc bg=ffffff","Label 'Tactics' ratio=1.09 fg=e6f8ff bg=ffffff","Desc 'Up net, down defen' ratio=2.56 fg=8aa5bc bg=ffffff","Label 'Smash' ratio=1.09 fg=e6f8ff bg=ffffff","Desc 'Charge and release' ratio=2.56 fg=8aa5bc bg=ffffff","Label 'Pause' ratio=1.09 fg=e6f8ff bg=ffffff","Desc 'Open or close this' ratio=2.56 fg=8aa5bc bg=ffffff"]
SCRIPT ERROR: Trying to assign an array of type "Array" to a variable of type "Array[Dictionary]".
          at: refresh (res://src/ui/screens/HistoryScreen.gd:160)
          GDScript backtrace (most recent call first):
              [0] refresh (res://src/ui/screens/HistoryScreen.gd:160)
              [1] apply_capture_state (res://src/ui/screens/HistoryScreen.gd:120)
              [2] _walk_screens (res://tests/ui/ui_legibility_audit.gd:101)
ok legibility/1280x720/history/empty/containment
ok legibility/1280x720/history/empty/disjoint_blocks
ok legibility/1280x720/history/empty/contrast
ok legibility/1280x720/history/populated/containment
ok legibility/1280x720/history/populated/disjoint_blocks
ok legibility/1280x720/history/populated/contrast
ok legibility/1280x720/challenges/default/containment
ok legibility/1280x720/challenges/default/disjoint_blocks
FAIL legibility/1280x720/challenges/default/contrast: expected [], got ["GroupName 'THE STEAMER' ratio=2.33 fg=ff8c00 bg=ffffff","Mark '🎯' ratio=3.32 fg=f6f7fb bg=848896","Name 'Night Circuit' ratio=3.32 fg=f6f7fb bg=848896","Mark '🎯' ratio=3.32 fg=f6f7fb bg=848896","Name 'Brass Legend' ratio=3.32 fg=f6f7fb bg=848896","Mark '🎯' ratio=3.32 fg=f6f7fb bg=848896","Name 'Titanium Boiler' ratio=3.32 fg=f6f7fb bg=848896","Mark '🎯' ratio=3.32 fg=f6f7fb bg=848896","Name 'Boiler Raider' ratio=3.32 fg=f6f7fb bg=848896","GroupName 'THE FLAME' ratio=1.34 fg=1aff8a bg=ffffff","Mark '🎯' ratio=3.32 fg=f6f7fb bg=848896","Name 'Night Circuit' ratio=3.32 fg=f6f7fb bg=848896","Mark '🎯' ratio=3.32 fg=f6f7fb bg=848896","Name 'Brass Legend' ratio=3.32 fg=f6f7fb bg=848896","Mark '🎯' ratio=3.32 fg=f6f7fb bg=848896","Name 'Neon Phoenix' ratio=3.32 fg=f6f7fb bg=848896","Mark '🎯' ratio=3.32 fg=f6f7fb bg=848896","Name 'Phoenix Warden' ratio=3.32 fg=f6f7fb bg=848896","GroupName 'THE ORACLE' ratio=2.44 fg=c98bff bg=ffffff","Mark '🎯' ratio=3.32 fg=f6f7fb bg=848896","Name 'Quantum Eclipse' ratio=3.32 fg=f6f7fb bg=848896","Mark '🎯' ratio=3.32 fg=f6f7fb bg=848896","Name 'Void Seer' ratio=3.32 fg=f6f7fb bg=848896","GroupName 'THE COLOSSUS' ratio=1.41 fg=ffd54a bg=ffffff","Mark '🎯' ratio=3.32 fg=f6f7fb bg=848896","Name 'Imperial Forge' ratio=3.32 fg=f6f7fb bg=848896","Mark '🎯' ratio=3.32 fg=f6f7fb bg=848896","Name 'Runic Guardian' ratio=3.32 fg=f6f7fb bg=848896","SectionTitle 'ARENAS' ratio=1.54 fg=00e5ff bg=ffffff","Mark '🎯' ratio=3.32 fg=f6f7fb bg=848896","Name 'Steam Cathedral' ratio=1.46 fg=c98bff bg=848896","Mark '🎯' ratio=3.32 fg=f6f7fb bg=848896","Name 'Abyssal Forge' ratio=2.52 fg=ffd54a bg=848896","Mark '🎯' ratio=3.32 fg=f6f7fb bg=848896","Name 'Storm Bastion' ratio=2.39 fg=52e6ff bg=848896","Mark '🎯' ratio=3.32 fg=f6f7fb bg=848896","Name 'Abyssal Sanctuary' ratio=2.30 fg=27e7e0 bg=848896","Mark '🎯' ratio=3.32 fg=f6f7fb bg=848896","Name 'Titan Caldera' ratio=1.30 fg=ff7138 bg=848896","Mark '🎯' ratio=3.32 fg=f6f7fb bg=848896","Name 'Celestial Orrery' ratio=1.34 fg=a98cff bg=848896"]
ok legibility/1280x720/challenges/some-complete/containment
ok legibility/1280x720/challenges/some-complete/disjoint_blocks
FAIL legibility/1280x720/challenges/some-complete/contrast: expected [], got ["GroupName 'THE STEAMER' ratio=2.33 fg=ff8c00 bg=ffffff","Mark '🏅' ratio=1.63 fg=f6f7fb bg=c8c3ba","Name 'Night Circuit' ratio=1.63 fg=f6f7fb bg=c8c3ba","State 'WON' ratio=1.29 fg=ffd98a bg=c8c3ba","Mark '🎯' ratio=3.32 fg=f6f7fb bg=848896","Name 'Brass Legend' ratio=3.32 fg=f6f7fb bg=848896","Mark '🎯' ratio=3.32 fg=f6f7fb bg=848896","Name 'Titanium Boiler' ratio=3.32 fg=f6f7fb bg=848896","Mark '🎯' ratio=3.32 fg=f6f7fb bg=848896","Name 'Boiler Raider' ratio=3.32 fg=f6f7fb bg=848896","GroupName 'THE FLAME' ratio=1.34 fg=1aff8a bg=ffffff","Mark '🏅' ratio=1.63 fg=f6f7fb bg=c8c3ba","Name 'Night Circuit' ratio=1.63 fg=f6f7fb bg=c8c3ba","State 'WON' ratio=1.29 fg=ffd98a bg=c8c3ba","Mark '🎯' ratio=3.32 fg=f6f7fb bg=848896","Name 'Brass Legend' ratio=3.32 fg=f6f7fb bg=848896","Mark '🎯' ratio=3.32 fg=f6f7fb bg=848896","Name 'Neon Phoenix' ratio=3.32 fg=f6f7fb bg=848896","Mark '🎯' ratio=3.32 fg=f6f7fb bg=848896","Name 'Phoenix Warden' ratio=3.32 fg=f6f7fb bg=848896","GroupName 'THE ORACLE' ratio=2.44 fg=c98bff bg=ffffff","Mark '🏅' ratio=1.63 fg=f6f7fb bg=c8c3ba","Name 'Quantum Eclipse' ratio=1.63 fg=f6f7fb bg=c8c3ba","State 'WON' ratio=1.29 fg=ffd98a bg=c8c3ba","Mark '🎯' ratio=3.32 fg=f6f7fb bg=848896","Name 'Void Seer' ratio=3.32 fg=f6f7fb bg=848896","GroupName 'THE COLOSSUS' ratio=1.41 fg=ffd54a bg=ffffff","Mark '🏅' ratio=1.63 fg=f6f7fb bg=c8c3ba","Name 'Imperial Forge' ratio=1.63 fg=f6f7fb bg=c8c3ba","State 'WON' ratio=1.29 fg=ffd98a bg=c8c3ba","Mark '🎯' ratio=3.32 fg=f6f7fb bg=848896","Name 'Runic Guardian' ratio=3.32 fg=f6f7fb bg=848896","SectionTitle 'ARENAS' ratio=1.54 fg=00e5ff bg=ffffff","Mark '🎯' ratio=3.32 fg=f6f7fb bg=848896","Name 'Steam Cathedral' ratio=1.46 fg=c98bff bg=848896","Mark '🎯' ratio=3.32 fg=f6f7fb bg=848896","Name 'Abyssal Forge' ratio=2.52 fg=ffd54a bg=848896","Mark '🎯' ratio=3.32 fg=f6f7fb bg=848896","Name 'Storm Bastion' ratio=2.39 fg=52e6ff bg=848896","Mark '🎯' ratio=3.32 fg=f6f7fb bg=848896","Name 'Abyssal Sanctuary' ratio=2.30 fg=27e7e0 bg=848896","Mark '🎯' ratio=3.32 fg=f6f7fb bg=848896","Name 'Titan Caldera' ratio=1.30 fg=ff7138 bg=848896","Mark '🎯' ratio=3.32 fg=f6f7fb bg=848896","Name 'Celestial Orrery' ratio=1.34 fg=a98cff bg=848896"]
ok legibility/1280x720/challenges/all-complete/containment
ok legibility/1280x720/challenges/all-complete/disjoint_blocks
FAIL legibility/1280x720/challenges/all-complete/contrast: expected [], got ["GroupName 'THE STEAMER' ratio=2.33 fg=ff8c00 bg=ffffff","Mark '🏅' ratio=1.63 fg=f6f7fb bg=c8c3ba","Name 'Night Circuit' ratio=1.63 fg=f6f7fb bg=c8c3ba","State 'WON' ratio=1.29 fg=ffd98a bg=c8c3ba","Mark '🏅' ratio=1.63 fg=f6f7fb bg=c8c3ba","Name 'Brass Legend' ratio=1.63 fg=f6f7fb bg=c8c3ba","State 'WON' ratio=1.29 fg=ffd98a bg=c8c3ba","Mark '🏅' ratio=1.63 fg=f6f7fb bg=c8c3ba","Name 'Titanium Boiler' ratio=1.63 fg=f6f7fb bg=c8c3ba","State 'WON' ratio=1.29 fg=ffd98a bg=c8c3ba","Mark '🏅' ratio=1.63 fg=f6f7fb bg=c8c3ba","Name 'Boiler Raider' ratio=1.63 fg=f6f7fb bg=c8c3ba","State 'WON' ratio=1.29 fg=ffd98a bg=c8c3ba","GroupName 'THE FLAME' ratio=1.34 fg=1aff8a bg=ffffff","Mark '🏅' ratio=1.63 fg=f6f7fb bg=c8c3ba","Name 'Night Circuit' ratio=1.63 fg=f6f7fb bg=c8c3ba","State 'WON' ratio=1.29 fg=ffd98a bg=c8c3ba","Mark '🏅' ratio=1.63 fg=f6f7fb bg=c8c3ba","Name 'Brass Legend' ratio=1.63 fg=f6f7fb bg=c8c3ba","State 'WON' ratio=1.29 fg=ffd98a bg=c8c3ba","Mark '🏅' ratio=1.63 fg=f6f7fb bg=c8c3ba","Name 'Neon Phoenix' ratio=1.63 fg=f6f7fb bg=c8c3ba","State 'WON' ratio=1.29 fg=ffd98a bg=c8c3ba","Mark '🏅' ratio=1.63 fg=f6f7fb bg=c8c3ba","Name 'Phoenix Warden' ratio=1.63 fg=f6f7fb bg=c8c3ba","State 'WON' ratio=1.29 fg=ffd98a bg=c8c3ba","GroupName 'THE ORACLE' ratio=2.44 fg=c98bff bg=ffffff","Mark '🏅' ratio=1.63 fg=f6f7fb bg=c8c3ba","Name 'Quantum Eclipse' ratio=1.63 fg=f6f7fb bg=c8c3ba","State 'WON' ratio=1.29 fg=ffd98a bg=c8c3ba","Mark '🏅' ratio=1.63 fg=f6f7fb bg=c8c3ba","Name 'Void Seer' ratio=1.63 fg=f6f7fb bg=c8c3ba","State 'WON' ratio=1.29 fg=ffd98a bg=c8c3ba","GroupName 'THE COLOSSUS' ratio=1.41 fg=ffd54a bg=ffffff","Mark '🏅' ratio=1.63 fg=f6f7fb bg=c8c3ba","Name 'Imperial Forge' ratio=1.63 fg=f6f7fb bg=c8c3ba","State 'WON' ratio=1.29 fg=ffd98a bg=c8c3ba","Mark '🏅' ratio=1.63 fg=f6f7fb bg=c8c3ba","Name 'Runic Guardian' ratio=1.63 fg=f6f7fb bg=c8c3ba","State 'WON' ratio=1.29 fg=ffd98a bg=c8c3ba","SectionTitle 'ARENAS' ratio=1.54 fg=00e5ff bg=ffffff","Mark '🏅' ratio=1.63 fg=f6f7fb bg=c8c3ba","Name 'Steam Cathedral' ratio=1.39 fg=c98bff bg=c8c3ba","State 'UNLOCKED' ratio=1.29 fg=ffd98a bg=c8c3ba","Mark '🏅' ratio=1.63 fg=f6f7fb bg=c8c3ba","Name 'Abyssal Forge' ratio=1.24 fg=ffd54a bg=c8c3ba","State 'UNLOCKED' ratio=1.29 fg=ffd98a bg=c8c3ba","Mark '🏅' ratio=1.63 fg=f6f7fb bg=c8c3ba","Name 'Storm Bastion' ratio=1.18 fg=52e6ff bg=c8c3ba","State 'UNLOCKED' ratio=1.29 fg=ffd98a bg=c8c3ba","Mark '🏅' ratio=1.63 fg=f6f7fb bg=c8c3ba","Name 'Abyssal Sanctuary' ratio=1.13 fg=27e7e0 bg=c8c3ba","State 'UNLOCKED' ratio=1.29 fg=ffd98a bg=c8c3ba","Mark '🏅' ratio=1.63 fg=f6f7fb bg=c8c3ba","Name 'Titan Caldera' ratio=1.57 fg=ff7138 bg=c8c3ba","State 'UNLOCKED' ratio=1.29 fg=ffd98a bg=c8c3ba","Mark '🏅' ratio=1.63 fg=f6f7fb bg=c8c3ba","Name 'Celestial Orrery' ratio=1.52 fg=a98cff bg=c8c3ba","State 'UNLOCKED' ratio=1.29 fg=ffd98a bg=c8c3ba"]
ok legibility/1280x720/challenges/demo-limited/containment
ok legibility/1280x720/challenges/demo-limited/disjoint_blocks
FAIL legibility/1280x720/challenges/demo-limited/contrast: expected [], got ["Mark '🏅' ratio=1.63 fg=f6f7fb bg=c8c3ba","Name 'Crimson Claw' ratio=1.63 fg=f6f7fb bg=c8c3ba","State 'WON' ratio=1.29 fg=ffd98a bg=c8c3ba","Mark '🏅' ratio=1.63 fg=f6f7fb bg=c8c3ba","Name 'Ruby Huntress' ratio=1.63 fg=f6f7fb bg=c8c3ba","State 'WON' ratio=1.29 fg=ffd98a bg=c8c3ba","GroupName 'THE STEAMER' ratio=2.33 fg=ff8c00 bg=ffffff","Mark '🏅' ratio=1.63 fg=f6f7fb bg=c8c3ba","Name 'Night Circuit' ratio=1.63 fg=f6f7fb bg=c8c3ba","State 'WON' ratio=1.29 fg=ffd98a bg=c8c3ba","Mark '🏅' ratio=1.63 fg=f6f7fb bg=c8c3ba","Name 'Brass Legend' ratio=1.63 fg=f6f7fb bg=c8c3ba","State 'WON' ratio=1.29 fg=ffd98a bg=c8c3ba","Mark '🏅' ratio=1.63 fg=f6f7fb bg=c8c3ba","Name 'Titanium Boiler' ratio=1.63 fg=f6f7fb bg=c8c3ba","State 'WON' ratio=1.29 fg=ffd98a bg=c8c3ba","Mark '🏅' ratio=1.63 fg=f6f7fb bg=c8c3ba","Name 'Boiler Raider' ratio=1.63 fg=f6f7fb bg=c8c3ba","State 'WON' ratio=1.29 fg=ffd98a bg=c8c3ba","GroupName 'THE FLAME' ratio=1.34 fg=1aff8a bg=ffffff","Mark '🏅' ratio=1.63 fg=f6f7fb bg=c8c3ba","Name 'Night Circuit' ratio=1.63 fg=f6f7fb bg=c8c3ba","State 'WON' ratio=1.29 fg=ffd98a bg=c8c3ba","Mark '🏅' ratio=1.63 fg=f6f7fb bg=c8c3ba","Name 'Brass Legend' ratio=1.63 fg=f6f7fb bg=c8c3ba","State 'WON' ratio=1.29 fg=ffd98a bg=c8c3ba","Mark '🏅' ratio=1.63 fg=f6f7fb bg=c8c3ba","Name 'Neon Phoenix' ratio=1.63 fg=f6f7fb bg=c8c3ba","State 'WON' ratio=1.29 fg=ffd98a bg=c8c3ba","Mark '🏅' ratio=1.63 fg=f6f7fb bg=c8c3ba","Name 'Phoenix Warden' ratio=1.63 fg=f6f7fb bg=c8c3ba","State 'WON' ratio=1.29 fg=ffd98a bg=c8c3ba","GroupName 'THE ORACLE' ratio=2.44 fg=c98bff bg=ffffff","Mark '🏅' ratio=1.63 fg=f6f7fb bg=c8c3ba","Name 'Quantum Eclipse' ratio=1.63 fg=f6f7fb bg=c8c3ba","State 'WON' ratio=1.29 fg=ffd98a bg=c8c3ba","Mark '🏅' ratio=1.63 fg=f6f7fb bg=c8c3ba","Name 'Void Seer' ratio=1.63 fg=f6f7fb bg=c8c3ba","State 'WON' ratio=1.29 fg=ffd98a bg=c8c3ba","GroupName 'THE COLOSSUS' ratio=1.41 fg=ffd54a bg=ffffff","Mark '🏅' ratio=1.63 fg=f6f7fb bg=c8c3ba","Name 'Imperial Forge' ratio=1.63 fg=f6f7fb bg=c8c3ba","State 'WON' ratio=1.29 fg=ffd98a bg=c8c3ba","Mark '🏅' ratio=1.63 fg=f6f7fb bg=c8c3ba","Name 'Runic Guardian' ratio=1.63 fg=f6f7fb bg=c8c3ba","State 'WON' ratio=1.29 fg=ffd98a bg=c8c3ba","SectionTitle 'ARENAS' ratio=1.54 fg=00e5ff bg=ffffff","Mark '🏅' ratio=1.63 fg=f6f7fb bg=c8c3ba","Name 'Steam Cathedral' ratio=1.39 fg=c98bff bg=c8c3ba","State 'UNLOCKED' ratio=1.29 fg=ffd98a bg=c8c3ba","Mark '🏅' ratio=1.63 fg=f6f7fb bg=c8c3ba","Name 'Abyssal Forge' ratio=1.24 fg=ffd54a bg=c8c3ba","State 'UNLOCKED' ratio=1.29 fg=ffd98a bg=c8c3ba","Mark '🏅' ratio=1.63 fg=f6f7fb bg=c8c3ba","Name 'Storm Bastion' ratio=1.18 fg=52e6ff bg=c8c3ba","State 'UNLOCKED' ratio=1.29 fg=ffd98a bg=c8c3ba","Mark '🏅' ratio=1.63 fg=f6f7fb bg=c8c3ba","Name 'Abyssal Sanctuary' ratio=1.13 fg=27e7e0 bg=c8c3ba","State 'UNLOCKED' ratio=1.29 fg=ffd98a bg=c8c3ba","Mark '🏅' ratio=1.63 fg=f6f7fb bg=c8c3ba","Name 'Titan Caldera' ratio=1.57 fg=ff7138 bg=c8c3ba","State 'UNLOCKED' ratio=1.29 fg=ffd98a bg=c8c3ba","Mark '🏅' ratio=1.63 fg=f6f7fb bg=c8c3ba","Name 'Celestial Orrery' ratio=1.52 fg=a98cff bg=c8c3ba","State 'UNLOCKED' ratio=1.29 fg=ffd98a bg=c8c3ba"]
ok legibility/1280x720/profile/default/containment
ok legibility/1280x720/profile/default/disjoint_blocks
FAIL legibility/1280x720/profile/default/contrast: expected [], got ["Label 'Win 4 points with ' ratio=2.85 fg=ffffff bg=999999","Progress '0/4' ratio=2.85 fg=ffffff bg=999999","Label '10 winning shots t' ratio=2.85 fg=ffffff bg=999999","Progress '0/10' ratio=2.85 fg=ffffff bg=999999","Label 'One 10-hit rally' ratio=2.85 fg=ffffff bg=999999","Progress '0/10' ratio=2.85 fg=ffffff bg=999999"]
ok legibility/1280x720/profile/empty-objectives/containment
ok legibility/1280x720/profile/empty-objectives/disjoint_blocks
ok legibility/1280x720/profile/empty-objectives/contrast
ok legibility/1280x720/profile/mid-season/containment
ok legibility/1280x720/profile/mid-season/disjoint_blocks
FAIL legibility/1280x720/profile/mid-season/contrast: expected [], got ["Check '✓' ratio=2.13 fg=1aff8a bg=999999","Label 'Win 4 points with ' ratio=2.66 fg=f6f7fb bg=999999","Progress '4/4' ratio=2.13 fg=1aff8a bg=999999","Label '10 winning shots t' ratio=2.85 fg=ffffff bg=999999","Progress '0/10' ratio=2.85 fg=ffffff bg=999999","Label 'One 10-hit rally' ratio=2.85 fg=ffffff bg=999999","Progress '0/10' ratio=2.85 fg=ffffff bg=999999"]
ok legibility/1280x720/feedback/default/containment
ok legibility/1280x720/feedback/default/disjoint_blocks
ok legibility/1280x720/feedback/default/contrast
ok legibility/1280x720/feedback/counted/containment
ok legibility/1280x720/feedback/counted/disjoint_blocks
ok legibility/1280x720/feedback/counted/contrast
FAIL legibility/1280x720/feedback/diagnostics-open/containment: expected [], got ["Margin [P: (0.0, -64.5), S: (1280.0, 849.0)] outside Shell [P: (0.0, 0.0), S: (1280.0, 720.0)]"]
ok legibility/1280x720/feedback/diagnostics-open/disjoint_blocks
FAIL legibility/1280x720/feedback/diagnostics-open/contrast: expected [], got ["Title 'SEND FEEDBACK' ratio=1.07 fg=f6f7fb bg=ffffff","Subtitle 'What's off, what's' ratio=1.07 fg=f6f7fb bg=ffffff","Note 'The game sends not' ratio=1.07 fg=f6f7fb bg=ffffff"]
FAIL legibility/1280x720/feedback/fallback/containment: expected [], got ["Margin [P: (0.0, -145.0), S: (1280.0, 1010.0)] outside Shell [P: (0.0, 0.0), S: (1280.0, 720.0)]"]
ok legibility/1280x720/feedback/fallback/disjoint_blocks
FAIL legibility/1280x720/feedback/fallback/contrast: expected [], got ["Title 'SEND FEEDBACK' ratio=1.07 fg=f6f7fb bg=ffffff","Subtitle 'What's off, what's' ratio=1.07 fg=f6f7fb bg=ffffff","TopicLabel 'What is it about' ratio=1.07 fg=f6f7fb bg=ffffff","Topic_bug 'Bug' ratio=1.07 fg=f6f7fb bg=ffffff","Topic_balance 'Balance' ratio=1.07 fg=f6f7fb bg=ffffff","Topic_controls 'Controls' ratio=1.07 fg=f6f7fb bg=ffffff","Topic_performance 'Performance' ratio=1.07 fg=f6f7fb bg=ffffff","Topic_idea 'Idea' ratio=1.07 fg=f6f7fb bg=ffffff","Topic_other 'Other' ratio=1.07 fg=f6f7fb bg=ffffff","Note 'The game sends not' ratio=1.07 fg=f6f7fb bg=ffffff","Status 'I couldn't send it' ratio=1.07 fg=f6f7fb bg=ffffff"]
FAIL legibility/1280x720/feedback/sent/containment: expected [], got ["Margin [P: (0.0, -145.0), S: (1280.0, 1010.0)] outside Shell [P: (0.0, 0.0), S: (1280.0, 720.0)]"]
ok legibility/1280x720/feedback/sent/disjoint_blocks
FAIL legibility/1280x720/feedback/sent/contrast: expected [], got ["Title 'SEND FEEDBACK' ratio=1.07 fg=f6f7fb bg=ffffff","Subtitle 'What's off, what's' ratio=1.07 fg=f6f7fb bg=ffffff","TopicLabel 'What is it about' ratio=1.07 fg=f6f7fb bg=ffffff","Topic_bug 'Bug' ratio=1.07 fg=f6f7fb bg=ffffff","Topic_balance 'Balance' ratio=1.07 fg=f6f7fb bg=ffffff","Topic_controls 'Controls' ratio=1.07 fg=f6f7fb bg=ffffff","Topic_performance 'Performance' ratio=1.07 fg=f6f7fb bg=ffffff","Topic_idea 'Idea' ratio=1.07 fg=f6f7fb bg=ffffff","Topic_other 'Other' ratio=1.07 fg=f6f7fb bg=ffffff","Note 'The game sends not' ratio=1.07 fg=f6f7fb bg=ffffff","Status 'Feedback sent succ' ratio=1.07 fg=f6f7fb bg=ffffff"]
FAIL legibility/1280x720/drill/default/containment: expected [], got ["Margin [P: (-66.0, 0.0), S: (1412.0, 720.0)] outside Shell [P: (0.0, 0.0), S: (1280.0, 720.0)]"]
ok legibility/1280x720/drill/default/disjoint_blocks
ok legibility/1280x720/drill/default/contrast
FAIL legibility/1280x720/drill/precision/containment: expected [], got ["Margin [P: (-66.0, 0.0), S: (1412.0, 720.0)] outside Shell [P: (0.0, 0.0), S: (1280.0, 720.0)]"]
ok legibility/1280x720/drill/precision/disjoint_blocks
ok legibility/1280x720/drill/precision/contrast
FAIL legibility/1280x720/drill/smash/containment: expected [], got ["Margin [P: (-12.0, 0.0), S: (1304.0, 720.0)] outside Shell [P: (0.0, 0.0), S: (1280.0, 720.0)]"]
ok legibility/1280x720/drill/smash/disjoint_blocks
ok legibility/1280x720/drill/smash/contrast
FAIL legibility/1280x720/drill/rally/containment: expected [], got ["Margin [P: (-6.0, 0.0), S: (1292.0, 720.0)] outside Shell [P: (0.0, 0.0), S: (1280.0, 720.0)]"]
ok legibility/1280x720/drill/rally/disjoint_blocks
ok legibility/1280x720/drill/rally/contrast
FAIL legibility/1280x720/drill/serve/containment: expected [], got ["Margin [P: (-184.0, 0.0), S: (1648.0, 720.0)] outside Shell [P: (0.0, 0.0), S: (1280.0, 720.0)]"]
ok legibility/1280x720/drill/serve/disjoint_blocks
ok legibility/1280x720/drill/serve/contrast
FAIL legibility/1280x720/drill/hard/containment: expected [], got ["Margin [P: (-184.0, 0.0), S: (1648.0, 720.0)] outside Shell [P: (0.0, 0.0), S: (1280.0, 720.0)]"]
ok legibility/1280x720/drill/hard/disjoint_blocks
ok legibility/1280x720/drill/hard/contrast
FAIL legibility/1280x720/drill/legend/containment: expected [], got ["Margin [P: (-184.0, 0.0), S: (1648.0, 720.0)] outside Shell [P: (0.0, 0.0), S: (1280.0, 720.0)]"]
ok legibility/1280x720/drill/legend/disjoint_blocks
ok legibility/1280x720/drill/legend/contrast
ok legibility/1280x720/settings/default/containment
ok legibility/1280x720/settings/default/disjoint_blocks
ok legibility/1280x720/settings/default/contrast
ok legibility/1280x720/result/default/containment
ok legibility/1280x720/result/default/disjoint_blocks
ok legibility/1280x720/result/default/contrast
ok legibility/1280x720/result/win-points/containment
ok legibility/1280x720/result/win-points/disjoint_blocks
ok legibility/1280x720/result/win-points/contrast
ok legibility/1280x720/result/loss-points/containment
ok legibility/1280x720/result/loss-points/disjoint_blocks
ok legibility/1280x720/result/loss-points/contrast
ok legibility/1280x720/result/win-set/containment
ok legibility/1280x720/result/win-set/disjoint_blocks
ok legibility/1280x720/result/win-set/contrast
ok legibility/1280x720/result/loss-set/containment
ok legibility/1280x720/result/loss-set/disjoint_blocks
ok legibility/1280x720/result/loss-set/contrast
ok legibility/1280x720/result/multi-set/containment
ok legibility/1280x720/result/multi-set/disjoint_blocks
ok legibility/1280x720/result/multi-set/contrast
ok legibility/1280x720/result/career-promotion/containment
ok legibility/1280x720/result/career-promotion/disjoint_blocks
ok legibility/1280x720/result/career-promotion/contrast
ok legibility/1280x720/result/tournament-next/containment
ok legibility/1280x720/result/tournament-next/disjoint_blocks
ok legibility/1280x720/result/tournament-next/contrast
ok legibility/1280x720/result/demo-cta/containment
ok legibility/1280x720/result/demo-cta/disjoint_blocks
ok legibility/1280x720/result/demo-cta/contrast
ok legibility/1280x720/result/beta-cta/containment
ok legibility/1280x720/result/beta-cta/disjoint_blocks
ok legibility/1280x720/result/beta-cta/contrast
ok legibility/1152x648/the_host_mounted_a_router
ok legibility/1152x648/menu/default/containment
ok legibility/1152x648/menu/default/disjoint_blocks
ok legibility/1152x648/menu/default/contrast
ok legibility/1152x648/menu/demo/containment
ok legibility/1152x648/menu/demo/disjoint_blocks
ok legibility/1152x648/menu/demo/contrast
ok legibility/1152x648/menu/beta/containment
ok legibility/1152x648/menu/beta/disjoint_blocks
ok legibility/1152x648/menu/beta/contrast
FAIL legibility/1152x648/characters/default/containment: expected [], got ["Frame [P: (-26.0, 0.0), S: (1204.0, 648.0)] outside CharactersScreen [P: (0.0, 0.0), S: (1152.0, 648.0)]"]
ok legibility/1152x648/characters/default/disjoint_blocks
ok legibility/1152x648/characters/default/contrast
FAIL legibility/1152x648/characters/picker-open/containment: expected [], got ["Frame [P: (-30.0, 0.0), S: (1212.0, 648.0)] outside CharactersScreen [P: (0.0, 0.0), S: (1152.0, 648.0)]"]
ok legibility/1152x648/characters/picker-open/disjoint_blocks
ok legibility/1152x648/characters/picker-open/contrast
ok legibility/1152x648/characters/outfit-open/containment
ok legibility/1152x648/characters/outfit-open/disjoint_blocks
ok legibility/1152x648/characters/outfit-open/contrast
FAIL legibility/1152x648/characters/locked-athlete/containment: expected [], got ["Frame [P: (-30.0, 0.0), S: (1212.0, 648.0)] outside CharactersScreen [P: (0.0, 0.0), S: (1152.0, 648.0)]"]
ok legibility/1152x648/characters/locked-athlete/disjoint_blocks
ok legibility/1152x648/characters/locked-athlete/contrast
ok legibility/1152x648/characters/demo-locked/containment
ok legibility/1152x648/characters/demo-locked/disjoint_blocks
ok legibility/1152x648/characters/demo-locked/contrast
ok legibility/1152x648/modes/default/containment
ok legibility/1152x648/modes/default/disjoint_blocks
ok legibility/1152x648/modes/default/contrast
ok legibility/1152x648/modes/quick/containment
ok legibility/1152x648/modes/quick/disjoint_blocks
ok legibility/1152x648/modes/quick/contrast
ok legibility/1152x648/modes/tournament/containment
ok legibility/1152x648/modes/tournament/disjoint_blocks
ok legibility/1152x648/modes/tournament/contrast
ok legibility/1152x648/modes/career/containment
ok legibility/1152x648/modes/career/disjoint_blocks
ok legibility/1152x648/modes/career/contrast
ok legibility/1152x648/modes/demo-locked/containment
ok legibility/1152x648/modes/demo-locked/disjoint_blocks
ok legibility/1152x648/modes/demo-locked/contrast
ok legibility/1152x648/arena/default/containment
ok legibility/1152x648/arena/default/disjoint_blocks
FAIL legibility/1152x648/arena/default/contrast: expected [], got ["PlayerModeButton_solo '1 player' ratio=2.66 fg=f6f7fb bg=999999","PlayerModeButton_coop 'Co-op 2' ratio=2.66 fg=f6f7fb bg=999999","PlayerModeButton_pvp 'Local versus' ratio=2.66 fg=f6f7fb bg=999999"]
ok legibility/1152x648/arena/career-calendar/containment
ok legibility/1152x648/arena/career-calendar/disjoint_blocks
ok legibility/1152x648/arena/career-calendar/contrast
ok legibility/1152x648/arena/tournament-bracket/containment
ok legibility/1152x648/arena/tournament-bracket/disjoint_blocks
ok legibility/1152x648/arena/tournament-bracket/contrast
ok legibility/1152x648/arena/demo-locked/containment
ok legibility/1152x648/arena/demo-locked/disjoint_blocks
ok legibility/1152x648/arena/demo-locked/contrast
ok legibility/1152x648/arena/player-mode-coop/containment
ok legibility/1152x648/arena/player-mode-coop/disjoint_blocks
FAIL legibility/1152x648/arena/player-mode-coop/contrast: expected [], got ["PlayerModeButton_solo '1 player' ratio=2.66 fg=f6f7fb bg=999999","PlayerModeButton_coop 'Co-op 2' ratio=2.66 fg=f6f7fb bg=999999","PlayerModeButton_pvp 'Local versus' ratio=2.66 fg=f6f7fb bg=999999"]
ok legibility/1152x648/help/keyboard-tab/containment
ok legibility/1152x648/help/keyboard-tab/disjoint_blocks
ok legibility/1152x648/help/keyboard-tab/contrast
ok legibility/1152x648/help/controller-tab/containment
ok legibility/1152x648/help/controller-tab/disjoint_blocks
FAIL legibility/1152x648/help/controller-tab/contrast: expected [], got ["Label 'Drive' ratio=1.09 fg=e6f8ff bg=ffffff","Desc 'Hold and release t' ratio=2.56 fg=8aa5bc bg=ffffff","Label 'Slice' ratio=1.09 fg=e6f8ff bg=ffffff","Desc 'Cut shot and vibor' ratio=2.56 fg=8aa5bc bg=ffffff","Label 'Lob' ratio=1.09 fg=e6f8ff bg=ffffff","Desc 'Lob over the net p' ratio=2.56 fg=8aa5bc bg=ffffff","Label 'Special' ratio=1.09 fg=e6f8ff bg=ffffff","Desc 'Use the athlete's ' ratio=2.56 fg=8aa5bc bg=ffffff","Label 'Switch' ratio=1.09 fg=e6f8ff bg=ffffff","Desc 'Quickly select you' ratio=2.56 fg=8aa5bc bg=ffffff","Label 'Split step' ratio=1.09 fg=e6f8ff bg=ffffff","Desc 'Defensive stance: ' ratio=2.56 fg=8aa5bc bg=ffffff","Label 'Angle' ratio=1.09 fg=e6f8ff bg=ffffff","Desc 'Analog angle: tigh' ratio=2.56 fg=8aa5bc bg=ffffff","Label 'Technique' ratio=1.09 fg=e6f8ff bg=ffffff","Desc 'A chiquita, X vibo' ratio=2.56 fg=8aa5bc bg=ffffff","Label 'Tactics' ratio=1.09 fg=e6f8ff bg=ffffff","Desc 'Up net, down defen' ratio=2.56 fg=8aa5bc bg=ffffff","Label 'Smash' ratio=1.09 fg=e6f8ff bg=ffffff","Desc 'Charge and release' ratio=2.56 fg=8aa5bc bg=ffffff","Label 'Pause' ratio=1.09 fg=e6f8ff bg=ffffff","Desc 'Open or close this' ratio=2.56 fg=8aa5bc bg=ffffff"]
SCRIPT ERROR: Trying to assign an array of type "Array" to a variable of type "Array[Dictionary]".
          at: refresh (res://src/ui/screens/HistoryScreen.gd:160)
          GDScript backtrace (most recent call first):
              [0] refresh (res://src/ui/screens/HistoryScreen.gd:160)
              [1] apply_capture_state (res://src/ui/screens/HistoryScreen.gd:120)
              [2] _walk_screens (res://tests/ui/ui_legibility_audit.gd:101)
ok legibility/1152x648/history/empty/containment
ok legibility/1152x648/history/empty/disjoint_blocks
ok legibility/1152x648/history/empty/contrast
ok legibility/1152x648/history/populated/containment
ok legibility/1152x648/history/populated/disjoint_blocks
ok legibility/1152x648/history/populated/contrast
ok legibility/1152x648/challenges/default/containment
ok legibility/1152x648/challenges/default/disjoint_blocks
FAIL legibility/1152x648/challenges/default/contrast: expected [], got ["Mark '🎯' ratio=3.32 fg=f6f7fb bg=848896","Name 'Crimson Claw' ratio=3.32 fg=f6f7fb bg=848896","Mark '🎯' ratio=3.32 fg=f6f7fb bg=848896","Name 'Ruby Huntress' ratio=3.32 fg=f6f7fb bg=848896","GroupName 'THE STEAMER' ratio=2.33 fg=ff8c00 bg=ffffff","Mark '🎯' ratio=3.32 fg=f6f7fb bg=848896","Name 'Night Circuit' ratio=3.32 fg=f6f7fb bg=848896","Mark '🎯' ratio=3.32 fg=f6f7fb bg=848896","Name 'Brass Legend' ratio=3.32 fg=f6f7fb bg=848896","Mark '🎯' ratio=3.32 fg=f6f7fb bg=848896","Name 'Titanium Boiler' ratio=3.32 fg=f6f7fb bg=848896","Mark '🎯' ratio=3.32 fg=f6f7fb bg=848896","Name 'Boiler Raider' ratio=3.32 fg=f6f7fb bg=848896","GroupName 'THE FLAME' ratio=1.34 fg=1aff8a bg=ffffff","Mark '🎯' ratio=3.32 fg=f6f7fb bg=848896","Name 'Night Circuit' ratio=3.32 fg=f6f7fb bg=848896","Mark '🎯' ratio=3.32 fg=f6f7fb bg=848896","Name 'Brass Legend' ratio=3.32 fg=f6f7fb bg=848896","Mark '🎯' ratio=3.32 fg=f6f7fb bg=848896","Name 'Neon Phoenix' ratio=3.32 fg=f6f7fb bg=848896","Mark '🎯' ratio=3.32 fg=f6f7fb bg=848896","Name 'Phoenix Warden' ratio=3.32 fg=f6f7fb bg=848896","GroupName 'THE ORACLE' ratio=2.44 fg=c98bff bg=ffffff","Mark '🎯' ratio=3.32 fg=f6f7fb bg=848896","Name 'Quantum Eclipse' ratio=3.32 fg=f6f7fb bg=848896","Mark '🎯' ratio=3.32 fg=f6f7fb bg=848896","Name 'Void Seer' ratio=3.32 fg=f6f7fb bg=848896","GroupName 'THE COLOSSUS' ratio=1.41 fg=ffd54a bg=ffffff","Mark '🎯' ratio=3.32 fg=f6f7fb bg=848896","Name 'Imperial Forge' ratio=3.32 fg=f6f7fb bg=848896","Mark '🎯' ratio=3.32 fg=f6f7fb bg=848896","Name 'Runic Guardian' ratio=3.32 fg=f6f7fb bg=848896","SectionTitle 'ARENAS' ratio=1.54 fg=00e5ff bg=ffffff","Mark '🎯' ratio=3.32 fg=f6f7fb bg=848896","Name 'Steam Cathedral' ratio=1.46 fg=c98bff bg=848896","Mark '🎯' ratio=3.32 fg=f6f7fb bg=848896","Name 'Abyssal Forge' ratio=2.52 fg=ffd54a bg=848896","Mark '🎯' ratio=3.32 fg=f6f7fb bg=848896","Name 'Storm Bastion' ratio=2.39 fg=52e6ff bg=848896","Mark '🎯' ratio=3.32 fg=f6f7fb bg=848896","Name 'Abyssal Sanctuary' ratio=2.30 fg=27e7e0 bg=848896","Mark '🎯' ratio=3.32 fg=f6f7fb bg=848896","Name 'Titan Caldera' ratio=1.30 fg=ff7138 bg=848896","Mark '🎯' ratio=3.32 fg=f6f7fb bg=848896","Name 'Celestial Orrery' ratio=1.34 fg=a98cff bg=848896"]
ok legibility/1152x648/challenges/some-complete/containment
ok legibility/1152x648/challenges/some-complete/disjoint_blocks
FAIL legibility/1152x648/challenges/some-complete/contrast: expected [], got ["Mark '🎯' ratio=3.32 fg=f6f7fb bg=848896","Name 'Crimson Claw' ratio=3.32 fg=f6f7fb bg=848896","Mark '🎯' ratio=3.32 fg=f6f7fb bg=848896","Name 'Ruby Huntress' ratio=3.32 fg=f6f7fb bg=848896","GroupName 'THE STEAMER' ratio=2.33 fg=ff8c00 bg=ffffff","Mark '🏅' ratio=1.63 fg=f6f7fb bg=c8c3ba","Name 'Night Circuit' ratio=1.63 fg=f6f7fb bg=c8c3ba","State 'WON' ratio=1.29 fg=ffd98a bg=c8c3ba","Mark '🎯' ratio=3.32 fg=f6f7fb bg=848896","Name 'Brass Legend' ratio=3.32 fg=f6f7fb bg=848896","Mark '🎯' ratio=3.32 fg=f6f7fb bg=848896","Name 'Titanium Boiler' ratio=3.32 fg=f6f7fb bg=848896","Mark '🎯' ratio=3.32 fg=f6f7fb bg=848896","Name 'Boiler Raider' ratio=3.32 fg=f6f7fb bg=848896","GroupName 'THE FLAME' ratio=1.34 fg=1aff8a bg=ffffff","Mark '🏅' ratio=1.63 fg=f6f7fb bg=c8c3ba","Name 'Night Circuit' ratio=1.63 fg=f6f7fb bg=c8c3ba","State 'WON' ratio=1.29 fg=ffd98a bg=c8c3ba","Mark '🎯' ratio=3.32 fg=f6f7fb bg=848896","Name 'Brass Legend' ratio=3.32 fg=f6f7fb bg=848896","Mark '🎯' ratio=3.32 fg=f6f7fb bg=848896","Name 'Neon Phoenix' ratio=3.32 fg=f6f7fb bg=848896","Mark '🎯' ratio=3.32 fg=f6f7fb bg=848896","Name 'Phoenix Warden' ratio=3.32 fg=f6f7fb bg=848896","GroupName 'THE ORACLE' ratio=2.44 fg=c98bff bg=ffffff","Mark '🏅' ratio=1.63 fg=f6f7fb bg=c8c3ba","Name 'Quantum Eclipse' ratio=1.63 fg=f6f7fb bg=c8c3ba","State 'WON' ratio=1.29 fg=ffd98a bg=c8c3ba","Mark '🎯' ratio=3.32 fg=f6f7fb bg=848896","Name 'Void Seer' ratio=3.32 fg=f6f7fb bg=848896","GroupName 'THE COLOSSUS' ratio=1.41 fg=ffd54a bg=ffffff","Mark '🏅' ratio=1.63 fg=f6f7fb bg=c8c3ba","Name 'Imperial Forge' ratio=1.63 fg=f6f7fb bg=c8c3ba","State 'WON' ratio=1.29 fg=ffd98a bg=c8c3ba","Mark '🎯' ratio=3.32 fg=f6f7fb bg=848896","Name 'Runic Guardian' ratio=3.32 fg=f6f7fb bg=848896","SectionTitle 'ARENAS' ratio=1.54 fg=00e5ff bg=ffffff","Mark '🎯' ratio=3.32 fg=f6f7fb bg=848896","Name 'Steam Cathedral' ratio=1.46 fg=c98bff bg=848896","Mark '🎯' ratio=3.32 fg=f6f7fb bg=848896","Name 'Abyssal Forge' ratio=2.52 fg=ffd54a bg=848896","Mark '🎯' ratio=3.32 fg=f6f7fb bg=848896","Name 'Storm Bastion' ratio=2.39 fg=52e6ff bg=848896","Mark '🎯' ratio=3.32 fg=f6f7fb bg=848896","Name 'Abyssal Sanctuary' ratio=2.30 fg=27e7e0 bg=848896","Mark '🎯' ratio=3.32 fg=f6f7fb bg=848896","Name 'Titan Caldera' ratio=1.30 fg=ff7138 bg=848896","Mark '🎯' ratio=3.32 fg=f6f7fb bg=848896","Name 'Celestial Orrery' ratio=1.34 fg=a98cff bg=848896"]
ok legibility/1152x648/challenges/all-complete/containment
ok legibility/1152x648/challenges/all-complete/disjoint_blocks
FAIL legibility/1152x648/challenges/all-complete/contrast: expected [], got ["Mark '🏅' ratio=1.63 fg=f6f7fb bg=c8c3ba","Name 'Crimson Claw' ratio=1.63 fg=f6f7fb bg=c8c3ba","State 'WON' ratio=1.29 fg=ffd98a bg=c8c3ba","Mark '🏅' ratio=1.63 fg=f6f7fb bg=c8c3ba","Name 'Ruby Huntress' ratio=1.63 fg=f6f7fb bg=c8c3ba","State 'WON' ratio=1.29 fg=ffd98a bg=c8c3ba","GroupName 'THE STEAMER' ratio=2.33 fg=ff8c00 bg=ffffff","Mark '🏅' ratio=1.63 fg=f6f7fb bg=c8c3ba","Name 'Night Circuit' ratio=1.63 fg=f6f7fb bg=c8c3ba","State 'WON' ratio=1.29 fg=ffd98a bg=c8c3ba","Mark '🏅' ratio=1.63 fg=f6f7fb bg=c8c3ba","Name 'Brass Legend' ratio=1.63 fg=f6f7fb bg=c8c3ba","State 'WON' ratio=1.29 fg=ffd98a bg=c8c3ba","Mark '🏅' ratio=1.63 fg=f6f7fb bg=c8c3ba","Name 'Titanium Boiler' ratio=1.63 fg=f6f7fb bg=c8c3ba","State 'WON' ratio=1.29 fg=ffd98a bg=c8c3ba","Mark '🏅' ratio=1.63 fg=f6f7fb bg=c8c3ba","Name 'Boiler Raider' ratio=1.63 fg=f6f7fb bg=c8c3ba","State 'WON' ratio=1.29 fg=ffd98a bg=c8c3ba","GroupName 'THE FLAME' ratio=1.34 fg=1aff8a bg=ffffff","Mark '🏅' ratio=1.63 fg=f6f7fb bg=c8c3ba","Name 'Night Circuit' ratio=1.63 fg=f6f7fb bg=c8c3ba","State 'WON' ratio=1.29 fg=ffd98a bg=c8c3ba","Mark '🏅' ratio=1.63 fg=f6f7fb bg=c8c3ba","Name 'Brass Legend' ratio=1.63 fg=f6f7fb bg=c8c3ba","State 'WON' ratio=1.29 fg=ffd98a bg=c8c3ba","Mark '🏅' ratio=1.63 fg=f6f7fb bg=c8c3ba","Name 'Neon Phoenix' ratio=1.63 fg=f6f7fb bg=c8c3ba","State 'WON' ratio=1.29 fg=ffd98a bg=c8c3ba","Mark '🏅' ratio=1.63 fg=f6f7fb bg=c8c3ba","Name 'Phoenix Warden' ratio=1.63 fg=f6f7fb bg=c8c3ba","State 'WON' ratio=1.29 fg=ffd98a bg=c8c3ba","GroupName 'THE ORACLE' ratio=2.44 fg=c98bff bg=ffffff","Mark '🏅' ratio=1.63 fg=f6f7fb bg=c8c3ba","Name 'Quantum Eclipse' ratio=1.63 fg=f6f7fb bg=c8c3ba","State 'WON' ratio=1.29 fg=ffd98a bg=c8c3ba","Mark '🏅' ratio=1.63 fg=f6f7fb bg=c8c3ba","Name 'Void Seer' ratio=1.63 fg=f6f7fb bg=c8c3ba","State 'WON' ratio=1.29 fg=ffd98a bg=c8c3ba","GroupName 'THE COLOSSUS' ratio=1.41 fg=ffd54a bg=ffffff","Mark '🏅' ratio=1.63 fg=f6f7fb bg=c8c3ba","Name 'Imperial Forge' ratio=1.63 fg=f6f7fb bg=c8c3ba","State 'WON' ratio=1.29 fg=ffd98a bg=c8c3ba","Mark '🏅' ratio=1.63 fg=f6f7fb bg=c8c3ba","Name 'Runic Guardian' ratio=1.63 fg=f6f7fb bg=c8c3ba","State 'WON' ratio=1.29 fg=ffd98a bg=c8c3ba","SectionTitle 'ARENAS' ratio=1.54 fg=00e5ff bg=ffffff","Mark '🏅' ratio=1.63 fg=f6f7fb bg=c8c3ba","Name 'Steam Cathedral' ratio=1.39 fg=c98bff bg=c8c3ba","State 'UNLOCKED' ratio=1.29 fg=ffd98a bg=c8c3ba","Mark '🏅' ratio=1.63 fg=f6f7fb bg=c8c3ba","Name 'Abyssal Forge' ratio=1.24 fg=ffd54a bg=c8c3ba","State 'UNLOCKED' ratio=1.29 fg=ffd98a bg=c8c3ba","Mark '🏅' ratio=1.63 fg=f6f7fb bg=c8c3ba","Name 'Storm Bastion' ratio=1.18 fg=52e6ff bg=c8c3ba","State 'UNLOCKED' ratio=1.29 fg=ffd98a bg=c8c3ba","Mark '🏅' ratio=1.63 fg=f6f7fb bg=c8c3ba","Name 'Abyssal Sanctuary' ratio=1.13 fg=27e7e0 bg=c8c3ba","State 'UNLOCKED' ratio=1.29 fg=ffd98a bg=c8c3ba","Mark '🏅' ratio=1.63 fg=f6f7fb bg=c8c3ba","Name 'Titan Caldera' ratio=1.57 fg=ff7138 bg=c8c3ba","State 'UNLOCKED' ratio=1.29 fg=ffd98a bg=c8c3ba","Mark '🏅' ratio=1.63 fg=f6f7fb bg=c8c3ba","Name 'Celestial Orrery' ratio=1.52 fg=a98cff bg=c8c3ba","State 'UNLOCKED' ratio=1.29 fg=ffd98a bg=c8c3ba"]
ok legibility/1152x648/challenges/demo-limited/containment
ok legibility/1152x648/challenges/demo-limited/disjoint_blocks
FAIL legibility/1152x648/challenges/demo-limited/contrast: expected [], got ["Mark '🏅' ratio=1.63 fg=f6f7fb bg=c8c3ba","Name 'Brass Legend' ratio=1.63 fg=f6f7fb bg=c8c3ba","State 'WON' ratio=1.29 fg=ffd98a bg=c8c3ba","Mark '🏅' ratio=1.63 fg=f6f7fb bg=c8c3ba","Name 'Crimson Claw' ratio=1.63 fg=f6f7fb bg=c8c3ba","State 'WON' ratio=1.29 fg=ffd98a bg=c8c3ba","Mark '🏅' ratio=1.63 fg=f6f7fb bg=c8c3ba","Name 'Ruby Huntress' ratio=1.63 fg=f6f7fb bg=c8c3ba","State 'WON' ratio=1.29 fg=ffd98a bg=c8c3ba","GroupName 'THE STEAMER' ratio=2.33 fg=ff8c00 bg=ffffff","Mark '🏅' ratio=1.63 fg=f6f7fb bg=c8c3ba","Name 'Night Circuit' ratio=1.63 fg=f6f7fb bg=c8c3ba","State 'WON' ratio=1.29 fg=ffd98a bg=c8c3ba","Mark '🏅' ratio=1.63 fg=f6f7fb bg=c8c3ba","Name 'Brass Legend' ratio=1.63 fg=f6f7fb bg=c8c3ba","State 'WON' ratio=1.29 fg=ffd98a bg=c8c3ba","Mark '🏅' ratio=1.63 fg=f6f7fb bg=c8c3ba","Name 'Titanium Boiler' ratio=1.63 fg=f6f7fb bg=c8c3ba","State 'WON' ratio=1.29 fg=ffd98a bg=c8c3ba","Mark '🏅' ratio=1.63 fg=f6f7fb bg=c8c3ba","Name 'Boiler Raider' ratio=1.63 fg=f6f7fb bg=c8c3ba","State 'WON' ratio=1.29 fg=ffd98a bg=c8c3ba","GroupName 'THE FLAME' ratio=1.34 fg=1aff8a bg=ffffff","Mark '🏅' ratio=1.63 fg=f6f7fb bg=c8c3ba","Name 'Night Circuit' ratio=1.63 fg=f6f7fb bg=c8c3ba","State 'WON' ratio=1.29 fg=ffd98a bg=c8c3ba","Mark '🏅' ratio=1.63 fg=f6f7fb bg=c8c3ba","Name 'Brass Legend' ratio=1.63 fg=f6f7fb bg=c8c3ba","State 'WON' ratio=1.29 fg=ffd98a bg=c8c3ba","Mark '🏅' ratio=1.63 fg=f6f7fb bg=c8c3ba","Name 'Neon Phoenix' ratio=1.63 fg=f6f7fb bg=c8c3ba","State 'WON' ratio=1.29 fg=ffd98a bg=c8c3ba","Mark '🏅' ratio=1.63 fg=f6f7fb bg=c8c3ba","Name 'Phoenix Warden' ratio=1.63 fg=f6f7fb bg=c8c3ba","State 'WON' ratio=1.29 fg=ffd98a bg=c8c3ba","GroupName 'THE ORACLE' ratio=2.44 fg=c98bff bg=ffffff","Mark '🏅' ratio=1.63 fg=f6f7fb bg=c8c3ba","Name 'Quantum Eclipse' ratio=1.63 fg=f6f7fb bg=c8c3ba","State 'WON' ratio=1.29 fg=ffd98a bg=c8c3ba","Mark '🏅' ratio=1.63 fg=f6f7fb bg=c8c3ba","Name 'Void Seer' ratio=1.63 fg=f6f7fb bg=c8c3ba","State 'WON' ratio=1.29 fg=ffd98a bg=c8c3ba","GroupName 'THE COLOSSUS' ratio=1.41 fg=ffd54a bg=ffffff","Mark '🏅' ratio=1.63 fg=f6f7fb bg=c8c3ba","Name 'Imperial Forge' ratio=1.63 fg=f6f7fb bg=c8c3ba","State 'WON' ratio=1.29 fg=ffd98a bg=c8c3ba","Mark '🏅' ratio=1.63 fg=f6f7fb bg=c8c3ba","Name 'Runic Guardian' ratio=1.63 fg=f6f7fb bg=c8c3ba","State 'WON' ratio=1.29 fg=ffd98a bg=c8c3ba","SectionTitle 'ARENAS' ratio=1.54 fg=00e5ff bg=ffffff","Mark '🏅' ratio=1.63 fg=f6f7fb bg=c8c3ba","Name 'Steam Cathedral' ratio=1.39 fg=c98bff bg=c8c3ba","State 'UNLOCKED' ratio=1.29 fg=ffd98a bg=c8c3ba","Mark '🏅' ratio=1.63 fg=f6f7fb bg=c8c3ba","Name 'Abyssal Forge' ratio=1.24 fg=ffd54a bg=c8c3ba","State 'UNLOCKED' ratio=1.29 fg=ffd98a bg=c8c3ba","Mark '🏅' ratio=1.63 fg=f6f7fb bg=c8c3ba","Name 'Storm Bastion' ratio=1.18 fg=52e6ff bg=c8c3ba","State 'UNLOCKED' ratio=1.29 fg=ffd98a bg=c8c3ba","Mark '🏅' ratio=1.63 fg=f6f7fb bg=c8c3ba","Name 'Abyssal Sanctuary' ratio=1.13 fg=27e7e0 bg=c8c3ba","State 'UNLOCKED' ratio=1.29 fg=ffd98a bg=c8c3ba","Mark '🏅' ratio=1.63 fg=f6f7fb bg=c8c3ba","Name 'Titan Caldera' ratio=1.57 fg=ff7138 bg=c8c3ba","State 'UNLOCKED' ratio=1.29 fg=ffd98a bg=c8c3ba","Mark '🏅' ratio=1.63 fg=f6f7fb bg=c8c3ba","Name 'Celestial Orrery' ratio=1.52 fg=a98cff bg=c8c3ba","State 'UNLOCKED' ratio=1.29 fg=ffd98a bg=c8c3ba"]
ok legibility/1152x648/profile/default/containment
ok legibility/1152x648/profile/default/disjoint_blocks
FAIL legibility/1152x648/profile/default/contrast: expected [], got ["Label 'Win 4 points with ' ratio=2.85 fg=ffffff bg=999999","Progress '0/4' ratio=2.85 fg=ffffff bg=999999","Label '10 winning shots t' ratio=2.85 fg=ffffff bg=999999","Progress '0/10' ratio=2.85 fg=ffffff bg=999999","Label 'One 10-hit rally' ratio=2.85 fg=ffffff bg=999999","Progress '0/10' ratio=2.85 fg=ffffff bg=999999"]
ok legibility/1152x648/profile/empty-objectives/containment
ok legibility/1152x648/profile/empty-objectives/disjoint_blocks
ok legibility/1152x648/profile/empty-objectives/contrast
ok legibility/1152x648/profile/mid-season/containment
ok legibility/1152x648/profile/mid-season/disjoint_blocks
FAIL legibility/1152x648/profile/mid-season/contrast: expected [], got ["Check '✓' ratio=2.13 fg=1aff8a bg=999999","Label 'Win 4 points with ' ratio=2.66 fg=f6f7fb bg=999999","Progress '4/4' ratio=2.13 fg=1aff8a bg=999999","Label '10 winning shots t' ratio=2.85 fg=ffffff bg=999999","Progress '0/10' ratio=2.85 fg=ffffff bg=999999","Label 'One 10-hit rally' ratio=2.85 fg=ffffff bg=999999","Progress '0/10' ratio=2.85 fg=ffffff bg=999999"]
FAIL legibility/1152x648/feedback/default/containment: expected [], got ["Margin [P: (0.0, -3.5), S: (1152.0, 655.0)] outside Shell [P: (0.0, 0.0), S: (1152.0, 648.0)]"]
ok legibility/1152x648/feedback/default/disjoint_blocks
ok legibility/1152x648/feedback/default/contrast
FAIL legibility/1152x648/feedback/counted/containment: expected [], got ["Margin [P: (0.0, -3.5), S: (1152.0, 655.0)] outside Shell [P: (0.0, 0.0), S: (1152.0, 648.0)]"]
ok legibility/1152x648/feedback/counted/disjoint_blocks
ok legibility/1152x648/feedback/counted/contrast
FAIL legibility/1152x648/feedback/diagnostics-open/containment: expected [], got ["Margin [P: (0.0, -100.5), S: (1152.0, 849.0)] outside Shell [P: (0.0, 0.0), S: (1152.0, 648.0)]"]
ok legibility/1152x648/feedback/diagnostics-open/disjoint_blocks
FAIL legibility/1152x648/feedback/diagnostics-open/contrast: expected [], got ["Title 'SEND FEEDBACK' ratio=1.07 fg=f6f7fb bg=ffffff","Subtitle 'What's off, what's' ratio=1.07 fg=f6f7fb bg=ffffff","TopicLabel 'What is it about' ratio=1.07 fg=f6f7fb bg=ffffff","SendButton 'Save and copy' ratio=1.07 fg=f6f7fb bg=ffffff","CopyButton 'Copy to clipboard' ratio=1.07 fg=f6f7fb bg=ffffff","Note 'The game sends not' ratio=1.07 fg=f6f7fb bg=ffffff"]
FAIL legibility/1152x648/feedback/fallback/containment: expected [], got ["Margin [P: (0.0, -181.0), S: (1152.0, 1010.0)] outside Shell [P: (0.0, 0.0), S: (1152.0, 648.0)]"]
ok legibility/1152x648/feedback/fallback/disjoint_blocks
FAIL legibility/1152x648/feedback/fallback/contrast: expected [], got ["Title 'SEND FEEDBACK' ratio=1.07 fg=f6f7fb bg=ffffff","Subtitle 'What's off, what's' ratio=1.07 fg=f6f7fb bg=ffffff","TopicLabel 'What is it about' ratio=1.07 fg=f6f7fb bg=ffffff","Topic_bug 'Bug' ratio=1.07 fg=f6f7fb bg=ffffff","Topic_balance 'Balance' ratio=1.07 fg=f6f7fb bg=ffffff","Topic_controls 'Controls' ratio=1.07 fg=f6f7fb bg=ffffff","Topic_performance 'Performance' ratio=1.07 fg=f6f7fb bg=ffffff","Topic_idea 'Idea' ratio=1.07 fg=f6f7fb bg=ffffff","Topic_other 'Other' ratio=1.07 fg=f6f7fb bg=ffffff","MessageLabel 'Your message' ratio=1.07 fg=f6f7fb bg=ffffff","Note 'The game sends not' ratio=1.07 fg=f6f7fb bg=ffffff","Status 'I couldn't send it' ratio=1.07 fg=f6f7fb bg=ffffff"]
FAIL legibility/1152x648/feedback/sent/containment: expected [], got ["Margin [P: (0.0, -181.0), S: (1152.0, 1010.0)] outside Shell [P: (0.0, 0.0), S: (1152.0, 648.0)]"]
ok legibility/1152x648/feedback/sent/disjoint_blocks
FAIL legibility/1152x648/feedback/sent/contrast: expected [], got ["Title 'SEND FEEDBACK' ratio=1.07 fg=f6f7fb bg=ffffff","Subtitle 'What's off, what's' ratio=1.07 fg=f6f7fb bg=ffffff","TopicLabel 'What is it about' ratio=1.07 fg=f6f7fb bg=ffffff","Topic_bug 'Bug' ratio=1.07 fg=f6f7fb bg=ffffff","Topic_balance 'Balance' ratio=1.07 fg=f6f7fb bg=ffffff","Topic_controls 'Controls' ratio=1.07 fg=f6f7fb bg=ffffff","Topic_performance 'Performance' ratio=1.07 fg=f6f7fb bg=ffffff","Topic_idea 'Idea' ratio=1.07 fg=f6f7fb bg=ffffff","Topic_other 'Other' ratio=1.07 fg=f6f7fb bg=ffffff","MessageLabel 'Your message' ratio=1.07 fg=f6f7fb bg=ffffff","Note 'The game sends not' ratio=1.07 fg=f6f7fb bg=ffffff","Status 'Feedback sent succ' ratio=1.07 fg=f6f7fb bg=ffffff"]
FAIL legibility/1152x648/drill/default/containment: expected [], got ["Margin [P: (-66.0, 0.0), S: (1284.0, 648.0)] outside Shell [P: (0.0, 0.0), S: (1152.0, 648.0)]"]
ok legibility/1152x648/drill/default/disjoint_blocks
ok legibility/1152x648/drill/default/contrast
FAIL legibility/1152x648/drill/precision/containment: expected [], got ["Margin [P: (-66.0, 0.0), S: (1284.0, 648.0)] outside Shell [P: (0.0, 0.0), S: (1152.0, 648.0)]"]
ok legibility/1152x648/drill/precision/disjoint_blocks
ok legibility/1152x648/drill/precision/contrast
FAIL legibility/1152x648/drill/smash/containment: expected [], got ["Margin [P: (-12.0, 0.0), S: (1176.0, 648.0)] outside Shell [P: (0.0, 0.0), S: (1152.0, 648.0)]"]
ok legibility/1152x648/drill/smash/disjoint_blocks
ok legibility/1152x648/drill/smash/contrast
FAIL legibility/1152x648/drill/rally/containment: expected [], got ["Margin [P: (-6.0, 0.0), S: (1164.0, 648.0)] outside Shell [P: (0.0, 0.0), S: (1152.0, 648.0)]"]
ok legibility/1152x648/drill/rally/disjoint_blocks
ok legibility/1152x648/drill/rally/contrast
FAIL legibility/1152x648/drill/serve/containment: expected [], got ["Margin [P: (-184.0, 0.0), S: (1520.0, 648.0)] outside Shell [P: (0.0, 0.0), S: (1152.0, 648.0)]"]
ok legibility/1152x648/drill/serve/disjoint_blocks
ok legibility/1152x648/drill/serve/contrast
FAIL legibility/1152x648/drill/hard/containment: expected [], got ["Margin [P: (-184.0, 0.0), S: (1520.0, 648.0)] outside Shell [P: (0.0, 0.0), S: (1152.0, 648.0)]"]
ok legibility/1152x648/drill/hard/disjoint_blocks
ok legibility/1152x648/drill/hard/contrast
FAIL legibility/1152x648/drill/legend/containment: expected [], got ["Margin [P: (-184.0, 0.0), S: (1520.0, 648.0)] outside Shell [P: (0.0, 0.0), S: (1152.0, 648.0)]"]
ok legibility/1152x648/drill/legend/disjoint_blocks
ok legibility/1152x648/drill/legend/contrast
ok legibility/1152x648/settings/default/containment
ok legibility/1152x648/settings/default/disjoint_blocks
ok legibility/1152x648/settings/default/contrast
ok legibility/1152x648/result/default/containment
ok legibility/1152x648/result/default/disjoint_blocks
ok legibility/1152x648/result/default/contrast
ok legibility/1152x648/result/win-points/containment
ok legibility/1152x648/result/win-points/disjoint_blocks
ok legibility/1152x648/result/win-points/contrast
ok legibility/1152x648/result/loss-points/containment
ok legibility/1152x648/result/loss-points/disjoint_blocks
ok legibility/1152x648/result/loss-points/contrast
ok legibility/1152x648/result/win-set/containment
ok legibility/1152x648/result/win-set/disjoint_blocks
ok legibility/1152x648/result/win-set/contrast
ok legibility/1152x648/result/loss-set/containment
ok legibility/1152x648/result/loss-set/disjoint_blocks
ok legibility/1152x648/result/loss-set/contrast
ok legibility/1152x648/result/multi-set/containment
ok legibility/1152x648/result/multi-set/disjoint_blocks
ok legibility/1152x648/result/multi-set/contrast
ok legibility/1152x648/result/career-promotion/containment
ok legibility/1152x648/result/career-promotion/disjoint_blocks
ok legibility/1152x648/result/career-promotion/contrast
ok legibility/1152x648/result/tournament-next/containment
ok legibility/1152x648/result/tournament-next/disjoint_blocks
ok legibility/1152x648/result/tournament-next/contrast
ok legibility/1152x648/result/demo-cta/containment
ok legibility/1152x648/result/demo-cta/disjoint_blocks
ok legibility/1152x648/result/demo-cta/contrast
ok legibility/1152x648/result/beta-cta/containment
ok legibility/1152x648/result/beta-cta/disjoint_blocks
ok legibility/1152x648/result/beta-cta/contrast
ok legibility/1920x1080/the_host_mounted_a_router
ok legibility/1920x1080/menu/default/containment
ok legibility/1920x1080/menu/default/disjoint_blocks
ok legibility/1920x1080/menu/default/contrast
ok legibility/1920x1080/menu/demo/containment
ok legibility/1920x1080/menu/demo/disjoint_blocks
ok legibility/1920x1080/menu/demo/contrast
ok legibility/1920x1080/menu/beta/containment
ok legibility/1920x1080/menu/beta/disjoint_blocks
ok legibility/1920x1080/menu/beta/contrast
ok legibility/1920x1080/characters/default/containment
ok legibility/1920x1080/characters/default/disjoint_blocks
ok legibility/1920x1080/characters/default/contrast
ok legibility/1920x1080/characters/picker-open/containment
ok legibility/1920x1080/characters/picker-open/disjoint_blocks
ok legibility/1920x1080/characters/picker-open/contrast
ok legibility/1920x1080/characters/outfit-open/containment
ok legibility/1920x1080/characters/outfit-open/disjoint_blocks
ok legibility/1920x1080/characters/outfit-open/contrast
ok legibility/1920x1080/characters/locked-athlete/containment
ok legibility/1920x1080/characters/locked-athlete/disjoint_blocks
ok legibility/1920x1080/characters/locked-athlete/contrast
ok legibility/1920x1080/characters/demo-locked/containment
ok legibility/1920x1080/characters/demo-locked/disjoint_blocks
ok legibility/1920x1080/characters/demo-locked/contrast
ok legibility/1920x1080/modes/default/containment
ok legibility/1920x1080/modes/default/disjoint_blocks
ok legibility/1920x1080/modes/default/contrast
ok legibility/1920x1080/modes/quick/containment
ok legibility/1920x1080/modes/quick/disjoint_blocks
ok legibility/1920x1080/modes/quick/contrast
ok legibility/1920x1080/modes/tournament/containment
ok legibility/1920x1080/modes/tournament/disjoint_blocks
ok legibility/1920x1080/modes/tournament/contrast
ok legibility/1920x1080/modes/career/containment
ok legibility/1920x1080/modes/career/disjoint_blocks
ok legibility/1920x1080/modes/career/contrast
ok legibility/1920x1080/modes/demo-locked/containment
ok legibility/1920x1080/modes/demo-locked/disjoint_blocks
ok legibility/1920x1080/modes/demo-locked/contrast
ok legibility/1920x1080/arena/default/containment
ok legibility/1920x1080/arena/default/disjoint_blocks
FAIL legibility/1920x1080/arena/default/contrast: expected [], got ["PlayerModeButton_solo '1 player' ratio=2.66 fg=f6f7fb bg=999999","PlayerModeButton_coop 'Co-op 2' ratio=2.66 fg=f6f7fb bg=999999","PlayerModeButton_pvp 'Local versus' ratio=2.66 fg=f6f7fb bg=999999"]
ok legibility/1920x1080/arena/career-calendar/containment
ok legibility/1920x1080/arena/career-calendar/disjoint_blocks
ok legibility/1920x1080/arena/career-calendar/contrast
ok legibility/1920x1080/arena/tournament-bracket/containment
ok legibility/1920x1080/arena/tournament-bracket/disjoint_blocks
ok legibility/1920x1080/arena/tournament-bracket/contrast
ok legibility/1920x1080/arena/demo-locked/containment
ok legibility/1920x1080/arena/demo-locked/disjoint_blocks
ok legibility/1920x1080/arena/demo-locked/contrast
ok legibility/1920x1080/arena/player-mode-coop/containment
ok legibility/1920x1080/arena/player-mode-coop/disjoint_blocks
FAIL legibility/1920x1080/arena/player-mode-coop/contrast: expected [], got ["PlayerModeButton_solo '1 player' ratio=2.66 fg=f6f7fb bg=999999","PlayerModeButton_coop 'Co-op 2' ratio=2.66 fg=f6f7fb bg=999999","PlayerModeButton_pvp 'Local versus' ratio=2.66 fg=f6f7fb bg=999999"]
ok legibility/1920x1080/help/keyboard-tab/containment
ok legibility/1920x1080/help/keyboard-tab/disjoint_blocks
ok legibility/1920x1080/help/keyboard-tab/contrast
ok legibility/1920x1080/help/controller-tab/containment
ok legibility/1920x1080/help/controller-tab/disjoint_blocks
FAIL legibility/1920x1080/help/controller-tab/contrast: expected [], got ["Label 'Special' ratio=1.09 fg=e6f8ff bg=ffffff","Desc 'Use the athlete's ' ratio=2.56 fg=8aa5bc bg=ffffff","Label 'Switch' ratio=1.09 fg=e6f8ff bg=ffffff","Desc 'Quickly select you' ratio=2.56 fg=8aa5bc bg=ffffff","Label 'Split step' ratio=1.09 fg=e6f8ff bg=ffffff","Desc 'Defensive stance: ' ratio=2.56 fg=8aa5bc bg=ffffff","Label 'Angle' ratio=1.09 fg=e6f8ff bg=ffffff","Desc 'Analog angle: tigh' ratio=2.56 fg=8aa5bc bg=ffffff","Label 'Technique' ratio=1.09 fg=e6f8ff bg=ffffff","Desc 'A chiquita, X vibo' ratio=2.56 fg=8aa5bc bg=ffffff","Label 'Tactics' ratio=1.09 fg=e6f8ff bg=ffffff","Desc 'Up net, down defen' ratio=2.56 fg=8aa5bc bg=ffffff","Label 'Smash' ratio=1.09 fg=e6f8ff bg=ffffff","Desc 'Charge and release' ratio=2.56 fg=8aa5bc bg=ffffff","Label 'Pause' ratio=1.09 fg=e6f8ff bg=ffffff","Desc 'Open or close this' ratio=2.56 fg=8aa5bc bg=ffffff"]
SCRIPT ERROR: Trying to assign an array of type "Array" to a variable of type "Array[Dictionary]".
          at: refresh (res://src/ui/screens/HistoryScreen.gd:160)
          GDScript backtrace (most recent call first):
              [0] refresh (res://src/ui/screens/HistoryScreen.gd:160)
              [1] apply_capture_state (res://src/ui/screens/HistoryScreen.gd:120)
              [2] _walk_screens (res://tests/ui/ui_legibility_audit.gd:101)
ok legibility/1920x1080/history/empty/containment
ok legibility/1920x1080/history/empty/disjoint_blocks
ok legibility/1920x1080/history/empty/contrast
ok legibility/1920x1080/history/populated/containment
ok legibility/1920x1080/history/populated/disjoint_blocks
ok legibility/1920x1080/history/populated/contrast
ok legibility/1920x1080/challenges/default/containment
ok legibility/1920x1080/challenges/default/disjoint_blocks
FAIL legibility/1920x1080/challenges/default/contrast: expected [], got ["Mark '🎯' ratio=3.32 fg=f6f7fb bg=848896","Name 'Brass Legend' ratio=3.32 fg=f6f7fb bg=848896","Mark '🎯' ratio=3.32 fg=f6f7fb bg=848896","Name 'Neon Phoenix' ratio=3.32 fg=f6f7fb bg=848896","Mark '🎯' ratio=3.32 fg=f6f7fb bg=848896","Name 'Phoenix Warden' ratio=3.32 fg=f6f7fb bg=848896","GroupName 'THE ORACLE' ratio=2.44 fg=c98bff bg=ffffff","Mark '🎯' ratio=3.32 fg=f6f7fb bg=848896","Name 'Quantum Eclipse' ratio=3.32 fg=f6f7fb bg=848896","Mark '🎯' ratio=3.32 fg=f6f7fb bg=848896","Name 'Void Seer' ratio=3.32 fg=f6f7fb bg=848896","GroupName 'THE COLOSSUS' ratio=1.41 fg=ffd54a bg=ffffff","Mark '🎯' ratio=3.32 fg=f6f7fb bg=848896","Name 'Imperial Forge' ratio=3.32 fg=f6f7fb bg=848896","Mark '🎯' ratio=3.32 fg=f6f7fb bg=848896","Name 'Runic Guardian' ratio=3.32 fg=f6f7fb bg=848896","SectionTitle 'ARENAS' ratio=1.54 fg=00e5ff bg=ffffff","Mark '🎯' ratio=3.32 fg=f6f7fb bg=848896","Name 'Steam Cathedral' ratio=1.46 fg=c98bff bg=848896","Mark '🎯' ratio=3.32 fg=f6f7fb bg=848896","Name 'Abyssal Forge' ratio=2.52 fg=ffd54a bg=848896","Mark '🎯' ratio=3.32 fg=f6f7fb bg=848896","Name 'Storm Bastion' ratio=2.39 fg=52e6ff bg=848896","Mark '🎯' ratio=3.32 fg=f6f7fb bg=848896","Name 'Abyssal Sanctuary' ratio=2.30 fg=27e7e0 bg=848896","Mark '🎯' ratio=3.32 fg=f6f7fb bg=848896","Name 'Titan Caldera' ratio=1.30 fg=ff7138 bg=848896","Mark '🎯' ratio=3.32 fg=f6f7fb bg=848896","Name 'Celestial Orrery' ratio=1.34 fg=a98cff bg=848896"]
ok legibility/1920x1080/challenges/some-complete/containment
ok legibility/1920x1080/challenges/some-complete/disjoint_blocks
FAIL legibility/1920x1080/challenges/some-complete/contrast: expected [], got ["Mark '🎯' ratio=3.32 fg=f6f7fb bg=848896","Name 'Brass Legend' ratio=3.32 fg=f6f7fb bg=848896","Mark '🎯' ratio=3.32 fg=f6f7fb bg=848896","Name 'Neon Phoenix' ratio=3.32 fg=f6f7fb bg=848896","Mark '🎯' ratio=3.32 fg=f6f7fb bg=848896","Name 'Phoenix Warden' ratio=3.32 fg=f6f7fb bg=848896","GroupName 'THE ORACLE' ratio=2.44 fg=c98bff bg=ffffff","Mark '🏅' ratio=1.63 fg=f6f7fb bg=c8c3ba","Name 'Quantum Eclipse' ratio=1.63 fg=f6f7fb bg=c8c3ba","State 'WON' ratio=1.29 fg=ffd98a bg=c8c3ba","Mark '🎯' ratio=3.32 fg=f6f7fb bg=848896","Name 'Void Seer' ratio=3.32 fg=f6f7fb bg=848896","GroupName 'THE COLOSSUS' ratio=1.41 fg=ffd54a bg=ffffff","Mark '🏅' ratio=1.63 fg=f6f7fb bg=c8c3ba","Name 'Imperial Forge' ratio=1.63 fg=f6f7fb bg=c8c3ba","State 'WON' ratio=1.29 fg=ffd98a bg=c8c3ba","Mark '🎯' ratio=3.32 fg=f6f7fb bg=848896","Name 'Runic Guardian' ratio=3.32 fg=f6f7fb bg=848896","SectionTitle 'ARENAS' ratio=1.54 fg=00e5ff bg=ffffff","Mark '🎯' ratio=3.32 fg=f6f7fb bg=848896","Name 'Steam Cathedral' ratio=1.46 fg=c98bff bg=848896","Mark '🎯' ratio=3.32 fg=f6f7fb bg=848896","Name 'Abyssal Forge' ratio=2.52 fg=ffd54a bg=848896","Mark '🎯' ratio=3.32 fg=f6f7fb bg=848896","Name 'Storm Bastion' ratio=2.39 fg=52e6ff bg=848896","Mark '🎯' ratio=3.32 fg=f6f7fb bg=848896","Name 'Abyssal Sanctuary' ratio=2.30 fg=27e7e0 bg=848896","Mark '🎯' ratio=3.32 fg=f6f7fb bg=848896","Name 'Titan Caldera' ratio=1.30 fg=ff7138 bg=848896","Mark '🎯' ratio=3.32 fg=f6f7fb bg=848896","Name 'Celestial Orrery' ratio=1.34 fg=a98cff bg=848896"]
ok legibility/1920x1080/challenges/all-complete/containment
ok legibility/1920x1080/challenges/all-complete/disjoint_blocks
FAIL legibility/1920x1080/challenges/all-complete/contrast: expected [], got ["Mark '🏅' ratio=1.63 fg=f6f7fb bg=c8c3ba","Name 'Brass Legend' ratio=1.63 fg=f6f7fb bg=c8c3ba","State 'WON' ratio=1.29 fg=ffd98a bg=c8c3ba","Mark '🏅' ratio=1.63 fg=f6f7fb bg=c8c3ba","Name 'Neon Phoenix' ratio=1.63 fg=f6f7fb bg=c8c3ba","State 'WON' ratio=1.29 fg=ffd98a bg=c8c3ba","Mark '🏅' ratio=1.63 fg=f6f7fb bg=c8c3ba","Name 'Phoenix Warden' ratio=1.63 fg=f6f7fb bg=c8c3ba","State 'WON' ratio=1.29 fg=ffd98a bg=c8c3ba","GroupName 'THE ORACLE' ratio=2.44 fg=c98bff bg=ffffff","Mark '🏅' ratio=1.63 fg=f6f7fb bg=c8c3ba","Name 'Quantum Eclipse' ratio=1.63 fg=f6f7fb bg=c8c3ba","State 'WON' ratio=1.29 fg=ffd98a bg=c8c3ba","Mark '🏅' ratio=1.63 fg=f6f7fb bg=c8c3ba","Name 'Void Seer' ratio=1.63 fg=f6f7fb bg=c8c3ba","State 'WON' ratio=1.29 fg=ffd98a bg=c8c3ba","GroupName 'THE COLOSSUS' ratio=1.41 fg=ffd54a bg=ffffff","Mark '🏅' ratio=1.63 fg=f6f7fb bg=c8c3ba","Name 'Imperial Forge' ratio=1.63 fg=f6f7fb bg=c8c3ba","State 'WON' ratio=1.29 fg=ffd98a bg=c8c3ba","Mark '🏅' ratio=1.63 fg=f6f7fb bg=c8c3ba","Name 'Runic Guardian' ratio=1.63 fg=f6f7fb bg=c8c3ba","State 'WON' ratio=1.29 fg=ffd98a bg=c8c3ba","SectionTitle 'ARENAS' ratio=1.54 fg=00e5ff bg=ffffff","Mark '🏅' ratio=1.63 fg=f6f7fb bg=c8c3ba","Name 'Steam Cathedral' ratio=1.39 fg=c98bff bg=c8c3ba","State 'UNLOCKED' ratio=1.29 fg=ffd98a bg=c8c3ba","Mark '🏅' ratio=1.63 fg=f6f7fb bg=c8c3ba","Name 'Abyssal Forge' ratio=1.24 fg=ffd54a bg=c8c3ba","State 'UNLOCKED' ratio=1.29 fg=ffd98a bg=c8c3ba","Mark '🏅' ratio=1.63 fg=f6f7fb bg=c8c3ba","Name 'Storm Bastion' ratio=1.18 fg=52e6ff bg=c8c3ba","State 'UNLOCKED' ratio=1.29 fg=ffd98a bg=c8c3ba","Mark '🏅' ratio=1.63 fg=f6f7fb bg=c8c3ba","Name 'Abyssal Sanctuary' ratio=1.13 fg=27e7e0 bg=c8c3ba","State 'UNLOCKED' ratio=1.29 fg=ffd98a bg=c8c3ba","Mark '🏅' ratio=1.63 fg=f6f7fb bg=c8c3ba","Name 'Titan Caldera' ratio=1.57 fg=ff7138 bg=c8c3ba","State 'UNLOCKED' ratio=1.29 fg=ffd98a bg=c8c3ba","Mark '🏅' ratio=1.63 fg=f6f7fb bg=c8c3ba","Name 'Celestial Orrery' ratio=1.52 fg=a98cff bg=c8c3ba","State 'UNLOCKED' ratio=1.29 fg=ffd98a bg=c8c3ba"]
ok legibility/1920x1080/challenges/demo-limited/containment
ok legibility/1920x1080/challenges/demo-limited/disjoint_blocks
FAIL legibility/1920x1080/challenges/demo-limited/contrast: expected [], got ["Mark '🏅' ratio=1.63 fg=f6f7fb bg=c8c3ba","Name 'Night Circuit' ratio=1.63 fg=f6f7fb bg=c8c3ba","State 'WON' ratio=1.29 fg=ffd98a bg=c8c3ba","Mark '🏅' ratio=1.63 fg=f6f7fb bg=c8c3ba","Name 'Brass Legend' ratio=1.63 fg=f6f7fb bg=c8c3ba","State 'WON' ratio=1.29 fg=ffd98a bg=c8c3ba","Mark '🏅' ratio=1.63 fg=f6f7fb bg=c8c3ba","Name 'Neon Phoenix' ratio=1.63 fg=f6f7fb bg=c8c3ba","State 'WON' ratio=1.29 fg=ffd98a bg=c8c3ba","Mark '🏅' ratio=1.63 fg=f6f7fb bg=c8c3ba","Name 'Phoenix Warden' ratio=1.63 fg=f6f7fb bg=c8c3ba","State 'WON' ratio=1.29 fg=ffd98a bg=c8c3ba","GroupName 'THE ORACLE' ratio=2.44 fg=c98bff bg=ffffff","Mark '🏅' ratio=1.63 fg=f6f7fb bg=c8c3ba","Name 'Quantum Eclipse' ratio=1.63 fg=f6f7fb bg=c8c3ba","State 'WON' ratio=1.29 fg=ffd98a bg=c8c3ba","Mark '🏅' ratio=1.63 fg=f6f7fb bg=c8c3ba","Name 'Void Seer' ratio=1.63 fg=f6f7fb bg=c8c3ba","State 'WON' ratio=1.29 fg=ffd98a bg=c8c3ba","GroupName 'THE COLOSSUS' ratio=1.41 fg=ffd54a bg=ffffff","Mark '🏅' ratio=1.63 fg=f6f7fb bg=c8c3ba","Name 'Imperial Forge' ratio=1.63 fg=f6f7fb bg=c8c3ba","State 'WON' ratio=1.29 fg=ffd98a bg=c8c3ba","Mark '🏅' ratio=1.63 fg=f6f7fb bg=c8c3ba","Name 'Runic Guardian' ratio=1.63 fg=f6f7fb bg=c8c3ba","State 'WON' ratio=1.29 fg=ffd98a bg=c8c3ba","SectionTitle 'ARENAS' ratio=1.54 fg=00e5ff bg=ffffff","Mark '🏅' ratio=1.63 fg=f6f7fb bg=c8c3ba","Name 'Steam Cathedral' ratio=1.39 fg=c98bff bg=c8c3ba","State 'UNLOCKED' ratio=1.29 fg=ffd98a bg=c8c3ba","Mark '🏅' ratio=1.63 fg=f6f7fb bg=c8c3ba","Name 'Abyssal Forge' ratio=1.24 fg=ffd54a bg=c8c3ba","State 'UNLOCKED' ratio=1.29 fg=ffd98a bg=c8c3ba","Mark '🏅' ratio=1.63 fg=f6f7fb bg=c8c3ba","Name 'Storm Bastion' ratio=1.18 fg=52e6ff bg=c8c3ba","State 'UNLOCKED' ratio=1.29 fg=ffd98a bg=c8c3ba","Mark '🏅' ratio=1.63 fg=f6f7fb bg=c8c3ba","Name 'Abyssal Sanctuary' ratio=1.13 fg=27e7e0 bg=c8c3ba","State 'UNLOCKED' ratio=1.29 fg=ffd98a bg=c8c3ba","Mark '🏅' ratio=1.63 fg=f6f7fb bg=c8c3ba","Name 'Titan Caldera' ratio=1.57 fg=ff7138 bg=c8c3ba","State 'UNLOCKED' ratio=1.29 fg=ffd98a bg=c8c3ba","Mark '🏅' ratio=1.63 fg=f6f7fb bg=c8c3ba","Name 'Celestial Orrery' ratio=1.52 fg=a98cff bg=c8c3ba","State 'UNLOCKED' ratio=1.29 fg=ffd98a bg=c8c3ba"]
ok legibility/1920x1080/profile/default/containment
ok legibility/1920x1080/profile/default/disjoint_blocks
FAIL legibility/1920x1080/profile/default/contrast: expected [], got ["Label 'Win 4 points with ' ratio=2.85 fg=ffffff bg=999999","Progress '0/4' ratio=2.85 fg=ffffff bg=999999","Label '10 winning shots t' ratio=2.85 fg=ffffff bg=999999","Progress '0/10' ratio=2.85 fg=ffffff bg=999999","Label 'One 10-hit rally' ratio=2.85 fg=ffffff bg=999999","Progress '0/10' ratio=2.85 fg=ffffff bg=999999"]
ok legibility/1920x1080/profile/empty-objectives/containment
ok legibility/1920x1080/profile/empty-objectives/disjoint_blocks
ok legibility/1920x1080/profile/empty-objectives/contrast
ok legibility/1920x1080/profile/mid-season/containment
ok legibility/1920x1080/profile/mid-season/disjoint_blocks
FAIL legibility/1920x1080/profile/mid-season/contrast: expected [], got ["Check '✓' ratio=2.13 fg=1aff8a bg=999999","Label 'Win 4 points with ' ratio=2.66 fg=f6f7fb bg=999999","Progress '4/4' ratio=2.13 fg=1aff8a bg=999999","Label '10 winning shots t' ratio=2.85 fg=ffffff bg=999999","Progress '0/10' ratio=2.85 fg=ffffff bg=999999","Label 'One 10-hit rally' ratio=2.85 fg=ffffff bg=999999","Progress '0/10' ratio=2.85 fg=ffffff bg=999999"]
ok legibility/1920x1080/feedback/default/containment
ok legibility/1920x1080/feedback/default/disjoint_blocks
ok legibility/1920x1080/feedback/default/contrast
ok legibility/1920x1080/feedback/counted/containment
ok legibility/1920x1080/feedback/counted/disjoint_blocks
ok legibility/1920x1080/feedback/counted/contrast
ok legibility/1920x1080/feedback/diagnostics-open/containment
ok legibility/1920x1080/feedback/diagnostics-open/disjoint_blocks
ok legibility/1920x1080/feedback/diagnostics-open/contrast
ok legibility/1920x1080/feedback/fallback/containment
ok legibility/1920x1080/feedback/fallback/disjoint_blocks
ok legibility/1920x1080/feedback/fallback/contrast
ok legibility/1920x1080/feedback/sent/containment
ok legibility/1920x1080/feedback/sent/disjoint_blocks
ok legibility/1920x1080/feedback/sent/contrast
FAIL legibility/1920x1080/drill/default/containment: expected [], got ["Margin [P: (-66.0, 0.0), S: (2052.0, 1080.0)] outside Shell [P: (0.0, 0.0), S: (1920.0, 1080.0)]"]
ok legibility/1920x1080/drill/default/disjoint_blocks
ok legibility/1920x1080/drill/default/contrast
FAIL legibility/1920x1080/drill/precision/containment: expected [], got ["Margin [P: (-66.0, 0.0), S: (2052.0, 1080.0)] outside Shell [P: (0.0, 0.0), S: (1920.0, 1080.0)]"]
ok legibility/1920x1080/drill/precision/disjoint_blocks
ok legibility/1920x1080/drill/precision/contrast
FAIL legibility/1920x1080/drill/smash/containment: expected [], got ["Margin [P: (-12.0, 0.0), S: (1944.0, 1080.0)] outside Shell [P: (0.0, 0.0), S: (1920.0, 1080.0)]"]
ok legibility/1920x1080/drill/smash/disjoint_blocks
ok legibility/1920x1080/drill/smash/contrast
FAIL legibility/1920x1080/drill/rally/containment: expected [], got ["Margin [P: (-6.0, 0.0), S: (1932.0, 1080.0)] outside Shell [P: (0.0, 0.0), S: (1920.0, 1080.0)]"]
ok legibility/1920x1080/drill/rally/disjoint_blocks
ok legibility/1920x1080/drill/rally/contrast
FAIL legibility/1920x1080/drill/serve/containment: expected [], got ["Margin [P: (-184.0, 0.0), S: (2288.0, 1080.0)] outside Shell [P: (0.0, 0.0), S: (1920.0, 1080.0)]"]
ok legibility/1920x1080/drill/serve/disjoint_blocks
ok legibility/1920x1080/drill/serve/contrast
FAIL legibility/1920x1080/drill/hard/containment: expected [], got ["Margin [P: (-184.0, 0.0), S: (2288.0, 1080.0)] outside Shell [P: (0.0, 0.0), S: (1920.0, 1080.0)]"]
ok legibility/1920x1080/drill/hard/disjoint_blocks
ok legibility/1920x1080/drill/hard/contrast
FAIL legibility/1920x1080/drill/legend/containment: expected [], got ["Margin [P: (-184.0, 0.0), S: (2288.0, 1080.0)] outside Shell [P: (0.0, 0.0), S: (1920.0, 1080.0)]"]
ok legibility/1920x1080/drill/legend/disjoint_blocks
ok legibility/1920x1080/drill/legend/contrast
ok legibility/1920x1080/settings/default/containment
ok legibility/1920x1080/settings/default/disjoint_blocks
ok legibility/1920x1080/settings/default/contrast
ok legibility/1920x1080/result/default/containment
ok legibility/1920x1080/result/default/disjoint_blocks
ok legibility/1920x1080/result/default/contrast
ok legibility/1920x1080/result/win-points/containment
ok legibility/1920x1080/result/win-points/disjoint_blocks
ok legibility/1920x1080/result/win-points/contrast
ok legibility/1920x1080/result/loss-points/containment
ok legibility/1920x1080/result/loss-points/disjoint_blocks
ok legibility/1920x1080/result/loss-points/contrast
ok legibility/1920x1080/result/win-set/containment
ok legibility/1920x1080/result/win-set/disjoint_blocks
ok legibility/1920x1080/result/win-set/contrast
ok legibility/1920x1080/result/loss-set/containment
ok legibility/1920x1080/result/loss-set/disjoint_blocks
ok legibility/1920x1080/result/loss-set/contrast
ok legibility/1920x1080/result/multi-set/containment
ok legibility/1920x1080/result/multi-set/disjoint_blocks
ok legibility/1920x1080/result/multi-set/contrast
ok legibility/1920x1080/result/career-promotion/containment
ok legibility/1920x1080/result/career-promotion/disjoint_blocks
ok legibility/1920x1080/result/career-promotion/contrast
ok legibility/1920x1080/result/tournament-next/containment
ok legibility/1920x1080/result/tournament-next/disjoint_blocks
ok legibility/1920x1080/result/tournament-next/contrast
ok legibility/1920x1080/result/demo-cta/containment
ok legibility/1920x1080/result/demo-cta/disjoint_blocks
ok legibility/1920x1080/result/demo-cta/contrast
ok legibility/1920x1080/result/beta-cta/containment
ok legibility/1920x1080/result/beta-cta/disjoint_blocks
ok legibility/1920x1080/result/beta-cta/contrast
ok legibility/1024x600/the_host_mounted_a_router
ok legibility/1024x600/menu/default/containment
ok legibility/1024x600/menu/default/disjoint_blocks
ok legibility/1024x600/menu/default/contrast
ok legibility/1024x600/menu/demo/containment
ok legibility/1024x600/menu/demo/disjoint_blocks
ok legibility/1024x600/menu/demo/contrast
ok legibility/1024x600/menu/beta/containment
ok legibility/1024x600/menu/beta/disjoint_blocks
ok legibility/1024x600/menu/beta/contrast
ok legibility/1024x600/characters/default/containment
ok legibility/1024x600/characters/default/disjoint_blocks
ok legibility/1024x600/characters/default/contrast
ok legibility/1024x600/characters/picker-open/containment
ok legibility/1024x600/characters/picker-open/disjoint_blocks
ok legibility/1024x600/characters/picker-open/contrast
ok legibility/1024x600/characters/outfit-open/containment
ok legibility/1024x600/characters/outfit-open/disjoint_blocks
ok legibility/1024x600/characters/outfit-open/contrast
ok legibility/1024x600/characters/locked-athlete/containment
ok legibility/1024x600/characters/locked-athlete/disjoint_blocks
ok legibility/1024x600/characters/locked-athlete/contrast
ok legibility/1024x600/characters/demo-locked/containment
ok legibility/1024x600/characters/demo-locked/disjoint_blocks
ok legibility/1024x600/characters/demo-locked/contrast
ok legibility/1024x600/modes/default/containment
ok legibility/1024x600/modes/default/disjoint_blocks
ok legibility/1024x600/modes/default/contrast
ok legibility/1024x600/modes/quick/containment
ok legibility/1024x600/modes/quick/disjoint_blocks
ok legibility/1024x600/modes/quick/contrast
ok legibility/1024x600/modes/tournament/containment
ok legibility/1024x600/modes/tournament/disjoint_blocks
ok legibility/1024x600/modes/tournament/contrast
ok legibility/1024x600/modes/career/containment
ok legibility/1024x600/modes/career/disjoint_blocks
ok legibility/1024x600/modes/career/contrast
ok legibility/1024x600/modes/demo-locked/containment
ok legibility/1024x600/modes/demo-locked/disjoint_blocks
ok legibility/1024x600/modes/demo-locked/contrast
ok legibility/1024x600/arena/default/containment
ok legibility/1024x600/arena/default/disjoint_blocks
FAIL legibility/1024x600/arena/default/contrast: expected [], got ["PlayerModeButton_solo '1 player' ratio=2.66 fg=f6f7fb bg=999999","PlayerModeButton_coop 'Co-op 2' ratio=2.66 fg=f6f7fb bg=999999","PlayerModeButton_pvp 'Local versus' ratio=2.66 fg=f6f7fb bg=999999"]
ok legibility/1024x600/arena/career-calendar/containment
ok legibility/1024x600/arena/career-calendar/disjoint_blocks
ok legibility/1024x600/arena/career-calendar/contrast
ok legibility/1024x600/arena/tournament-bracket/containment
ok legibility/1024x600/arena/tournament-bracket/disjoint_blocks
ok legibility/1024x600/arena/tournament-bracket/contrast
ok legibility/1024x600/arena/demo-locked/containment
ok legibility/1024x600/arena/demo-locked/disjoint_blocks
ok legibility/1024x600/arena/demo-locked/contrast
ok legibility/1024x600/arena/player-mode-coop/containment
ok legibility/1024x600/arena/player-mode-coop/disjoint_blocks
FAIL legibility/1024x600/arena/player-mode-coop/contrast: expected [], got ["PlayerModeButton_solo '1 player' ratio=2.66 fg=f6f7fb bg=999999","PlayerModeButton_coop 'Co-op 2' ratio=2.66 fg=f6f7fb bg=999999","PlayerModeButton_pvp 'Local versus' ratio=2.66 fg=f6f7fb bg=999999"]
ok legibility/1024x600/help/keyboard-tab/containment
ok legibility/1024x600/help/keyboard-tab/disjoint_blocks
ok legibility/1024x600/help/keyboard-tab/contrast
ok legibility/1024x600/help/controller-tab/containment
ok legibility/1024x600/help/controller-tab/disjoint_blocks
FAIL legibility/1024x600/help/controller-tab/contrast: expected [], got ["Label 'Drive' ratio=1.09 fg=e6f8ff bg=ffffff","Desc 'Hold and release t' ratio=2.56 fg=8aa5bc bg=ffffff","Label 'Slice' ratio=1.09 fg=e6f8ff bg=ffffff","Desc 'Cut shot and vibor' ratio=2.56 fg=8aa5bc bg=ffffff","Label 'Lob' ratio=1.09 fg=e6f8ff bg=ffffff","Desc 'Lob over the net p' ratio=2.56 fg=8aa5bc bg=ffffff","Label 'Special' ratio=1.09 fg=e6f8ff bg=ffffff","Desc 'Use the athlete's ' ratio=2.56 fg=8aa5bc bg=ffffff","Label 'Switch' ratio=1.09 fg=e6f8ff bg=ffffff","Desc 'Quickly select you' ratio=2.56 fg=8aa5bc bg=ffffff","Label 'Split step' ratio=1.09 fg=e6f8ff bg=ffffff","Desc 'Defensive stance: ' ratio=2.56 fg=8aa5bc bg=ffffff","Label 'Angle' ratio=1.09 fg=e6f8ff bg=ffffff","Desc 'Analog angle: tigh' ratio=2.56 fg=8aa5bc bg=ffffff","Label 'Technique' ratio=1.09 fg=e6f8ff bg=ffffff","Desc 'A chiquita, X vibo' ratio=2.56 fg=8aa5bc bg=ffffff","Label 'Tactics' ratio=1.09 fg=e6f8ff bg=ffffff","Desc 'Up net, down defen' ratio=2.56 fg=8aa5bc bg=ffffff","Label 'Smash' ratio=1.09 fg=e6f8ff bg=ffffff","Desc 'Charge and release' ratio=2.56 fg=8aa5bc bg=ffffff","Label 'Pause' ratio=1.09 fg=e6f8ff bg=ffffff","Desc 'Open or close this' ratio=2.56 fg=8aa5bc bg=ffffff"]
SCRIPT ERROR: Trying to assign an array of type "Array" to a variable of type "Array[Dictionary]".
          at: refresh (res://src/ui/screens/HistoryScreen.gd:160)
          GDScript backtrace (most recent call first):
              [0] refresh (res://src/ui/screens/HistoryScreen.gd:160)
              [1] apply_capture_state (res://src/ui/screens/HistoryScreen.gd:120)
              [2] _walk_screens (res://tests/ui/ui_legibility_audit.gd:101)
ok legibility/1024x600/history/empty/containment
ok legibility/1024x600/history/empty/disjoint_blocks
ok legibility/1024x600/history/empty/contrast
ok legibility/1024x600/history/populated/containment
ok legibility/1024x600/history/populated/disjoint_blocks
ok legibility/1024x600/history/populated/contrast
ok legibility/1024x600/challenges/default/containment
ok legibility/1024x600/challenges/default/disjoint_blocks
FAIL legibility/1024x600/challenges/default/contrast: expected [], got ["Mark '🎯' ratio=3.32 fg=f6f7fb bg=848896","Name 'Brass Legend' ratio=3.32 fg=f6f7fb bg=848896","Mark '🎯' ratio=3.32 fg=f6f7fb bg=848896","Name 'Crimson Claw' ratio=3.32 fg=f6f7fb bg=848896","Mark '🎯' ratio=3.32 fg=f6f7fb bg=848896","Name 'Ruby Huntress' ratio=3.32 fg=f6f7fb bg=848896","GroupName 'THE STEAMER' ratio=2.33 fg=ff8c00 bg=ffffff","Mark '🎯' ratio=3.32 fg=f6f7fb bg=848896","Name 'Night Circuit' ratio=3.32 fg=f6f7fb bg=848896","Mark '🎯' ratio=3.32 fg=f6f7fb bg=848896","Name 'Brass Legend' ratio=3.32 fg=f6f7fb bg=848896","Mark '🎯' ratio=3.32 fg=f6f7fb bg=848896","Name 'Titanium Boiler' ratio=3.32 fg=f6f7fb bg=848896","Mark '🎯' ratio=3.32 fg=f6f7fb bg=848896","Name 'Boiler Raider' ratio=3.32 fg=f6f7fb bg=848896","GroupName 'THE FLAME' ratio=1.34 fg=1aff8a bg=ffffff","Mark '🎯' ratio=3.32 fg=f6f7fb bg=848896","Name 'Night Circuit' ratio=3.32 fg=f6f7fb bg=848896","Mark '🎯' ratio=3.32 fg=f6f7fb bg=848896","Name 'Brass Legend' ratio=3.32 fg=f6f7fb bg=848896","Mark '🎯' ratio=3.32 fg=f6f7fb bg=848896","Name 'Neon Phoenix' ratio=3.32 fg=f6f7fb bg=848896","Mark '🎯' ratio=3.32 fg=f6f7fb bg=848896","Name 'Phoenix Warden' ratio=3.32 fg=f6f7fb bg=848896","GroupName 'THE ORACLE' ratio=2.44 fg=c98bff bg=ffffff","Mark '🎯' ratio=3.32 fg=f6f7fb bg=848896","Name 'Quantum Eclipse' ratio=3.32 fg=f6f7fb bg=848896","Mark '🎯' ratio=3.32 fg=f6f7fb bg=848896","Name 'Void Seer' ratio=3.32 fg=f6f7fb bg=848896","GroupName 'THE COLOSSUS' ratio=1.41 fg=ffd54a bg=ffffff","Mark '🎯' ratio=3.32 fg=f6f7fb bg=848896","Name 'Imperial Forge' ratio=3.32 fg=f6f7fb bg=848896","Mark '🎯' ratio=3.32 fg=f6f7fb bg=848896","Name 'Runic Guardian' ratio=3.32 fg=f6f7fb bg=848896","SectionTitle 'ARENAS' ratio=1.54 fg=00e5ff bg=ffffff","Mark '🎯' ratio=3.32 fg=f6f7fb bg=848896","Name 'Steam Cathedral' ratio=1.46 fg=c98bff bg=848896","Mark '🎯' ratio=3.32 fg=f6f7fb bg=848896","Name 'Abyssal Forge' ratio=2.52 fg=ffd54a bg=848896","Mark '🎯' ratio=3.32 fg=f6f7fb bg=848896","Name 'Storm Bastion' ratio=2.39 fg=52e6ff bg=848896","Mark '🎯' ratio=3.32 fg=f6f7fb bg=848896","Name 'Abyssal Sanctuary' ratio=2.30 fg=27e7e0 bg=848896","Mark '🎯' ratio=3.32 fg=f6f7fb bg=848896","Name 'Titan Caldera' ratio=1.30 fg=ff7138 bg=848896","Mark '🎯' ratio=3.32 fg=f6f7fb bg=848896","Name 'Celestial Orrery' ratio=1.34 fg=a98cff bg=848896"]
ok legibility/1024x600/challenges/some-complete/containment
ok legibility/1024x600/challenges/some-complete/disjoint_blocks
FAIL legibility/1024x600/challenges/some-complete/contrast: expected [], got ["Mark '🎯' ratio=3.32 fg=f6f7fb bg=848896","Name 'Brass Legend' ratio=3.32 fg=f6f7fb bg=848896","Mark '🎯' ratio=3.32 fg=f6f7fb bg=848896","Name 'Crimson Claw' ratio=3.32 fg=f6f7fb bg=848896","Mark '🎯' ratio=3.32 fg=f6f7fb bg=848896","Name 'Ruby Huntress' ratio=3.32 fg=f6f7fb bg=848896","GroupName 'THE STEAMER' ratio=2.33 fg=ff8c00 bg=ffffff","Mark '🏅' ratio=1.63 fg=f6f7fb bg=c8c3ba","Name 'Night Circuit' ratio=1.63 fg=f6f7fb bg=c8c3ba","State 'WON' ratio=1.29 fg=ffd98a bg=c8c3ba","Mark '🎯' ratio=3.32 fg=f6f7fb bg=848896","Name 'Brass Legend' ratio=3.32 fg=f6f7fb bg=848896","Mark '🎯' ratio=3.32 fg=f6f7fb bg=848896","Name 'Titanium Boiler' ratio=3.32 fg=f6f7fb bg=848896","Mark '🎯' ratio=3.32 fg=f6f7fb bg=848896","Name 'Boiler Raider' ratio=3.32 fg=f6f7fb bg=848896","GroupName 'THE FLAME' ratio=1.34 fg=1aff8a bg=ffffff","Mark '🏅' ratio=1.63 fg=f6f7fb bg=c8c3ba","Name 'Night Circuit' ratio=1.63 fg=f6f7fb bg=c8c3ba","State 'WON' ratio=1.29 fg=ffd98a bg=c8c3ba","Mark '🎯' ratio=3.32 fg=f6f7fb bg=848896","Name 'Brass Legend' ratio=3.32 fg=f6f7fb bg=848896","Mark '🎯' ratio=3.32 fg=f6f7fb bg=848896","Name 'Neon Phoenix' ratio=3.32 fg=f6f7fb bg=848896","Mark '🎯' ratio=3.32 fg=f6f7fb bg=848896","Name 'Phoenix Warden' ratio=3.32 fg=f6f7fb bg=848896","GroupName 'THE ORACLE' ratio=2.44 fg=c98bff bg=ffffff","Mark '🏅' ratio=1.63 fg=f6f7fb bg=c8c3ba","Name 'Quantum Eclipse' ratio=1.63 fg=f6f7fb bg=c8c3ba","State 'WON' ratio=1.29 fg=ffd98a bg=c8c3ba","Mark '🎯' ratio=3.32 fg=f6f7fb bg=848896","Name 'Void Seer' ratio=3.32 fg=f6f7fb bg=848896","GroupName 'THE COLOSSUS' ratio=1.41 fg=ffd54a bg=ffffff","Mark '🏅' ratio=1.63 fg=f6f7fb bg=c8c3ba","Name 'Imperial Forge' ratio=1.63 fg=f6f7fb bg=c8c3ba","State 'WON' ratio=1.29 fg=ffd98a bg=c8c3ba","Mark '🎯' ratio=3.32 fg=f6f7fb bg=848896","Name 'Runic Guardian' ratio=3.32 fg=f6f7fb bg=848896","SectionTitle 'ARENAS' ratio=1.54 fg=00e5ff bg=ffffff","Mark '🎯' ratio=3.32 fg=f6f7fb bg=848896","Name 'Steam Cathedral' ratio=1.46 fg=c98bff bg=848896","Mark '🎯' ratio=3.32 fg=f6f7fb bg=848896","Name 'Abyssal Forge' ratio=2.52 fg=ffd54a bg=848896","Mark '🎯' ratio=3.32 fg=f6f7fb bg=848896","Name 'Storm Bastion' ratio=2.39 fg=52e6ff bg=848896","Mark '🎯' ratio=3.32 fg=f6f7fb bg=848896","Name 'Abyssal Sanctuary' ratio=2.30 fg=27e7e0 bg=848896","Mark '🎯' ratio=3.32 fg=f6f7fb bg=848896","Name 'Titan Caldera' ratio=1.30 fg=ff7138 bg=848896","Mark '🎯' ratio=3.32 fg=f6f7fb bg=848896","Name 'Celestial Orrery' ratio=1.34 fg=a98cff bg=848896"]
ok legibility/1024x600/challenges/all-complete/containment
ok legibility/1024x600/challenges/all-complete/disjoint_blocks
FAIL legibility/1024x600/challenges/all-complete/contrast: expected [], got ["Mark '🏅' ratio=1.63 fg=f6f7fb bg=c8c3ba","Name 'Brass Legend' ratio=1.63 fg=f6f7fb bg=c8c3ba","State 'WON' ratio=1.29 fg=ffd98a bg=c8c3ba","Mark '🏅' ratio=1.63 fg=f6f7fb bg=c8c3ba","Name 'Crimson Claw' ratio=1.63 fg=f6f7fb bg=c8c3ba","State 'WON' ratio=1.29 fg=ffd98a bg=c8c3ba","Mark '🏅' ratio=1.63 fg=f6f7fb bg=c8c3ba","Name 'Ruby Huntress' ratio=1.63 fg=f6f7fb bg=c8c3ba","State 'WON' ratio=1.29 fg=ffd98a bg=c8c3ba","GroupName 'THE STEAMER' ratio=2.33 fg=ff8c00 bg=ffffff","Mark '🏅' ratio=1.63 fg=f6f7fb bg=c8c3ba","Name 'Night Circuit' ratio=1.63 fg=f6f7fb bg=c8c3ba","State 'WON' ratio=1.29 fg=ffd98a bg=c8c3ba","Mark '🏅' ratio=1.63 fg=f6f7fb bg=c8c3ba","Name 'Brass Legend' ratio=1.63 fg=f6f7fb bg=c8c3ba","State 'WON' ratio=1.29 fg=ffd98a bg=c8c3ba","Mark '🏅' ratio=1.63 fg=f6f7fb bg=c8c3ba","Name 'Titanium Boiler' ratio=1.63 fg=f6f7fb bg=c8c3ba","State 'WON' ratio=1.29 fg=ffd98a bg=c8c3ba","Mark '🏅' ratio=1.63 fg=f6f7fb bg=c8c3ba","Name 'Boiler Raider' ratio=1.63 fg=f6f7fb bg=c8c3ba","State 'WON' ratio=1.29 fg=ffd98a bg=c8c3ba","GroupName 'THE FLAME' ratio=1.34 fg=1aff8a bg=ffffff","Mark '🏅' ratio=1.63 fg=f6f7fb bg=c8c3ba","Name 'Night Circuit' ratio=1.63 fg=f6f7fb bg=c8c3ba","State 'WON' ratio=1.29 fg=ffd98a bg=c8c3ba","Mark '🏅' ratio=1.63 fg=f6f7fb bg=c8c3ba","Name 'Brass Legend' ratio=1.63 fg=f6f7fb bg=c8c3ba","State 'WON' ratio=1.29 fg=ffd98a bg=c8c3ba","Mark '🏅' ratio=1.63 fg=f6f7fb bg=c8c3ba","Name 'Neon Phoenix' ratio=1.63 fg=f6f7fb bg=c8c3ba","State 'WON' ratio=1.29 fg=ffd98a bg=c8c3ba","Mark '🏅' ratio=1.63 fg=f6f7fb bg=c8c3ba","Name 'Phoenix Warden' ratio=1.63 fg=f6f7fb bg=c8c3ba","State 'WON' ratio=1.29 fg=ffd98a bg=c8c3ba","GroupName 'THE ORACLE' ratio=2.44 fg=c98bff bg=ffffff","Mark '🏅' ratio=1.63 fg=f6f7fb bg=c8c3ba","Name 'Quantum Eclipse' ratio=1.63 fg=f6f7fb bg=c8c3ba","State 'WON' ratio=1.29 fg=ffd98a bg=c8c3ba","Mark '🏅' ratio=1.63 fg=f6f7fb bg=c8c3ba","Name 'Void Seer' ratio=1.63 fg=f6f7fb bg=c8c3ba","State 'WON' ratio=1.29 fg=ffd98a bg=c8c3ba","GroupName 'THE COLOSSUS' ratio=1.41 fg=ffd54a bg=ffffff","Mark '🏅' ratio=1.63 fg=f6f7fb bg=c8c3ba","Name 'Imperial Forge' ratio=1.63 fg=f6f7fb bg=c8c3ba","State 'WON' ratio=1.29 fg=ffd98a bg=c8c3ba","Mark '🏅' ratio=1.63 fg=f6f7fb bg=c8c3ba","Name 'Runic Guardian' ratio=1.63 fg=f6f7fb bg=c8c3ba","State 'WON' ratio=1.29 fg=ffd98a bg=c8c3ba","SectionTitle 'ARENAS' ratio=1.54 fg=00e5ff bg=ffffff","Mark '🏅' ratio=1.63 fg=f6f7fb bg=c8c3ba","Name 'Steam Cathedral' ratio=1.39 fg=c98bff bg=c8c3ba","State 'UNLOCKED' ratio=1.29 fg=ffd98a bg=c8c3ba","Mark '🏅' ratio=1.63 fg=f6f7fb bg=c8c3ba","Name 'Abyssal Forge' ratio=1.24 fg=ffd54a bg=c8c3ba","State 'UNLOCKED' ratio=1.29 fg=ffd98a bg=c8c3ba","Mark '🏅' ratio=1.63 fg=f6f7fb bg=c8c3ba","Name 'Storm Bastion' ratio=1.18 fg=52e6ff bg=c8c3ba","State 'UNLOCKED' ratio=1.29 fg=ffd98a bg=c8c3ba","Mark '🏅' ratio=1.63 fg=f6f7fb bg=c8c3ba","Name 'Abyssal Sanctuary' ratio=1.13 fg=27e7e0 bg=c8c3ba","State 'UNLOCKED' ratio=1.29 fg=ffd98a bg=c8c3ba","Mark '🏅' ratio=1.63 fg=f6f7fb bg=c8c3ba","Name 'Titan Caldera' ratio=1.57 fg=ff7138 bg=c8c3ba","State 'UNLOCKED' ratio=1.29 fg=ffd98a bg=c8c3ba","Mark '🏅' ratio=1.63 fg=f6f7fb bg=c8c3ba","Name 'Celestial Orrery' ratio=1.52 fg=a98cff bg=c8c3ba","State 'UNLOCKED' ratio=1.29 fg=ffd98a bg=c8c3ba"]
ok legibility/1024x600/challenges/demo-limited/containment
ok legibility/1024x600/challenges/demo-limited/disjoint_blocks
FAIL legibility/1024x600/challenges/demo-limited/contrast: expected [], got ["Mark '🏅' ratio=1.63 fg=f6f7fb bg=c8c3ba","Name 'Night Circuit' ratio=1.63 fg=f6f7fb bg=c8c3ba","State 'WON' ratio=1.29 fg=ffd98a bg=c8c3ba","Mark '🏅' ratio=1.63 fg=f6f7fb bg=c8c3ba","Name 'Brass Legend' ratio=1.63 fg=f6f7fb bg=c8c3ba","State 'WON' ratio=1.29 fg=ffd98a bg=c8c3ba","Mark '🏅' ratio=1.63 fg=f6f7fb bg=c8c3ba","Name 'Crimson Claw' ratio=1.63 fg=f6f7fb bg=c8c3ba","State 'WON' ratio=1.29 fg=ffd98a bg=c8c3ba","Mark '🏅' ratio=1.63 fg=f6f7fb bg=c8c3ba","Name 'Ruby Huntress' ratio=1.63 fg=f6f7fb bg=c8c3ba","State 'WON' ratio=1.29 fg=ffd98a bg=c8c3ba","GroupName 'THE STEAMER' ratio=2.33 fg=ff8c00 bg=ffffff","Mark '🏅' ratio=1.63 fg=f6f7fb bg=c8c3ba","Name 'Night Circuit' ratio=1.63 fg=f6f7fb bg=c8c3ba","State 'WON' ratio=1.29 fg=ffd98a bg=c8c3ba","Mark '🏅' ratio=1.63 fg=f6f7fb bg=c8c3ba","Name 'Brass Legend' ratio=1.63 fg=f6f7fb bg=c8c3ba","State 'WON' ratio=1.29 fg=ffd98a bg=c8c3ba","Mark '🏅' ratio=1.63 fg=f6f7fb bg=c8c3ba","Name 'Titanium Boiler' ratio=1.63 fg=f6f7fb bg=c8c3ba","State 'WON' ratio=1.29 fg=ffd98a bg=c8c3ba","Mark '🏅' ratio=1.63 fg=f6f7fb bg=c8c3ba","Name 'Boiler Raider' ratio=1.63 fg=f6f7fb bg=c8c3ba","State 'WON' ratio=1.29 fg=ffd98a bg=c8c3ba","GroupName 'THE FLAME' ratio=1.34 fg=1aff8a bg=ffffff","Mark '🏅' ratio=1.63 fg=f6f7fb bg=c8c3ba","Name 'Night Circuit' ratio=1.63 fg=f6f7fb bg=c8c3ba","State 'WON' ratio=1.29 fg=ffd98a bg=c8c3ba","Mark '🏅' ratio=1.63 fg=f6f7fb bg=c8c3ba","Name 'Brass Legend' ratio=1.63 fg=f6f7fb bg=c8c3ba","State 'WON' ratio=1.29 fg=ffd98a bg=c8c3ba","Mark '🏅' ratio=1.63 fg=f6f7fb bg=c8c3ba","Name 'Neon Phoenix' ratio=1.63 fg=f6f7fb bg=c8c3ba","State 'WON' ratio=1.29 fg=ffd98a bg=c8c3ba","Mark '🏅' ratio=1.63 fg=f6f7fb bg=c8c3ba","Name 'Phoenix Warden' ratio=1.63 fg=f6f7fb bg=c8c3ba","State 'WON' ratio=1.29 fg=ffd98a bg=c8c3ba","GroupName 'THE ORACLE' ratio=2.44 fg=c98bff bg=ffffff","Mark '🏅' ratio=1.63 fg=f6f7fb bg=c8c3ba","Name 'Quantum Eclipse' ratio=1.63 fg=f6f7fb bg=c8c3ba","State 'WON' ratio=1.29 fg=ffd98a bg=c8c3ba","Mark '🏅' ratio=1.63 fg=f6f7fb bg=c8c3ba","Name 'Void Seer' ratio=1.63 fg=f6f7fb bg=c8c3ba","State 'WON' ratio=1.29 fg=ffd98a bg=c8c3ba","GroupName 'THE COLOSSUS' ratio=1.41 fg=ffd54a bg=ffffff","Mark '🏅' ratio=1.63 fg=f6f7fb bg=c8c3ba","Name 'Imperial Forge' ratio=1.63 fg=f6f7fb bg=c8c3ba","State 'WON' ratio=1.29 fg=ffd98a bg=c8c3ba","Mark '🏅' ratio=1.63 fg=f6f7fb bg=c8c3ba","Name 'Runic Guardian' ratio=1.63 fg=f6f7fb bg=c8c3ba","State 'WON' ratio=1.29 fg=ffd98a bg=c8c3ba","SectionTitle 'ARENAS' ratio=1.54 fg=00e5ff bg=ffffff","Mark '🏅' ratio=1.63 fg=f6f7fb bg=c8c3ba","Name 'Steam Cathedral' ratio=1.39 fg=c98bff bg=c8c3ba","State 'UNLOCKED' ratio=1.29 fg=ffd98a bg=c8c3ba","Mark '🏅' ratio=1.63 fg=f6f7fb bg=c8c3ba","Name 'Abyssal Forge' ratio=1.24 fg=ffd54a bg=c8c3ba","State 'UNLOCKED' ratio=1.29 fg=ffd98a bg=c8c3ba","Mark '🏅' ratio=1.63 fg=f6f7fb bg=c8c3ba","Name 'Storm Bastion' ratio=1.18 fg=52e6ff bg=c8c3ba","State 'UNLOCKED' ratio=1.29 fg=ffd98a bg=c8c3ba","Mark '🏅' ratio=1.63 fg=f6f7fb bg=c8c3ba","Name 'Abyssal Sanctuary' ratio=1.13 fg=27e7e0 bg=c8c3ba","State 'UNLOCKED' ratio=1.29 fg=ffd98a bg=c8c3ba","Mark '🏅' ratio=1.63 fg=f6f7fb bg=c8c3ba","Name 'Titan Caldera' ratio=1.57 fg=ff7138 bg=c8c3ba","State 'UNLOCKED' ratio=1.29 fg=ffd98a bg=c8c3ba","Mark '🏅' ratio=1.63 fg=f6f7fb bg=c8c3ba","Name 'Celestial Orrery' ratio=1.52 fg=a98cff bg=c8c3ba","State 'UNLOCKED' ratio=1.29 fg=ffd98a bg=c8c3ba"]
ok legibility/1024x600/profile/default/containment
ok legibility/1024x600/profile/default/disjoint_blocks
FAIL legibility/1024x600/profile/default/contrast: expected [], got ["Label 'Win 4 points with ' ratio=2.85 fg=ffffff bg=999999","Progress '0/4' ratio=2.85 fg=ffffff bg=999999","Label '10 winning shots t' ratio=2.85 fg=ffffff bg=999999","Progress '0/10' ratio=2.85 fg=ffffff bg=999999","Label 'One 10-hit rally' ratio=2.85 fg=ffffff bg=999999","Progress '0/10' ratio=2.85 fg=ffffff bg=999999"]
ok legibility/1024x600/profile/empty-objectives/containment
ok legibility/1024x600/profile/empty-objectives/disjoint_blocks
ok legibility/1024x600/profile/empty-objectives/contrast
ok legibility/1024x600/profile/mid-season/containment
ok legibility/1024x600/profile/mid-season/disjoint_blocks
FAIL legibility/1024x600/profile/mid-season/contrast: expected [], got ["Check '✓' ratio=2.13 fg=1aff8a bg=999999","Label 'Win 4 points with ' ratio=2.66 fg=f6f7fb bg=999999","Progress '4/4' ratio=2.13 fg=1aff8a bg=999999","Label '10 winning shots t' ratio=2.85 fg=ffffff bg=999999","Progress '0/10' ratio=2.85 fg=ffffff bg=999999","Label 'One 10-hit rally' ratio=2.85 fg=ffffff bg=999999","Progress '0/10' ratio=2.85 fg=ffffff bg=999999"]
FAIL legibility/1024x600/feedback/default/containment: expected [], got ["Margin [P: (0.0, -27.5), S: (1024.0, 655.0)] outside Shell [P: (0.0, 0.0), S: (1024.0, 600.0)]"]
ok legibility/1024x600/feedback/default/disjoint_blocks
FAIL legibility/1024x600/feedback/default/contrast: expected [], got ["Title 'SEND FEEDBACK' ratio=1.07 fg=f6f7fb bg=ffffff"]
FAIL legibility/1024x600/feedback/counted/containment: expected [], got ["Margin [P: (0.0, -27.5), S: (1024.0, 655.0)] outside Shell [P: (0.0, 0.0), S: (1024.0, 600.0)]"]
ok legibility/1024x600/feedback/counted/disjoint_blocks
FAIL legibility/1024x600/feedback/counted/contrast: expected [], got ["Title 'SEND FEEDBACK' ratio=1.07 fg=f6f7fb bg=ffffff"]
FAIL legibility/1024x600/feedback/diagnostics-open/containment: expected [], got ["Margin [P: (0.0, -124.5), S: (1024.0, 849.0)] outside Shell [P: (0.0, 0.0), S: (1024.0, 600.0)]"]
ok legibility/1024x600/feedback/diagnostics-open/disjoint_blocks
FAIL legibility/1024x600/feedback/diagnostics-open/contrast: expected [], got ["Title 'SEND FEEDBACK' ratio=1.07 fg=f6f7fb bg=ffffff","Subtitle 'What's off, what's' ratio=1.07 fg=f6f7fb bg=ffffff","TopicLabel 'What is it about' ratio=1.07 fg=f6f7fb bg=ffffff","Topic_bug 'Bug' ratio=1.07 fg=f6f7fb bg=ffffff","Topic_balance 'Balance' ratio=1.07 fg=f6f7fb bg=ffffff","Topic_controls 'Controls' ratio=1.07 fg=f6f7fb bg=ffffff","SendButton 'Save and copy' ratio=1.07 fg=f6f7fb bg=ffffff","CopyButton 'Copy to clipboard' ratio=1.07 fg=f6f7fb bg=ffffff","Note 'The game sends not' ratio=1.07 fg=f6f7fb bg=ffffff"]
FAIL legibility/1024x600/feedback/fallback/containment: expected [], got ["Margin [P: (0.0, -205.0), S: (1024.0, 1010.0)] outside Shell [P: (0.0, 0.0), S: (1024.0, 600.0)]"]
ok legibility/1024x600/feedback/fallback/disjoint_blocks
FAIL legibility/1024x600/feedback/fallback/contrast: expected [], got ["Title 'SEND FEEDBACK' ratio=1.07 fg=f6f7fb bg=ffffff","Subtitle 'What's off, what's' ratio=1.07 fg=f6f7fb bg=ffffff","TopicLabel 'What is it about' ratio=1.07 fg=f6f7fb bg=ffffff","Topic_bug 'Bug' ratio=1.07 fg=f6f7fb bg=ffffff","Topic_balance 'Balance' ratio=1.07 fg=f6f7fb bg=ffffff","Topic_controls 'Controls' ratio=1.07 fg=f6f7fb bg=ffffff","Topic_performance 'Performance' ratio=1.07 fg=f6f7fb bg=ffffff","Topic_idea 'Idea' ratio=1.07 fg=f6f7fb bg=ffffff","Topic_other 'Other' ratio=1.07 fg=f6f7fb bg=ffffff","MessageLabel 'Your message' ratio=1.07 fg=f6f7fb bg=ffffff","Note 'The game sends not' ratio=1.07 fg=f6f7fb bg=ffffff","Status 'I couldn't send it' ratio=1.07 fg=f6f7fb bg=ffffff"]
FAIL legibility/1024x600/feedback/sent/containment: expected [], got ["Margin [P: (0.0, -205.0), S: (1024.0, 1010.0)] outside Shell [P: (0.0, 0.0), S: (1024.0, 600.0)]"]
ok legibility/1024x600/feedback/sent/disjoint_blocks
FAIL legibility/1024x600/feedback/sent/contrast: expected [], got ["Title 'SEND FEEDBACK' ratio=1.07 fg=f6f7fb bg=ffffff","Subtitle 'What's off, what's' ratio=1.07 fg=f6f7fb bg=ffffff","TopicLabel 'What is it about' ratio=1.07 fg=f6f7fb bg=ffffff","Topic_bug 'Bug' ratio=1.07 fg=f6f7fb bg=ffffff","Topic_balance 'Balance' ratio=1.07 fg=f6f7fb bg=ffffff","Topic_controls 'Controls' ratio=1.07 fg=f6f7fb bg=ffffff","Topic_performance 'Performance' ratio=1.07 fg=f6f7fb bg=ffffff","Topic_idea 'Idea' ratio=1.07 fg=f6f7fb bg=ffffff","Topic_other 'Other' ratio=1.07 fg=f6f7fb bg=ffffff","MessageLabel 'Your message' ratio=1.07 fg=f6f7fb bg=ffffff","Note 'The game sends not' ratio=1.07 fg=f6f7fb bg=ffffff","Status 'Feedback sent succ' ratio=1.07 fg=f6f7fb bg=ffffff"]
FAIL legibility/1024x600/drill/default/containment: expected [], got ["Margin [P: (-66.0, 0.0), S: (1156.0, 600.0)] outside Shell [P: (0.0, 0.0), S: (1024.0, 600.0)]"]
ok legibility/1024x600/drill/default/disjoint_blocks
ok legibility/1024x600/drill/default/contrast
FAIL legibility/1024x600/drill/precision/containment: expected [], got ["Margin [P: (-66.0, 0.0), S: (1156.0, 600.0)] outside Shell [P: (0.0, 0.0), S: (1024.0, 600.0)]"]
ok legibility/1024x600/drill/precision/disjoint_blocks
ok legibility/1024x600/drill/precision/contrast
FAIL legibility/1024x600/drill/smash/containment: expected [], got ["Margin [P: (-12.0, 0.0), S: (1048.0, 600.0)] outside Shell [P: (0.0, 0.0), S: (1024.0, 600.0)]"]
ok legibility/1024x600/drill/smash/disjoint_blocks
ok legibility/1024x600/drill/smash/contrast
FAIL legibility/1024x600/drill/rally/containment: expected [], got ["Margin [P: (-6.0, 0.0), S: (1036.0, 600.0)] outside Shell [P: (0.0, 0.0), S: (1024.0, 600.0)]"]
ok legibility/1024x600/drill/rally/disjoint_blocks
ok legibility/1024x600/drill/rally/contrast
FAIL legibility/1024x600/drill/serve/containment: expected [], got ["Margin [P: (-184.0, 0.0), S: (1392.0, 600.0)] outside Shell [P: (0.0, 0.0), S: (1024.0, 600.0)]"]
ok legibility/1024x600/drill/serve/disjoint_blocks
ok legibility/1024x600/drill/serve/contrast
FAIL legibility/1024x600/drill/hard/containment: expected [], got ["Margin [P: (-184.0, 0.0), S: (1392.0, 600.0)] outside Shell [P: (0.0, 0.0), S: (1024.0, 600.0)]"]
ok legibility/1024x600/drill/hard/disjoint_blocks
ok legibility/1024x600/drill/hard/contrast
FAIL legibility/1024x600/drill/legend/containment: expected [], got ["Margin [P: (-184.0, 0.0), S: (1392.0, 600.0)] outside Shell [P: (0.0, 0.0), S: (1024.0, 600.0)]"]
ok legibility/1024x600/drill/legend/disjoint_blocks
ok legibility/1024x600/drill/legend/contrast
ok legibility/1024x600/settings/default/containment
ok legibility/1024x600/settings/default/disjoint_blocks
ok legibility/1024x600/settings/default/contrast
ok legibility/1024x600/result/default/containment
ok legibility/1024x600/result/default/disjoint_blocks
ok legibility/1024x600/result/default/contrast
ok legibility/1024x600/result/win-points/containment
ok legibility/1024x600/result/win-points/disjoint_blocks
ok legibility/1024x600/result/win-points/contrast
ok legibility/1024x600/result/loss-points/containment
ok legibility/1024x600/result/loss-points/disjoint_blocks
ok legibility/1024x600/result/loss-points/contrast
ok legibility/1024x600/result/win-set/containment
ok legibility/1024x600/result/win-set/disjoint_blocks
ok legibility/1024x600/result/win-set/contrast
ok legibility/1024x600/result/loss-set/containment
ok legibility/1024x600/result/loss-set/disjoint_blocks
ok legibility/1024x600/result/loss-set/contrast
ok legibility/1024x600/result/multi-set/containment
ok legibility/1024x600/result/multi-set/disjoint_blocks
ok legibility/1024x600/result/multi-set/contrast
FAIL legibility/1024x600/result/career-promotion/containment: expected [], got ["Margin [P: (0.0, -18.5), S: (1024.0, 637.0)] outside Shell [P: (0.0, 0.0), S: (1024.0, 600.0)]"]
ok legibility/1024x600/result/career-promotion/disjoint_blocks
ok legibility/1024x600/result/career-promotion/contrast
ok legibility/1024x600/result/tournament-next/containment
ok legibility/1024x600/result/tournament-next/disjoint_blocks
ok legibility/1024x600/result/tournament-next/contrast
ok legibility/1024x600/result/demo-cta/containment
ok legibility/1024x600/result/demo-cta/disjoint_blocks
ok legibility/1024x600/result/demo-cta/contrast
ok legibility/1024x600/result/beta-cta/containment
ok legibility/1024x600/result/beta-cta/disjoint_blocks
ok legibility/1024x600/result/beta-cta/contrast
ok legibility/1280x720/hud/default/containment
ok legibility/1280x720/hud/default/regions_disjoint
ok legibility/1280x720/hud/serving/containment
ok legibility/1280x720/hud/serving/regions_disjoint
ok legibility/1280x720/hud/rally/containment
ok legibility/1280x720/hud/rally/regions_disjoint
ok legibility/1280x720/hud/point-pause/containment
ok legibility/1280x720/hud/point-pause/regions_disjoint
ok legibility/1280x720/hud/set-tennis/containment
ok legibility/1280x720/hud/set-tennis/regions_disjoint
ok legibility/1280x720/hud/drill/containment
ok legibility/1280x720/hud/drill/regions_disjoint
ok legibility/1280x720/hud/tournament/containment
ok legibility/1280x720/hud/tournament/regions_disjoint
ok legibility/1280x720/hud/career/containment
ok legibility/1280x720/hud/career/regions_disjoint
ok legibility/1280x720/hud/panel-open/containment
ok legibility/1280x720/hud/panel-open/regions_disjoint
ok legibility/1152x648/hud/default/containment
ok legibility/1152x648/hud/default/regions_disjoint
ok legibility/1152x648/hud/serving/containment
ok legibility/1152x648/hud/serving/regions_disjoint
ok legibility/1152x648/hud/rally/containment
ok legibility/1152x648/hud/rally/regions_disjoint
ok legibility/1152x648/hud/point-pause/containment
ok legibility/1152x648/hud/point-pause/regions_disjoint
ok legibility/1152x648/hud/set-tennis/containment
ok legibility/1152x648/hud/set-tennis/regions_disjoint
ok legibility/1152x648/hud/drill/containment
ok legibility/1152x648/hud/drill/regions_disjoint
ok legibility/1152x648/hud/tournament/containment
ok legibility/1152x648/hud/tournament/regions_disjoint
ok legibility/1152x648/hud/career/containment
ok legibility/1152x648/hud/career/regions_disjoint
ok legibility/1152x648/hud/panel-open/containment
ok legibility/1152x648/hud/panel-open/regions_disjoint
# report sizes=4 screens=48 hud_states=18
FAIL 572/664
FAIL 572/664
# first failure FAIL legibility/1280x720/arena/default/contrast: expected [], got ["PlayerModeButton_solo '1 player' ratio=2.66 fg=f6f7fb bg=999999","PlayerModeButton_coop 'Co-op 2' ratio=2.66 fg=f6f7fb bg=999999","PlayerModeButton_pvp 'Local versus' ratio=2.66 fg=f6f7fb bg=999999"]
# first failure FAIL legibility/1280x720/arena/default/contrast: expected [], got ["PlayerModeButton_solo '1 player' ratio=2.66 fg=f6f7fb bg=999999","PlayerModeButton_coop 'Co-op 2' ratio=2.66 fg=f6f7fb bg=999999","PlayerModeButton_pvp 'Local versus' ratio=2.66 fg=f6f7fb bg=999999"]
