
> steam-circuit-padel-pro@0.1.0 audit
> node scripts/run-audits.mjs

✅ ai-attack             2051 ms
✅ api-feedback           185 ms
✅ arena-scenery          167 ms
✅ assets                 242 ms
✅ career                 174 ms
✅ controller-tactics     243 ms
✅ court-speed            354 ms
✅ demo                   373 ms
✅ determinism            677 ms
✅ difficulty            4292 ms
✅ drill                  796 ms
✅ feedback               283 ms
✅ gamepad-nav            176 ms
✅ i18n                   275 ms
✅ lineup                 194 ms
✅ match-format           572 ms
✅ module-contract        178 ms
✅ modules                194 ms
❌ outfit-assets          150 ms
✅ outfit-challenges      159 ms
✅ reachability           223 ms
✅ shot-balance         10836 ms
✅ shot-quality           383 ms
✅ smash-input            450 ms
✅ tournament             180 ms
❌ unlockable-animation   226 ms
✅ wall-rules             409 ms

25/27 audit passano

❌ outfit-assets-audit.mjs
   const err = new Error(message);

❌ unlockable-animation-audit.mjs
   Error [ERR_MODULE_NOT_FOUND]: Cannot find package 'sharp' imported from /root/projects/steam-circuit-padel-pro/scripts/unlockable-animation-audit.mjs
