== Godot headless harness - smoke evidence ==
date: 2026-09-16T02:48:53+02:00
host: Linux 7.0.0-30-generic x86_64 | os: Ubuntu 26.04.1 LTS
binary: /root/tools/godot/Godot_v4.7.2-stable_linux.x86_64
binary sha256: 8d106cbe6144c2dc7e881d61d2429c1a8a76e6b22ef48bd5e48dcf934953f71e
binary --version: 4.7.2.stable.official.ed1daf0bf
archive on disk: /root/tools/godot/godot-linux.zip sha256 cadd3204e728a35d3f13adb7fd0d7902636b79f6b95c40c265eb73b6c35329e4
DISPLAY: [<unset>]
project: godot/project.godot, main scene res://tests/SmokeTest.tscn
xvfb-run: /usr/bin/xvfb-run
canonical: https://godotengine.org/article/maintenance-release-godot-4-7-2/ -> "This release is built from commit ed1daf0bf."
canonical: https://github.com/godotengine/godot/releases/tag/4.7.2-stable -> published 2026-08-18T16:12:28Z, asset Godot_v4.7.2-stable_linux.x86_64.zip (74.3 MB), SHA512-SUMS.txt published
note: stdout and stderr are merged below (2>&1); failure lines are printed to BOTH streams


---- A: THE CONTRACT -- --headless, no xvfb, DISPLAY unset. Expect PASS 8/8, exit 0
$ env -u DISPLAY GODOT_SILENCE_ROOT_WARNING=1 timeout 120 /root/tools/godot/Godot_v4.7.2-stable_linux.x86_64 --headless --path godot/
Godot Engine v4.7.2.stable.official.ed1daf0bf - https://godotengine.org

# Engine.get_version_info() = { "major": 4, "minor": 7, "patch": 2, "hex": 263938, "status": "stable", "build": "official", "hash": "ed1daf0bf001b61586d9930840f2f1394092c079", "timestamp": 0, "string": "4.7.2-stable (official)" }
ok engine major version
ok engine minor version
ok engine patch version
ok engine channel is stable
ok engine version string
ok engine build commit
ok physics tick is 120 Hz
ok float accumulator overshoots 120 steps (count integer ticks)
PASS 8/8
EXIT_CODE=0

---- B: scene passed positionally, same result
$ env -u DISPLAY GODOT_SILENCE_ROOT_WARNING=1 timeout 120 /root/tools/godot/Godot_v4.7.2-stable_linux.x86_64 --headless --path godot/ res://tests/SmokeTest.tscn
Godot Engine v4.7.2.stable.official.ed1daf0bf - https://godotengine.org

# Engine.get_version_info() = { "major": 4, "minor": 7, "patch": 2, "hex": 263938, "status": "stable", "build": "official", "hash": "ed1daf0bf001b61586d9930840f2f1394092c079", "timestamp": 0, "string": "4.7.2-stable (official)" }
ok engine major version
ok engine minor version
ok engine patch version
ok engine channel is stable
ok engine version string
ok engine build commit
ok physics tick is 120 Hz
ok float accumulator overshoots 120 steps (count integer ticks)
PASS 8/8
EXIT_CODE=0

---- C: deliberate assertion failure. Expect FAIL 7/8, exit 1
$ env -u DISPLAY GODOT_SILENCE_ROOT_WARNING=1 timeout 120 /root/tools/godot/Godot_v4.7.2-stable_linux.x86_64 --headless --path godot/ -- --inject-failure
Godot Engine v4.7.2.stable.official.ed1daf0bf - https://godotengine.org

# Engine.get_version_info() = { "major": 4, "minor": 7, "patch": 2, "hex": 263938, "status": "stable", "build": "official", "hash": "ed1daf0bf001b61586d9930840f2f1394092c079", "timestamp": 0, "string": "4.7.2-stable (official)" }
ok engine major version
ok engine minor version
ok engine patch version
ok engine channel is stable
ok engine version string
ok engine build commit
ok physics tick is 120 Hz
ok float accumulator overshoots 120 steps (count integer ticks)
FAIL injected failure (deliberate, proves the exit code): expected 2, got 1
FAIL injected failure (deliberate, proves the exit code): expected 2, got 1
FAIL 8/9
EXIT_CODE=1

---- D: runtime error in _ready, bounded by timeout 15. Expect EXIT_CODE=124 (killed) = red job
$ env -u DISPLAY GODOT_SILENCE_ROOT_WARNING=1 timeout 15 /root/tools/godot/Godot_v4.7.2-stable_linux.x86_64 --headless --path godot/ -- --inject-abort
Godot Engine v4.7.2.stable.official.ed1daf0bf - https://godotengine.org

# Engine.get_version_info() = { "major": 4, "minor": 7, "patch": 2, "hex": 263938, "status": "stable", "build": "official", "hash": "ed1daf0bf001b61586d9930840f2f1394092c079", "timestamp": 0, "string": "4.7.2-stable (official)" }
ok engine major version
ok engine minor version
ok engine patch version
ok engine channel is stable
ok engine version string
ok engine build commit
ok physics tick is 120 Hz
ok float accumulator overshoots 120 steps (count integer ticks)
SCRIPT ERROR: Invalid call. Nonexistent function 'this_method_does_not_exist' in base 'Engine'.
          at: _ready (res://tests/smoke_test.gd:67)
          GDScript backtrace (most recent call first):
              [0] _ready (res://tests/smoke_test.gd:67)
EXIT_CODE=124

---- E: same abort bounded by --quit-after 5 instead. 1s in, exit 0 = SILENTLY GREEN, do not use as the bound
$ env -u DISPLAY GODOT_SILENCE_ROOT_WARNING=1 timeout 30 /root/tools/godot/Godot_v4.7.2-stable_linux.x86_64 --headless --quit-after 5 --path godot/ -- --inject-abort
Godot Engine v4.7.2.stable.official.ed1daf0bf - https://godotengine.org

# Engine.get_version_info() = { "major": 4, "minor": 7, "patch": 2, "hex": 263938, "status": "stable", "build": "official", "hash": "ed1daf0bf001b61586d9930840f2f1394092c079", "timestamp": 0, "string": "4.7.2-stable (official)" }
ok engine major version
ok engine minor version
ok engine patch version
ok engine channel is stable
ok engine version string
ok engine build commit
ok physics tick is 120 Hz
ok float accumulator overshoots 120 steps (count integer ticks)
SCRIPT ERROR: Invalid call. Nonexistent function 'this_method_does_not_exist' in base 'Engine'.
          at: _ready (res://tests/smoke_test.gd:67)
          GDScript backtrace (most recent call first):
              [0] _ready (res://tests/smoke_test.gd:67)
EXIT_CODE=0

---- F: windowed, no --headless, no DISPLAY, no xvfb. DisplayServer fails, exit 1
$ env -u DISPLAY GODOT_SILENCE_ROOT_WARNING=1 timeout 120 /root/tools/godot/Godot_v4.7.2-stable_linux.x86_64 --path godot/
Godot Engine v4.7.2.stable.official.ed1daf0bf - https://godotengine.org
ERROR: X11 Display is not available
   at: DisplayServerX11 (platform/linuxbsd/x11/display_server_x11.cpp:6943)
WARNING: Display driver x11 failed, falling back to wayland.
     at: setup2 (main/main.cpp:3380)
ERROR: Can't connect to a Wayland display.
   at: init (platform/linuxbsd/wayland/wayland_thread.cpp:5589)
ERROR: Could not initialize the Wayland thread.
   at: DisplayServerWayland (platform/linuxbsd/wayland/display_server_wayland.cpp:2296)
ERROR: Can't create the Wayland display server.
   at: create_func (platform/linuxbsd/wayland/display_server_wayland.cpp:2264)
ERROR: Unable to create DisplayServer, all display drivers failed.
Use "--headless" command line argument to run the engine in headless mode if this is desired (e.g. for continuous integration).
   at: setup2 (main/main.cpp:3390)
WARNING: 6 ObjectDB instances were leaked at exit (run with `--verbose` for details).
     at: cleanup (core/object/object.cpp:2536)
EXIT_CODE=1

---- G: windowed under xvfb-run. Works: software GL llvmpipe, no GPU, audio falls back to dummy
$ env -u DISPLAY GODOT_SILENCE_ROOT_WARNING=1 timeout 120 xvfb-run -a /root/tools/godot/Godot_v4.7.2-stable_linux.x86_64 --path godot/
Godot Engine v4.7.2.stable.official.ed1daf0bf - https://godotengine.org
WARNING: Could not set V-Sync mode, as changing V-Sync mode is not supported by the graphics driver.
     at: set_use_vsync (platform/linuxbsd/x11/gl_manager_x11.cpp:372)
OpenGL API 4.5 (Core Profile) Mesa 26.0.8-1ubuntu0.3 - Compatibility - Using Device: Mesa - llvmpipe (LLVM 21.1.8, 256 bits)
ALSA lib confmisc.c:855:(parse_card) [error.core] cannot find card '0'
ALSA lib conf.c:5211:(_snd_config_evaluate) [error.core] function snd_func_card_inum returned error: No such file or directory
ALSA lib confmisc.c:422:(snd_func_concat) [error.core] error evaluating strings
ALSA lib conf.c:5211:(_snd_config_evaluate) [error.core] function snd_func_concat returned error: No such file or directory
ALSA lib confmisc.c:1342:(snd_func_refer) [error.core] error evaluating name
ALSA lib conf.c:5211:(_snd_config_evaluate) [error.core] function snd_func_refer returned error: No such file or directory
ALSA lib conf.c:5734:(snd_config_expand) [error.core] Evaluate error: No such file or directory
ALSA lib pcm.c:2722:(snd_pcm_open_noupdate) [error.pcm] Unknown PCM default
ERROR: Condition "status < 0" is true. Returning: ERR_CANT_OPEN
   at: init_output_device (drivers/alsa/audio_driver_alsa.cpp:97)
WARNING: All audio drivers failed, falling back to the dummy driver.
     at: initialize (servers/audio/audio_server.cpp:258)

# Engine.get_version_info() = { "major": 4, "minor": 7, "patch": 2, "hex": 263938, "status": "stable", "build": "official", "hash": "ed1daf0bf001b61586d9930840f2f1394092c079", "timestamp": 0, "string": "4.7.2-stable (official)" }
ok engine major version
ok engine minor version
ok engine patch version
ok engine channel is stable
ok engine version string
ok engine build commit
ok physics tick is 120 Hz
ok float accumulator overshoots 120 steps (count integer ticks)
PASS 8/8
EXIT_CODE=0

---- files under godot/ after these runs (everything the harness needs, nothing else)
godot/.gitignore
godot/project.godot
godot/tests/SmokeTest.tscn
godot/tests/smoke_test.gd
