Godot Engine v4.7.2.stable.official.ed1daf0bf - https://godotengine.org
WARNING: Could not set V-Sync mode, as changing V-Sync mode is not supported by the graphics driver.
     at: set_use_vsync (platform/linuxbsd/x11/gl_manager_x11.cpp:372)
OpenGL API 4.5 (Core Profile) Mesa 26.0.8-1ubuntu0.3 - Compatibility - Using Device: Mesa - llvmpipe (LLVM 21.1.8, 256 bits)
ALSA lib confmisc.c:855:(parse_card) [error.core] cannot find card '0'
ALSA lib conf.c:5211:(_snd_config_evaluate) [error.core] function snd_func_card_inum returned error: No such file or directory
ALSA lib confmisc.c:422:(snd_func_concat) [error.core] error evaluating strings
ALSA lib conf.c:5211:(_snd_config_evaluate) [error.core] function snd_func_concat returned error: No such file or directory
ALSA lib confmisc.c:1342:(snd_func_refer) [error.core] error evaluating name
ALSA lib conf.c:5211:(_snd_config_evaluate) [error.core] function snd_func_refer returned error: No such file or directory
ALSA lib conf.c:5734:(snd_config_expand) [error.core] Evaluate error: No such file or directory
ALSA lib pcm.c:2722:(snd_pcm_open_noupdate) [error.pcm] Unknown PCM default
ERROR: Condition "status < 0" is true. Returning: ERR_CANT_OPEN
   at: init_output_device (drivers/alsa/audio_driver_alsa.cpp:97)
WARNING: All audio drivers failed, falling back to the dummy driver.
     at: initialize (servers/audio/audio_server.cpp:258)

ARENA_SPIKE_START view=wide
COURT source js/data.js: left=80.0 right=880.0 top=56.0 bottom=564.0 netY=310.0 netHeight=38.0
COURT derived with PX_TO_M=0.025: length=20.000 m across X, depth=12.700 m along Z, net=0.950 m, service line=3.150 m
COURT aspect check: COURT 800x508 px -> 1.575 ; real padel 20x10 -> 2.000 (mismatch is a finding)
RENDERER=gl_compatibility ADAPTER=llvmpipe (LLVM 21.1.8, 256 bits) API=4.5 (Core Profile) Mesa 26.0.8-1ubuntu0.3
GLB_APPEND err=0 path=res://assets/volpe-rigged.glb
GLB_LOADED in 216 ms
ATHLETE_ANIMATIONS=["Armature|clip0|baselayer"]
ATHLETE_ANIM 'Armature|clip0|baselayer' length=0.300 tracks=7
ATHLETE_POSE held at t=0.300 (base pose; NO idle clip exists)
ATHLETE_MESH_AABB_UNSKINNED size=(0.01276, 0.018, 0.005412) (misses skinning; see BONE_EXTENT)
ATHLETE_BONE_EXTENT bones=24 world_y=0.0450..1.7233 -> height 1.6783 m at (2.6, 0.0, 2.4)
CAM view=wide pos=(0.0, 16.6235, 7.4) pitch=-68.000 deg fov_v=60.000 deg viewport=1280x720
FRAMING near_left       px=(  245.5,  567.3) frac=(0.1918,0.7878)
FRAMING near_centre     px=(  640.0,  567.3) frac=(0.5000,0.7878)
FRAMING near_right      px=( 1034.5,  567.3) frac=(0.8082,0.7878)
FRAMING far_left        px=(  336.8,  162.3) frac=(0.2631,0.2254)
FRAMING far_centre      px=(  640.0,  162.3) frac=(0.5000,0.2254)
FRAMING far_right       px=(  943.2,  162.3) frac=(0.7369,0.2254)
FRAMING net_top_centre  px=(  640.0,  324.3) frac=(0.5000,0.4505)
FRAMING ball            px=(  685.3,  453.0) frac=(0.5354,0.6292)
FRAMING athlete_feet    px=(  733.8,  417.4) frac=(0.5733,0.5797)
FRAMING_TARGETS web 960x700 frame: near_y_frac=0.98143 far_y_frac=0.14286 near_x_frac=0.05..0.95 far_x_frac=0.21875..0.78125 net_y_frac=0.51183
ARENA_SAVE err=0 path=/root/projects/steam-circuit-padel-pro/godot/prototypes/arena_spike/arena_wide_1280x720.png size=1280x720
ARENA_PASS
