=== world-arena proof run refinement-01 ===
    repo  /Users/lucafantini/Desktop/Personal/Padel-3D/steam-circuit-padel-godot
    godot /Applications/Godot.app/Contents/MacOS/Godot
    dir   /Users/lucafantini/Desktop/Personal/Padel-3D/steam-circuit-padel-godot/tools/world-arenas/out/refinement-01
--- step import: /Applications/Godot.app/Contents/MacOS/Godot --headless --path godot --import (watchdog 600s, log /Users/lucafantini/Desktop/Personal/Padel-3D/steam-circuit-padel-godot/tools/world-arenas/out/refinement-01/logs/import.log)
    exit=0 tally='<none>' script_errors=0 log_sha256=f5e9e5ef7688742e…
--- step baseline_slice: /Applications/Godot.app/Contents/MacOS/Godot --headless --path godot --script res://tests/game_slice_test.gd (watchdog 900s, log /Users/lucafantini/Desktop/Personal/Padel-3D/steam-circuit-padel-godot/tools/world-arenas/out/refinement-01/logs/baseline_slice.log)
    exit=0 tally='PASS 342/342' script_errors=0 log_sha256=b32a7ad8c600b529…
--- step baseline_demo: /Applications/Godot.app/Contents/MacOS/Godot --headless --path godot --script res://tests/game_slice_test.gd -- --demo (watchdog 900s, log /Users/lucafantini/Desktop/Personal/Padel-3D/steam-circuit-padel-godot/tools/world-arenas/out/refinement-01/logs/baseline_demo.log)
    exit=0 tally='PASS 293/293' script_errors=0 log_sha256=c66cdb1bb7370e12…
--- step field_law: /Applications/Godot.app/Contents/MacOS/Godot --headless --path godot --script res://tests/world_arenas_field_law_test.gd (watchdog 300s, log /Users/lucafantini/Desktop/Personal/Padel-3D/steam-circuit-padel-godot/tools/world-arenas/out/refinement-01/logs/field_law.log)
    exit=0 tally='PASS 88/88' script_errors=0 log_sha256=5e59eb6aea4867bd…
--- step frame: /Applications/Godot.app/Contents/MacOS/Godot --headless --path godot --script res://tests/world_arenas_frame_test.gd (watchdog 300s, log /Users/lucafantini/Desktop/Personal/Padel-3D/steam-circuit-padel-godot/tools/world-arenas/out/refinement-01/logs/frame.log)
    exit=0 tally='PASS 14/14' script_errors=0 log_sha256=c21d0aa27b09c262…
--- step selection: /Applications/Godot.app/Contents/MacOS/Godot --headless --path godot --script res://tests/world_arenas_selection_test.gd (watchdog 900s, log /Users/lucafantini/Desktop/Personal/Padel-3D/steam-circuit-padel-godot/tools/world-arenas/out/refinement-01/logs/selection.log)
    exit=0 tally='PASS 18/18' script_errors=0 log_sha256=332032869c536d62…
--- step selection_demo: /Applications/Godot.app/Contents/MacOS/Godot --headless --path godot --script res://tests/world_arenas_selection_test.gd -- --demo (watchdog 300s, log /Users/lucafantini/Desktop/Personal/Padel-3D/steam-circuit-padel-godot/tools/world-arenas/out/refinement-01/logs/selection_demo.log)
    exit=0 tally='PASS 8/8' script_errors=0 log_sha256=0fc3e68c0eb83416…
--- step capture: /Applications/Godot.app/Contents/MacOS/Godot --path godot --rendering-driver opengl3 --resolution 1280x720 res://tests/world_arenas_capture.tscn -- --out=/Users/lucafantini/Desktop/Personal/Padel-3D/steam-circuit-padel-godot/tools/world-arenas/out/refinement-01/captures (watchdog 900s, log /Users/lucafantini/Desktop/Personal/Padel-3D/steam-circuit-padel-godot/tools/world-arenas/out/refinement-01/logs/capture.log)
    exit=0 tally='PASS 111/111' script_errors=0 log_sha256=485c2a6e17feebb9…
--- step menu_capture: /Applications/Godot.app/Contents/MacOS/Godot --path godot --rendering-driver opengl3 --resolution 1280x720 res://tests/world_arenas_menu_capture.tscn -- --out=/Users/lucafantini/Desktop/Personal/Padel-3D/steam-circuit-padel-godot/tools/world-arenas/out/refinement-01/captures (watchdog 300s, log /Users/lucafantini/Desktop/Personal/Padel-3D/steam-circuit-padel-godot/tools/world-arenas/out/refinement-01/logs/menu_capture.log)
    exit=0 tally='PASS 9/9' script_errors=0 log_sha256=4c4b4405d931ea99…
manifest written: /Users/lucafantini/Desktop/Personal/Padel-3D/steam-circuit-padel-godot/tools/world-arenas/out/refinement-01/MANIFEST.json + MANIFEST.md (steps=9 green=True tree_stable=True captures=15)
RUN OK dir=/Users/lucafantini/Desktop/Personal/Padel-3D/steam-circuit-padel-godot/tools/world-arenas/out/refinement-01
RUNNER_EXIT=0
