Godot Engine v4.7.2.stable.official.ed1daf0bf - https://godotengine.org

[   0% ] [90m[1mfirst_scan_filesystem[22m | Started Project initialization (5 steps)[39m[0m
[   0% ] [90m[1mfirst_scan_filesystem[22m | Scanning file structure...[39m[0m
WARNING: Detected another project.godot at res://prototypes/arena_spike. The folder will be ignored.
     at: _should_skip_directory (editor/file_system/editor_file_system.cpp:3497)
[  16% ] [90m[1mfirst_scan_filesystem[22m | Loading global class names...[39m[0m
[  33% ] [90m[1mfirst_scan_filesystem[22m | Verifying GDExtensions...[39m[0m
[  50% ] [90m[1mfirst_scan_filesystem[22m | Creating autoload scripts...[39m[0m
[  66% ] [90m[1mfirst_scan_filesystem[22m | Initializing plugins...[39m[0m
[  83% ] [90m[1mfirst_scan_filesystem[22m | Starting file scan...[39m[0m
[92m[ DONE ][39m [1mfirst_scan_filesystem[22m
[0m
[   0% ] [90m[1msavepack[22m | Started Packing (102 steps)[39m[0m
[   1% ] [90m[1msavepack[22m | Storing File: res://.godot/imported/strong-outfit-a.png-fe65e3ad46d2de8c9299620bf237232c.ctex[39m[0m
[   1% ] [90m[1msavepack[22m | Storing File: res://assets/athletes/outfits/strong-outfit-a.png.import[39m[0m
[   1% ] [90m[1msavepack[22m | Storing File: res://.godot/imported/strong-outfit-b.png-a5d1dee221eef1ea7029d76c4dac23c2.ctex[39m[0m
[   1% ] [90m[1msavepack[22m | Storing File: res://assets/athletes/outfits/strong-outfit-b.png.import[39m[0m
[   1% ] [90m[1msavepack[22m | Storing File: res://.godot/imported/weak-outfit-a.png-3f93bb2ddc9029bec90277c32c9e66fc.ctex[39m[0m
[   1% ] [90m[1msavepack[22m | Storing File: res://assets/athletes/outfits/weak-outfit-a.png.import[39m[0m
[   2% ] [90m[1msavepack[22m | Storing File: res://.godot/imported/weak-outfit-b.png-ad2556be086359d328c87129c43db1c7.ctex[39m[0m
[   2% ] [90m[1msavepack[22m | Storing File: res://assets/athletes/outfits/weak-outfit-b.png.import[39m[0m
[   2% ] [90m[1msavepack[22m | Storing File: res://.godot/imported/colosso.glb-ee4e00026d04671607cceee51133a5d1.scn[39m[0m
[   2% ] [90m[1msavepack[22m | Storing File: res://assets/athletes/colosso.glb.import[39m[0m
[   3% ] [90m[1msavepack[22m | Storing File: res://.godot/imported/colosso_normal.png-66ae1eb08ecc6e652a2bab7a4f6d3d2e.s3tc.ctex[39m[0m
[   3% ] [90m[1msavepack[22m | Storing File: res://assets/athletes/colosso_normal.png.import[39m[0m
[   3% ] [90m[1msavepack[22m | Storing File: res://.godot/imported/colosso_texture_0.png-2720a99760c8776d30dedab033bacf1f.s3tc.ctex[39m[0m
[   3% ] [90m[1msavepack[22m | Storing File: res://assets/athletes/colosso_texture_0.png.import[39m[0m
[   3% ] [90m[1msavepack[22m | Storing File: res://.godot/imported/colosso_texture_0_metallic_roughness.png-8a9b1dad869729e09c696eada6824ec3.s3tc.ctex[39m[0m
[   3% ] [90m[1msavepack[22m | Storing File: res://assets/athletes/colosso_texture_0_metallic_roughness.png.import[39m[0m
[   4% ] [90m[1msavepack[22m | Storing File: res://.godot/imported/maestro-idle.glb-dec5e502103b02945a3efdbeea285e04.scn[39m[0m
[   4% ] [90m[1msavepack[22m | Storing File: res://assets/athletes/maestro-idle.glb.import[39m[0m
[   4% ] [90m[1msavepack[22m | Storing File: res://.godot/imported/maestro-idle_texture_0.png-3dd318449b86f5580362a1d9b11ee501.ctex[39m[0m
[   4% ] [90m[1msavepack[22m | Storing File: res://assets/athletes/maestro-idle_texture_0.png.import[39m[0m
[   5% ] [90m[1msavepack[22m | Storing File: res://.godot/imported/maestro-rigged.glb-692d0fa2d39fed99146d0638dc4510fe.scn[39m[0m
[   5% ] [90m[1msavepack[22m | Storing File: res://assets/athletes/maestro-rigged.glb.import[39m[0m
[   5% ] [90m[1msavepack[22m | Storing File: res://.godot/imported/maestro-rigged_texture_0.png-e634e33323f199fea5a80b244f611544.ctex[39m[0m
[   5% ] [90m[1msavepack[22m | Storing File: res://assets/athletes/maestro-rigged_texture_0.png.import[39m[0m
[   6% ] [90m[1msavepack[22m | Storing File: res://.godot/imported/maestro-running.glb-8f99e6ad9744ea9453e116596534af86.scn[39m[0m
[   6% ] [90m[1msavepack[22m | Storing File: res://assets/athletes/maestro-running.glb.import[39m[0m
[   6% ] [90m[1msavepack[22m | Storing File: res://.godot/imported/maestro-running_texture_0.png-86972a8226956b83b90b558fe008f56e.ctex[39m[0m
[   6% ] [90m[1msavepack[22m | Storing File: res://assets/athletes/maestro-running_texture_0.png.import[39m[0m
[   6% ] [90m[1msavepack[22m | Storing File: res://.godot/imported/maestro-walking.glb-b00b33dc59916e846b4c146ce74b7403.scn[39m[0m
[   6% ] [90m[1msavepack[22m | Storing File: res://assets/athletes/maestro-walking.glb.import[39m[0m
[   7% ] [90m[1msavepack[22m | Storing File: res://.godot/imported/maestro-walking_texture_0.png-1e2042a94645b09d70b19663e22d2fdf.ctex[39m[0m
[   7% ] [90m[1msavepack[22m | Storing File: res://assets/athletes/maestro-walking_texture_0.png.import[39m[0m
[   7% ] [90m[1msavepack[22m | Storing File: res://assets/athletes/reference_catalogue.json[39m[0m
[   8% ] [90m[1msavepack[22m | Storing File: res://.godot/imported/volpe-rigged.glb-b1b72c753b5dd7c1f057b63b59e3aa9c.scn[39m[0m
[   8% ] [90m[1msavepack[22m | Storing File: res://assets/athletes/volpe-rigged.glb.import[39m[0m
[   8% ] [90m[1msavepack[22m | Storing File: res://.godot/imported/volpe-rigged_texture_0.png-d9ff0d1c954230f6e5ca068ea6fa13d6.ctex[39m[0m
[   8% ] [90m[1msavepack[22m | Storing File: res://assets/athletes/volpe-rigged_texture_0.png.import[39m[0m
[   9% ] [90m[1msavepack[22m | Storing File: res://.godot/imported/volpe-running.glb-f325f25bc87f79ea212159c02530d41d.scn[39m[0m
[   9% ] [90m[1msavepack[22m | Storing File: res://assets/athletes/volpe-running.glb.import[39m[0m
[   9% ] [90m[1msavepack[22m | Storing File: res://.godot/imported/volpe-running_texture_0.png-f2f7c87980158421232b3b03e896ff07.ctex[39m[0m
[   9% ] [90m[1msavepack[22m | Storing File: res://assets/athletes/volpe-running_texture_0.png.import[39m[0m
[   9% ] [90m[1msavepack[22m | Storing File: res://.godot/imported/volpe-walking.glb-e967d78df745e5514dca5859660b69ef.scn[39m[0m
[   9% ] [90m[1msavepack[22m | Storing File: res://assets/athletes/volpe-walking.glb.import[39m[0m
[  10% ] [90m[1msavepack[22m | Storing File: res://.godot/imported/volpe-walking_texture_0.png-45ed1fe24e2c185228c52ec5207cd15a.ctex[39m[0m
[  10% ] [90m[1msavepack[22m | Storing File: res://assets/athletes/volpe-walking_texture_0.png.import[39m[0m
[  10% ] [90m[1msavepack[22m | Storing File: res://.godot/imported/bounce.wav-e8efea040633da180f39debb9ec52a73.sample[39m[0m
[  10% ] [90m[1msavepack[22m | Storing File: res://assets/audio/bounce.wav.import[39m[0m
[  11% ] [90m[1msavepack[22m | Storing File: res://.godot/imported/defeat.wav-2c373cdad262b5fb9203b05423989caa.sample[39m[0m
[  11% ] [90m[1msavepack[22m | Storing File: res://assets/audio/defeat.wav.import[39m[0m
[  11% ] [90m[1msavepack[22m | Storing File: res://.godot/imported/hit.wav-96dc477cdf4a42f381370dba6e3f75ce.sample[39m[0m
[  11% ] [90m[1msavepack[22m | Storing File: res://assets/audio/hit.wav.import[39m[0m
[  12% ] [90m[1msavepack[22m | Storing File: res://.godot/imported/net.wav-bb9d5e5fa95b35ebea865edce900d888.sample[39m[0m
[  12% ] [90m[1msavepack[22m | Storing File: res://assets/audio/net.wav.import[39m[0m
[  12% ] [90m[1msavepack[22m | Storing File: res://.godot/exported/133200997/export-4003c7a613ef8e1b6cf68a4b5b825b3d-padel_audio_bus.res[39m[0m
[  12% ] [90m[1msavepack[22m | Storing File: res://.godot/imported/point-loss.wav-ca12b6281a815793d77fa0807d59aafb.sample[39m[0m
[  12% ] [90m[1msavepack[22m | Storing File: res://assets/audio/point-loss.wav.import[39m[0m
[  13% ] [90m[1msavepack[22m | Storing File: res://.godot/imported/point-win.wav-fae7ebaa6ab77cac4cb006f685955770.sample[39m[0m
[  13% ] [90m[1msavepack[22m | Storing File: res://assets/audio/point-win.wav.import[39m[0m
[  13% ] [90m[1msavepack[22m | Storing File: res://.godot/imported/serve.wav-b7155b0a153a2ca577c6f2a2d2424692.sample[39m[0m
[  13% ] [90m[1msavepack[22m | Storing File: res://assets/audio/serve.wav.import[39m[0m
[  14% ] [90m[1msavepack[22m | Storing File: res://.godot/imported/special.wav-41b17eb637aa6c9fc2ec4780bda79129.sample[39m[0m
[  14% ] [90m[1msavepack[22m | Storing File: res://assets/audio/special.wav.import[39m[0m
[  14% ] [90m[1msavepack[22m | Storing File: res://.godot/imported/victory.wav-d893d32ad919f27e15cf04d35e288b78.sample[39m[0m
[  14% ] [90m[1msavepack[22m | Storing File: res://assets/audio/victory.wav.import[39m[0m
[  14% ] [90m[1msavepack[22m | Storing File: res://.godot/imported/wall.wav-f3135cb3300355d0b2d87c297b336cab.sample[39m[0m
[  14% ] [90m[1msavepack[22m | Storing File: res://assets/audio/wall.wav.import[39m[0m
[  15% ] [90m[1msavepack[22m | Storing File: res://.godot/imported/bastione-tempesta.webp-d6e5cfcd826ed97d1ff5da65b9ba6cd9.ctex[39m[0m
[  15% ] [90m[1msavepack[22m | Storing File: res://assets/ui/arenas/bastione-tempesta.webp.import[39m[0m
[  15% ] [90m[1msavepack[22m | Storing File: res://.godot/imported/caldera-titano.webp-2b7e817e782270fbd93a75bf6620f4a0.ctex[39m[0m
[  15% ] [90m[1msavepack[22m | Storing File: res://assets/ui/arenas/caldera-titano.webp.import[39m[0m
[  16% ] [90m[1msavepack[22m | Storing File: res://.godot/imported/clockwork-factory.webp-3442720da4396fa3d3e92d1e5ab5b5dc.ctex[39m[0m
[  16% ] [90m[1msavepack[22m | Storing File: res://assets/ui/arenas/clockwork-factory.webp.import[39m[0m
[  16% ] [90m[1msavepack[22m | Storing File: res://.godot/imported/deposito-locomotive.webp-ea73d50c3fe201e1b91494a0d9c0a29f.ctex[39m[0m
[  16% ] [90m[1msavepack[22m | Storing File: res://assets/ui/arenas/deposito-locomotive.webp.import[39m[0m
[  17% ] [90m[1msavepack[22m | Storing File: res://.godot/imported/officina-vapore-standard.webp-c41887c353a67f051e9f4b1de307e535.ctex[39m[0m
[  17% ] [90m[1msavepack[22m | Storing File: res://assets/ui/arenas/officina-vapore-standard.webp.import[39m[0m
[  17% ] [90m[1msavepack[22m | Storing File: res://.godot/imported/orrery-celeste.webp-584ba7398e8c5ab9851121bdeb27dac2.ctex[39m[0m
[  17% ] [90m[1msavepack[22m | Storing File: res://assets/ui/arenas/orrery-celeste.webp.import[39m[0m
[  17% ] [90m[1msavepack[22m | Storing File: res://.godot/imported/santuario-abissale.webp-f56a8475376ccbad093225ce2c0e23a7.ctex[39m[0m
[  17% ] [90m[1msavepack[22m | Storing File: res://assets/ui/arenas/santuario-abissale.webp.import[39m[0m
[  18% ] [90m[1msavepack[22m | Storing File: res://.godot/imported/colosso.webp-ae2cac7586eef656e2a6dd50bc0dab5c.ctex[39m[0m
[  18% ] [90m[1msavepack[22m | Storing File: res://assets/ui/athletes/colosso.webp.import[39m[0m
[  18% ] [90m[1msavepack[22m | Storing File: res://.godot/imported/fiamma.webp-7fc06921cef8152ea56bd68cf962a765.ctex[39m[0m
[  18% ] [90m[1msavepack[22m | Storing File: res://assets/ui/athletes/fiamma.webp.import[39m[0m
[  19% ] [90m[1msavepack[22m | Storing File: res://.godot/imported/maestro.webp-29dabee6e2acf4b85befafc37fb3b5ea.ctex[39m[0m
[  19% ] [90m[1msavepack[22m | Storing File: res://assets/ui/athletes/maestro.webp.import[39m[0m
[  19% ] [90m[1msavepack[22m | Storing File: res://.godot/imported/oracolo.webp-62df7c567f4c1df12dc667ce863ca46e.ctex[39m[0m
[  19% ] [90m[1msavepack[22m | Storing File: res://assets/ui/athletes/oracolo.webp.import[39m[0m
[  20% ] [90m[1msavepack[22m | Storing File: res://.godot/imported/pantera.webp-13db28325586e70dc0cbb5ae68ce4194.ctex[39m[0m
[  20% ] [90m[1msavepack[22m | Storing File: res://assets/ui/athletes/pantera.webp.import[39m[0m
[  20% ] [90m[1msavepack[22m | Storing File: res://.godot/imported/steamer.webp-bcac65aa0aa8987f2269de7489448d6e.ctex[39m[0m
[  20% ] [90m[1msavepack[22m | Storing File: res://assets/ui/athletes/steamer.webp.import[39m[0m
[  20% ] [90m[1msavepack[22m | Storing File: res://.godot/imported/LilitaOne-Regular.ttf-d8ca2f29518fad590ce5f258d0c38ad0.fontdata[39m[0m
[  20% ] [90m[1msavepack[22m | Storing File: res://assets/ui/fonts/LilitaOne-Regular.ttf.import[39m[0m
[  21% ] [90m[1msavepack[22m | Storing File: res://.godot/imported/Nunito-Bold.ttf-7075cdf7ceac49e090bc704d0034a4f8.fontdata[39m[0m
[  21% ] [90m[1msavepack[22m | Storing File: res://assets/ui/fonts/Nunito-Bold.ttf.import[39m[0m
[  21% ] [90m[1msavepack[22m | Storing File: res://.godot/imported/Nunito-ExtraBold.ttf-72fd949afdfe3c906f1fd120efa0d2f5.fontdata[39m[0m
[  21% ] [90m[1msavepack[22m | Storing File: res://assets/ui/fonts/Nunito-ExtraBold.ttf.import[39m[0m
[  22% ] [90m[1msavepack[22m | Storing File: res://.godot/imported/Nunito-Regular.ttf-5ae3d9855c9ce50fe60703d42bbd5efd.fontdata[39m[0m
[  22% ] [90m[1msavepack[22m | Storing File: res://assets/ui/fonts/Nunito-Regular.ttf.import[39m[0m
[  22% ] [90m[1msavepack[22m | Storing File: res://.godot/imported/Nunito-SemiBold.ttf-3b143350e3641b4ac99604303a6e4c9f.fontdata[39m[0m
[  22% ] [90m[1msavepack[22m | Storing File: res://assets/ui/fonts/Nunito-SemiBold.ttf.import[39m[0m
[  23% ] [90m[1msavepack[22m | Storing File: res://.godot/imported/career.webp-48ca505ba4d42a8a3278a08ffa82ba61.ctex[39m[0m
[  23% ] [90m[1msavepack[22m | Storing File: res://assets/ui/modes/career.webp.import[39m[0m
[  23% ] [90m[1msavepack[22m | Storing File: res://.godot/imported/quick-match.webp-1b4ab9b84162ee82447bce73254a080e.ctex[39m[0m
[  23% ] [90m[1msavepack[22m | Storing File: res://assets/ui/modes/quick-match.webp.import[39m[0m
[  23% ] [90m[1msavepack[22m | Storing File: res://.godot/imported/tournament.webp-5e23cd14c4e2b56d4c57c82d1b72cae5.ctex[39m[0m
[  23% ] [90m[1msavepack[22m | Storing File: res://assets/ui/modes/tournament.webp.import[39m[0m
[  24% ] [90m[1msavepack[22m | Storing File: res://.godot/imported/generic-controller-steam.webp-575df68660d410321bd7a7a9c2d54e0d.ctex[39m[0m
[  24% ] [90m[1msavepack[22m | Storing File: res://assets/ui/generic-controller-steam.webp.import[39m[0m
[  24% ] [90m[1msavepack[22m | Storing File: res://.godot/imported/playstation-controller-steam.webp-27300ce0cc345e78ec5f638dc755172f.ctex[39m[0m
[  24% ] [90m[1msavepack[22m | Storing File: res://assets/ui/playstation-controller-steam.webp.import[39m[0m
[  25% ] [90m[1msavepack[22m | Storing File: res://.godot/imported/steam-circuit-key-art.webp-6188e8055dd6f58aadb9ad214284518c.ctex[39m[0m
[  25% ] [90m[1msavepack[22m | Storing File: res://assets/ui/steam-circuit-key-art.webp.import[39m[0m
[  25% ] [90m[1msavepack[22m | Storing File: res://.godot/imported/xbox-controller-steam.webp-b711a7e59e3b7dfcfac5669b81779176.ctex[39m[0m
[  25% ] [90m[1msavepack[22m | Storing File: res://assets/ui/xbox-controller-steam.webp.import[39m[0m
[  26% ] [90m[1msavepack[22m | Storing File: res://.godot/imported/bastione-tempesta.webp-9a9a58d5a47003ea16034c7b163d6ea4.ctex[39m[0m
[  26% ] [90m[1msavepack[22m | Storing File: res://game/arenas/art/bastione-tempesta.webp.import[39m[0m
[  26% ] [90m[1msavepack[22m | Storing File: res://.godot/imported/caldera-titano.webp-955800c4e32c967b775bd97eee38a760.ctex[39m[0m
[  26% ] [90m[1msavepack[22m | Storing File: res://game/arenas/art/caldera-titano.webp.import[39m[0m
[  26% ] [90m[1msavepack[22m | Storing File: res://.godot/imported/clockwork-factory.webp-d35bec7dfcfe3dcf42bf80fc0dba654a.ctex[39m[0m
[  26% ] [90m[1msavepack[22m | Storing File: res://game/arenas/art/clockwork-factory.webp.import[39m[0m
[  27% ] [90m[1msavepack[22m | Storing File: res://.godot/imported/deposito-locomotive.webp-eb9f7c73f574169237256916c216c166.ctex[39m[0m
[  27% ] [90m[1msavepack[22m | Storing File: res://game/arenas/art/deposito-locomotive.webp.import[39m[0m
[  27% ] [90m[1msavepack[22m | Storing File: res://.godot/imported/officina-vapore-standard.webp-c0fe229414854c5ee16f28532dcffcec.ctex[39m[0m
[  27% ] [90m[1msavepack[22m | Storing File: res://game/arenas/art/officina-vapore-standard.webp.import[39m[0m
[  28% ] [90m[1msavepack[22m | Storing File: res://.godot/imported/orrery-celeste.webp-d3b369584e11f97c97c73d9ffc88a8fd.ctex[39m[0m
[  28% ] [90m[1msavepack[22m | Storing File: res://game/arenas/art/orrery-celeste.webp.import[39m[0m
[  28% ] [90m[1msavepack[22m | Storing File: res://.godot/imported/santuario-abissale.webp-a9a3a5c03bd21366a3ee999eb8f2d2b2.ctex[39m[0m
[  28% ] [90m[1msavepack[22m | Storing File: res://game/arenas/art/santuario-abissale.webp.import[39m[0m
[  28% ] [90m[1msavepack[22m | Storing File: res://game/arenas/arena_library.gdc[39m[0m
[  29% ] [90m[1msavepack[22m | Storing File: res://game/arenas/arena_scenery.gdc[39m[0m
[  29% ] [90m[1msavepack[22m | Storing File: res://game/arenas/arena_style.gdc[39m[0m
[  30% ] [90m[1msavepack[22m | Storing File: res://game/arenas/court_builder.gdc[39m[0m
[  30% ] [90m[1msavepack[22m | Storing File: res://tests/ui/theme_probe.gdc[39m[0m
[  31% ] [90m[1msavepack[22m | Storing File: res://tests/music_port_test.gdc[39m[0m
[  31% ] [90m[1msavepack[22m | Storing File: res://.godot/exported/133200997/export-94fbcbe63becae378c76c631d8987b8e-demo_audit.scn[39m[0m
[  31% ] [90m[1msavepack[22m | Storing File: res://tests/athlete_rig_test.gdc[39m[0m
[  32% ] [90m[1msavepack[22m | Storing File: res://tests/court_dimensions_test.gdc[39m[0m
[  32% ] [90m[1msavepack[22m | Storing File: res://tests/ui/fonts_assets_probe.gdc[39m[0m
[  33% ] [90m[1msavepack[22m | Storing File: res://tests/colosso_asset_test.gdc[39m[0m
[  33% ] [90m[1msavepack[22m | Storing File: res://tests/modes/run_all.gdc[39m[0m
[  33% ] [90m[1msavepack[22m | Storing File: res://tests/input/input_coverage_audit.gdc[39m[0m
[  33% ] [90m[1msavepack[22m | Storing File: res://tests/ui/ui_legibility_audit.gdc[39m[0m
[  33% ] [90m[1msavepack[22m | Storing File: res://tests/smoke_test.gdc[39m[0m
[  34% ] [90m[1msavepack[22m | Storing File: res://tests/input/input_remap_a11y_audit.gdc[39m[0m
[  34% ] [90m[1msavepack[22m | Storing File: res://tests/ui/router_audit.gdc[39m[0m
[  35% ] [90m[1msavepack[22m | Storing File: res://tests/modes/drill_audit.gdc[39m[0m
[  35% ] [90m[1msavepack[22m | Storing File: res://tests/modes/save_progression_audit.gdc[39m[0m
[  36% ] [90m[1msavepack[22m | Storing File: res://tests/modes/career_audit.gdc[39m[0m
[  36% ] [90m[1msavepack[22m | Storing File: res://tests/build/TestHarness.gdc[39m[0m
[  36% ] [90m[1msavepack[22m | Storing File: res://.godot/exported/133200997/export-3c1543b6fee1ff8698a72aba84156ecb-theme_probe.scn[39m[0m
[  37% ] [90m[1msavepack[22m | Storing File: res://tests/timing_feedback_test.gdc[39m[0m
[  37% ] [90m[1msavepack[22m | Storing File: res://tests/ui/input_a11y_audit.gdc[39m[0m
[  38% ] [90m[1msavepack[22m | Storing File: res://.godot/exported/133200997/export-f6e077f6e9ad567cf0ae29af38952bdc-capture_ui.scn[39m[0m
[  38% ] [90m[1msavepack[22m | Storing File: res://tests/build/demo_audit.gdc[39m[0m
[  38% ] [90m[1msavepack[22m | Storing File: res://tests/ui/screen_menu_audit.gdc[39m[0m
[  39% ] [90m[1msavepack[22m | Storing File: res://tests/modes/bench_step.gdc[39m[0m
[  39% ] [90m[1msavepack[22m | Storing File: res://.godot/exported/133200997/export-ab559796255c5ad18e7fce4413964545-content_filter_audit.scn[39m[0m
[  40% ] [90m[1msavepack[22m | Storing File: res://tests/build/DemoContent.gdc[39m[0m
[  40% ] [90m[1msavepack[22m | Storing File: res://tests/ui/hud_audit.gdc[39m[0m
[  41% ] [90m[1msavepack[22m | Storing File: res://tests/build/DemoSelfReport.gdc[39m[0m
[  41% ] [90m[1msavepack[22m | Storing File: res://tests/build/demo_content.json[39m[0m
[  41% ] [90m[1msavepack[22m | Storing File: res://tests/parity/match_digest_gd.gdc[39m[0m
[  42% ] [90m[1msavepack[22m | Storing File: res://tests/ui/data_audit.gdc[39m[0m
[  42% ] [90m[1msavepack[22m | Storing File: res://tests/game_slice_test.gdc[39m[0m
[  43% ] [90m[1msavepack[22m | Storing File: res://tests/audio_port_test.gdc[39m[0m
[  43% ] [90m[1msavepack[22m | Storing File: res://tests/athlete_roster_test.gdc[39m[0m
[  44% ] [90m[1msavepack[22m | Storing File: res://tests/maestro_asset_test.gdc[39m[0m
[  44% ] [90m[1msavepack[22m | Storing File: res://tests/modes/data/reference-grid.json[39m[0m
[  44% ] [90m[1msavepack[22m | Storing File: res://tests/modes/tournament_audit.gdc[39m[0m
[  45% ] [90m[1msavepack[22m | Storing File: res://tests/save_steam_test.gdc[39m[0m
[  45% ] [90m[1msavepack[22m | Storing File: res://tests/input/run_all.gdc[39m[0m
[  46% ] [90m[1msavepack[22m | Storing File: res://tests/shot_logic_parity_test.gdc[39m[0m
[  46% ] [90m[1msavepack[22m | Storing File: res://tests/input/reachability_audit.gdc[39m[0m
[  47% ] [90m[1msavepack[22m | Storing File: res://tests/build/export_preset_audit.gdc[39m[0m
[  47% ] [90m[1msavepack[22m | Storing File: res://.godot/exported/133200997/export-b8920d5e0bb40de92e30bf6364d171b6-SmokeTest.scn[39m[0m
[  47% ] [90m[1msavepack[22m | Storing File: res://tests/ui/capture_ui.gdc[39m[0m
[  48% ] [90m[1msavepack[22m | Storing File: res://tests/modes/outfit_challenges_audit.gdc[39m[0m
[  48% ] [90m[1msavepack[22m | Storing File: res://.godot/exported/133200997/export-940aebd799bbd15bdb5334fdf006b8bf-screen_menu_audit.scn[39m[0m
[  49% ] [90m[1msavepack[22m | Storing File: res://tests/input/switch_mode_audit.gdc[39m[0m
[  49% ] [90m[1msavepack[22m | Storing File: res://.godot/exported/133200997/export-3c6ff0cdcb8a819538d6642157441a47-DemoSelfReport.scn[39m[0m
[  50% ] [90m[1msavepack[22m | Storing File: res://.godot/exported/133200997/export-41b8ff370e03a24860e0dac1c9a71479-export_preset_audit.scn[39m[0m
[  50% ] [90m[1msavepack[22m | Storing File: res://tests/input/gamepad_nav_audit.gdc[39m[0m
[  50% ] [90m[1msavepack[22m | Storing File: res://tests/modes/reference_grid_audit.gdc[39m[0m
[  51% ] [90m[1msavepack[22m | Storing File: res://game/tools/arena_probe.gdc[39m[0m
[  51% ] [90m[1msavepack[22m | Storing File: res://game/tools/dump_input_events.gdc[39m[0m
[  52% ] [90m[1msavepack[22m | Storing File: res://game/tools/dump_ui_defaults.gdc[39m[0m
[  52% ] [90m[1msavepack[22m | Storing File: res://game/tools/hud_probe.gdc[39m[0m
[  52% ] [90m[1msavepack[22m | Storing File: res://game/tools/pad_probe.gdc[39m[0m
[  53% ] [90m[1msavepack[22m | Storing File: res://game/tools/ready_probe.gdc[39m[0m
[  53% ] [90m[1msavepack[22m | Storing File: res://game/athletes_view.gdc[39m[0m
[  54% ] [90m[1msavepack[22m | Storing File: res://game/content_gate.gdc[39m[0m
[  54% ] [90m[1msavepack[22m | Storing File: res://game/court.gdc[39m[0m
[  55% ] [90m[1msavepack[22m | Storing File: res://game/hud.gdc[39m[0m
[  55% ] [90m[1msavepack[22m | Storing File: res://game/input_map.gdc[39m[0m
[  55% ] [90m[1msavepack[22m | Storing File: res://game/lineup.gdc[39m[0m
[  56% ] [90m[1msavepack[22m | Storing File: res://.godot/exported/133200997/export-ca068d985c42e5137664f3730d9b0512-Main.scn[39m[0m
[  56% ] [90m[1msavepack[22m | Storing File: res://game/main_menu.gdc[39m[0m
[  57% ] [90m[1msavepack[22m | Storing File: res://.godot/exported/133200997/export-00df7d6066297e608a3070277f31aade-Match.scn[39m[0m
[  57% ] [90m[1msavepack[22m | Storing File: res://game/match_audio.gdc[39m[0m
[  58% ] [90m[1msavepack[22m | Storing File: res://game/match_config.gdc[39m[0m
[  58% ] [90m[1msavepack[22m | Storing File: res://game/match_controller.gdc[39m[0m
[  58% ] [90m[1msavepack[22m | Storing File: res://game/menu_focus.gdc[39m[0m
[  59% ] [90m[1msavepack[22m | Storing File: res://.godot/exported/133200997/export-c2bcd4eafcbb4511cf5839611a8b449b-ModeScreen.scn[39m[0m
[  59% ] [90m[1msavepack[22m | Storing File: res://game/mode_hud.gdc[39m[0m
[  60% ] [90m[1msavepack[22m | Storing File: res://game/mode_screen.gdc[39m[0m
[  60% ] [90m[1msavepack[22m | Storing File: res://game/mode_session.gdc[39m[0m
[  61% ] [90m[1msavepack[22m | Storing File: res://game/scripted_player.gdc[39m[0m
[  61% ] [90m[1msavepack[22m | Storing File: res://src/input/strings.gdc[39m[0m
[  61% ] [90m[1msavepack[22m | Storing File: res://src/modes/career_progress.gdc[39m[0m
[  62% ] [90m[1msavepack[22m | Storing File: res://src/input/osk.gdc[39m[0m
[  62% ] [90m[1msavepack[22m | Storing File: res://src/locale/locale_rules.json[39m[0m
[  63% ] [90m[1msavepack[22m | Storing File: res://src/locale/locale.gdc[39m[0m
[  63% ] [90m[1msavepack[22m | Storing File: res://src/save/save_store.gdc[39m[0m
[  63% ] [90m[1msavepack[22m | Storing File: res://src/input/remap.gdc[39m[0m
[  64% ] [90m[1msavepack[22m | Storing File: res://src/locale/locale_data.gdc[39m[0m
[  64% ] [90m[1msavepack[22m | Storing File: res://src/modes/data/modes.json[39m[0m
[  65% ] [90m[1msavepack[22m | Storing File: res://src/modes/drill_scoring.gdc[39m[0m
[  65% ] [90m[1msavepack[22m | Storing File: res://src/modes/tournament_rules.gdc[39m[0m
[  66% ] [90m[1msavepack[22m | Storing File: res://src/modes/drill_seed.gdc[39m[0m
[  66% ] [90m[1msavepack[22m | Storing File: res://src/save/save_migration.gdc[39m[0m
[  66% ] [90m[1msavepack[22m | Storing File: res://src/modes/modes_save.gdc[39m[0m
[  66% ] [90m[1msavepack[22m | Storing File: res://src/save/save_schema.gdc[39m[0m
[  66% ] [90m[1msavepack[22m | Storing File: res://src/modes/career_rules.gdc[39m[0m
[  67% ] [90m[1msavepack[22m | Storing File: res://src/modes/drill_target.gdc[39m[0m
[  67% ] [90m[1msavepack[22m | Storing File: res://src/modes/drill_session.gdc[39m[0m
[  68% ] [90m[1msavepack[22m | Storing File: res://src/modes/mode_tables.gdc[39m[0m
[  68% ] [90m[1msavepack[22m | Storing File: res://src/input/scheme.gdc[39m[0m
[  68% ] [90m[1msavepack[22m | Storing File: res://src/steam/probe_steam_addon.gdc[39m[0m
[  69% ] [90m[1msavepack[22m | Storing File: res://src/steam/steam_backend.gdc[39m[0m
[  69% ] [90m[1msavepack[22m | Storing File: res://.godot/exported/133200997/export-623e1a84cda9a8f56c9c0ae31d58b720-ScreenShell.scn[39m[0m
[  70% ] [90m[1msavepack[22m | Storing File: res://src/steam/godotsteam_backend.gdc[39m[0m
[  70% ] [90m[1msavepack[22m | Storing File: res://src/ui/screens/MenuScreen.gdc[39m[0m
[  71% ] [90m[1msavepack[22m | Storing File: res://src/sim/frozen/data.json[39m[0m
[  71% ] [90m[1msavepack[22m | Storing File: res://tests/audits/court_speed_audit.gdc[39m[0m
[  71% ] [90m[1msavepack[22m | Storing File: res://tests/audits/controller_tactics_audit.gdc[39m[0m
[  72% ] [90m[1msavepack[22m | Storing File: res://src/ui/PlaceholderScreen.gdc[39m[0m
[  72% ] [90m[1msavepack[22m | Storing File: res://src/ui/ScreenShell.gdc[39m[0m
[  73% ] [90m[1msavepack[22m | Storing File: res://src/sim/state.gdc[39m[0m
[  73% ] [90m[1msavepack[22m | Storing File: res://src/sim/rng.gdc[39m[0m
[  74% ] [90m[1msavepack[22m | Storing File: res://src/ui/ScreenRouter.gdc[39m[0m
[  74% ] [90m[1msavepack[22m | Storing File: res://src/ui/data/DemoGateAdapter.gdc[39m[0m
[  74% ] [90m[1msavepack[22m | Storing File: res://src/steam/mock_steam_backend.gdc[39m[0m
[  75% ] [90m[1msavepack[22m | Storing File: res://tests/audits/wall_rules_audit.gdc[39m[0m
[  75% ] [90m[1msavepack[22m | Storing File: res://src/ui/Hud.gdc[39m[0m
[  76% ] [90m[1msavepack[22m | Storing File: res://src/sim/fault_digest_gd.gdc[39m[0m
[  76% ] [90m[1msavepack[22m | Storing File: res://src/steam/achievements.gdc[39m[0m
[  76% ] [90m[1msavepack[22m | Storing File: res://src/ui/accessibility/UiMotionPolicy.gdc[39m[0m
[  77% ] [90m[1msavepack[22m | Storing File: res://src/sim/sim.gdc[39m[0m
[  77% ] [90m[1msavepack[22m | Storing File: res://src/ui/data/UiData.gdc[39m[0m
[  78% ] [90m[1msavepack[22m | Storing File: res://src/ui/data/UiArtPaths.gdc[39m[0m
[  78% ] [90m[1msavepack[22m | Storing File: res://src/ui/focus/UiFocusBridge.gdc[39m[0m
[  79% ] [90m[1msavepack[22m | Storing File: res://src/ui/screens/ScreenContract.gdc[39m[0m
[  79% ] [90m[1msavepack[22m | Storing File: res://tests/audits/lineup_audit.gdc[39m[0m
[  79% ] [90m[1msavepack[22m | Storing File: res://src/sim/parity_digest_gd.gdc[39m[0m
[  80% ] [90m[1msavepack[22m | Storing File: res://tests/audits/smash_input_audit.gdc[39m[0m
[  80% ] [90m[1msavepack[22m | Storing File: res://src/sim/digest.gdc[39m[0m
[  81% ] [90m[1msavepack[22m | Storing File: res://.godot/exported/133200997/export-29d38b4ff2167f5cb8875f92195ce971-padel_theme.res[39m[0m
[  81% ] [90m[1msavepack[22m | Storing File: res://tests/audits/run_all.gdc[39m[0m
[  82% ] [90m[1msavepack[22m | Storing File: res://src/ui/ViewState.gdc[39m[0m
[  82% ] [90m[1msavepack[22m | Storing File: res://src/steam/cloud_saves.gdc[39m[0m
[  82% ] [90m[1msavepack[22m | Storing File: res://tests/audits/ai_attack_audit.gdc[39m[0m
[  83% ] [90m[1msavepack[22m | Storing File: res://src/steam/steam_backend_factory.gdc[39m[0m
[  83% ] [90m[1msavepack[22m | Storing File: res://tests/audits/shot_quality_audit.gdc[39m[0m
[  84% ] [90m[1msavepack[22m | Storing File: res://tests/audits/shot_balance_audit.gdc[39m[0m
[  84% ] [90m[1msavepack[22m | Storing File: res://.godot/exported/133200997/export-0d601369c35a150d9392377d6120d0a7-MenuScreen.scn[39m[0m
[  85% ] [90m[1msavepack[22m | Storing File: res://.godot/exported/133200997/export-a52e9c07711d0cd03b5c51a3d65162a3-PlaceholderScreen.scn[39m[0m
[  85% ] [90m[1msavepack[22m | Storing File: res://src/sim/entities.gdc[39m[0m
[  85% ] [90m[1msavepack[22m | Storing File: res://tests/audits/match_format_audit.gdc[39m[0m
[  86% ] [90m[1msavepack[22m | Storing File: res://src/ui/UiStrings.gdc[39m[0m
[  86% ] [90m[1msavepack[22m | Storing File: res://.godot/exported/133200997/export-33d87aab6adf878789cd224bd711160e-Hud.scn[39m[0m
[  87% ] [90m[1msavepack[22m | Storing File: res://tests/audits/difficulty_audit.gdc[39m[0m
[  87% ] [90m[1msavepack[22m | Storing File: res://src/sim/frozen.gdc[39m[0m
[  87% ] [90m[1msavepack[22m | Storing File: res://tests/build/audit_base_abort_probe.gdc[39m[0m
[  88% ] [90m[1msavepack[22m | Storing File: res://tests/build/BuildFlag.gdc[39m[0m
[  88% ] [90m[1msavepack[22m | Storing File: res://src/input/nav_routes.gdc[39m[0m
[  89% ] [90m[1msavepack[22m | Storing File: res://src/input/menu_nav.gdc[39m[0m
[  89% ] [90m[1msavepack[22m | Storing File: res://tests/build/ContentFilter.gdc[39m[0m
[  90% ] [90m[1msavepack[22m | Storing File: res://tests/build/content_filter_audit.gdc[39m[0m
[  90% ] [90m[1msavepack[22m | Storing File: res://src/accessibility/accessibility_settings.gdc[39m[0m
[  90% ] [90m[1msavepack[22m | Storing File: res://src/audio/audio_port.gdc[39m[0m
[  91% ] [90m[1msavepack[22m | Storing File: res://src/audio/event_map.json[39m[0m
[  91% ] [90m[1msavepack[22m | Storing File: res://src/audio/music.gdc[39m[0m
[  92% ] [90m[1msavepack[22m | Storing File: res://src/audio/music_reference.json[39m[0m
[  92% ] [90m[1msavepack[22m | Storing File: res://src/audits/audit_base.gdc[39m[0m
[  93% ] [90m[1msavepack[22m | Storing File: res://src/audits/audit_support.gdc[39m[0m
[  93% ] [90m[1msavepack[22m | Storing File: res://src/character/athlete_rig.gdc[39m[0m
[  93% ] [90m[1msavepack[22m | Storing File: res://src/character/outfit_catalogue.gdc[39m[0m
[  94% ] [90m[1msavepack[22m | Storing File: res://src/character/tools/rig_probe.gdc[39m[0m
[  94% ] [90m[1msavepack[22m | Storing File: res://.godot/exported/133200997/export-9007155a4e5931d3b5cb7c2915adab04-RosterRender.scn[39m[0m
[  95% ] [90m[1msavepack[22m | Storing File: res://src/character/rig_render.gdc[39m[0m
[  95% ] [90m[1msavepack[22m | Storing File: res://.godot/exported/133200997/export-d554e037cb01f8f7ec8089a52ec88816-AthleteRig.scn[39m[0m
[  96% ] [90m[1msavepack[22m | Storing File: res://.godot/exported/133200997/export-7555899cea4e2e19100d8a4e78f9f3fc-RigRender.scn[39m[0m
[  96% ] [90m[1msavepack[22m | Storing File: res://src/character/tools/root_motion_probe.gdc[39m[0m
[  96% ] [90m[1msavepack[22m | Storing File: res://src/character/roster_render.gdc[39m[0m
[  97% ] [90m[1msavepack[22m | Storing File: res://src/character/outfit_recolour.gdshader[39m[0m
[  97% ] [90m[1msavepack[22m | Storing File: res://src/character/tools/extent_probe.gdc[39m[0m
[  98% ] [90m[1msavepack[22m | Storing File: res://src/input/focus_nav.gdc[39m[0m
[  98% ] [90m[1msavepack[22m | Storing File: res://src/character/athlete_spawn.gdc[39m[0m
[  98% ] [90m[1msavepack[22m | Storing File: res://assets/audio/padel_audio_bus.tres.remap[39m[0m
[  98% ] [90m[1msavepack[22m | Storing File: res://game/arenas/arena_library.gd.remap[39m[0m
[  98% ] [90m[1msavepack[22m | Storing File: res://game/arenas/arena_scenery.gd.remap[39m[0m
[  98% ] [90m[1msavepack[22m | Storing File: res://game/arenas/arena_style.gd.remap[39m[0m
[  98% ] [90m[1msavepack[22m | Storing File: res://game/arenas/court_builder.gd.remap[39m[0m
[  98% ] [90m[1msavepack[22m | Storing File: res://tests/ui/theme_probe.gd.remap[39m[0m
[  98% ] [90m[1msavepack[22m | Storing File: res://tests/music_port_test.gd.remap[39m[0m
[  98% ] [90m[1msavepack[22m | Storing File: res://tests/build/demo_audit.tscn.remap[39m[0m
[  98% ] [90m[1msavepack[22m | Storing File: res://tests/athlete_rig_test.gd.remap[39m[0m
[  98% ] [90m[1msavepack[22m | Storing File: res://tests/court_dimensions_test.gd.remap[39m[0m
[  98% ] [90m[1msavepack[22m | Storing File: res://tests/ui/fonts_assets_probe.gd.remap[39m[0m
[  98% ] [90m[1msavepack[22m | Storing File: res://tests/colosso_asset_test.gd.remap[39m[0m
[  98% ] [90m[1msavepack[22m | Storing File: res://tests/modes/run_all.gd.remap[39m[0m
[  98% ] [90m[1msavepack[22m | Storing File: res://tests/input/input_coverage_audit.gd.remap[39m[0m
[  98% ] [90m[1msavepack[22m | Storing File: res://tests/ui/ui_legibility_audit.gd.remap[39m[0m
[  98% ] [90m[1msavepack[22m | Storing File: res://tests/smoke_test.gd.remap[39m[0m
[  98% ] [90m[1msavepack[22m | Storing File: res://tests/input/input_remap_a11y_audit.gd.remap[39m[0m
[  98% ] [90m[1msavepack[22m | Storing File: res://tests/ui/router_audit.gd.remap[39m[0m
[  98% ] [90m[1msavepack[22m | Storing File: res://tests/modes/drill_audit.gd.remap[39m[0m
[  98% ] [90m[1msavepack[22m | Storing File: res://tests/modes/save_progression_audit.gd.remap[39m[0m
[  98% ] [90m[1msavepack[22m | Storing File: res://tests/modes/career_audit.gd.remap[39m[0m
[  98% ] [90m[1msavepack[22m | Storing File: res://tests/build/TestHarness.gd.remap[39m[0m
[  98% ] [90m[1msavepack[22m | Storing File: res://tests/ui/theme_probe.tscn.remap[39m[0m
[  98% ] [90m[1msavepack[22m | Storing File: res://tests/timing_feedback_test.gd.remap[39m[0m
[  98% ] [90m[1msavepack[22m | Storing File: res://tests/ui/input_a11y_audit.gd.remap[39m[0m
[  98% ] [90m[1msavepack[22m | Storing File: res://tests/ui/capture_ui.tscn.remap[39m[0m
[  98% ] [90m[1msavepack[22m | Storing File: res://tests/build/demo_audit.gd.remap[39m[0m
[  98% ] [90m[1msavepack[22m | Storing File: res://tests/ui/screen_menu_audit.gd.remap[39m[0m
[  98% ] [90m[1msavepack[22m | Storing File: res://tests/modes/bench_step.gd.remap[39m[0m
[  98% ] [90m[1msavepack[22m | Storing File: res://tests/build/content_filter_audit.tscn.remap[39m[0m
[  98% ] [90m[1msavepack[22m | Storing File: res://tests/build/DemoContent.gd.remap[39m[0m
[  98% ] [90m[1msavepack[22m | Storing File: res://tests/ui/hud_audit.gd.remap[39m[0m
[  98% ] [90m[1msavepack[22m | Storing File: res://tests/build/DemoSelfReport.gd.remap[39m[0m
[  98% ] [90m[1msavepack[22m | Storing File: res://tests/parity/match_digest_gd.gd.remap[39m[0m
[  98% ] [90m[1msavepack[22m | Storing File: res://tests/ui/data_audit.gd.remap[39m[0m
[  98% ] [90m[1msavepack[22m | Storing File: res://tests/game_slice_test.gd.remap[39m[0m
[  98% ] [90m[1msavepack[22m | Storing File: res://tests/audio_port_test.gd.remap[39m[0m
[  98% ] [90m[1msavepack[22m | Storing File: res://tests/athlete_roster_test.gd.remap[39m[0m
[  98% ] [90m[1msavepack[22m | Storing File: res://tests/maestro_asset_test.gd.remap[39m[0m
[  98% ] [90m[1msavepack[22m | Storing File: res://tests/modes/tournament_audit.gd.remap[39m[0m
[  98% ] [90m[1msavepack[22m | Storing File: res://tests/save_steam_test.gd.remap[39m[0m
[  98% ] [90m[1msavepack[22m | Storing File: res://tests/input/run_all.gd.remap[39m[0m
[  98% ] [90m[1msavepack[22m | Storing File: res://tests/shot_logic_parity_test.gd.remap[39m[0m
[  98% ] [90m[1msavepack[22m | Storing File: res://tests/input/reachability_audit.gd.remap[39m[0m
[  98% ] [90m[1msavepack[22m | Storing File: res://tests/build/export_preset_audit.gd.remap[39m[0m
[  98% ] [90m[1msavepack[22m | Storing File: res://tests/SmokeTest.tscn.remap[39m[0m
[  98% ] [90m[1msavepack[22m | Storing File: res://tests/ui/capture_ui.gd.remap[39m[0m
[  98% ] [90m[1msavepack[22m | Storing File: res://tests/modes/outfit_challenges_audit.gd.remap[39m[0m
[  98% ] [90m[1msavepack[22m | Storing File: res://tests/ui/screen_menu_audit.tscn.remap[39m[0m
[  98% ] [90m[1msavepack[22m | Storing File: res://tests/input/switch_mode_audit.gd.remap[39m[0m
[  98% ] [90m[1msavepack[22m | Storing File: res://tests/build/DemoSelfReport.tscn.remap[39m[0m
[  98% ] [90m[1msavepack[22m | Storing File: res://tests/build/export_preset_audit.tscn.remap[39m[0m
[  98% ] [90m[1msavepack[22m | Storing File: res://tests/input/gamepad_nav_audit.gd.remap[39m[0m
[  98% ] [90m[1msavepack[22m | Storing File: res://tests/modes/reference_grid_audit.gd.remap[39m[0m
[  98% ] [90m[1msavepack[22m | Storing File: res://game/tools/arena_probe.gd.remap[39m[0m
[  98% ] [90m[1msavepack[22m | Storing File: res://game/tools/dump_input_events.gd.remap[39m[0m
[  98% ] [90m[1msavepack[22m | Storing File: res://game/tools/dump_ui_defaults.gd.remap[39m[0m
[  98% ] [90m[1msavepack[22m | Storing File: res://game/tools/hud_probe.gd.remap[39m[0m
[  98% ] [90m[1msavepack[22m | Storing File: res://game/tools/pad_probe.gd.remap[39m[0m
[  98% ] [90m[1msavepack[22m | Storing File: res://game/tools/ready_probe.gd.remap[39m[0m
[  98% ] [90m[1msavepack[22m | Storing File: res://game/athletes_view.gd.remap[39m[0m
[  98% ] [90m[1msavepack[22m | Storing File: res://game/content_gate.gd.remap[39m[0m
[  98% ] [90m[1msavepack[22m | Storing File: res://game/court.gd.remap[39m[0m
[  98% ] [90m[1msavepack[22m | Storing File: res://game/hud.gd.remap[39m[0m
[  98% ] [90m[1msavepack[22m | Storing File: res://game/input_map.gd.remap[39m[0m
[  98% ] [90m[1msavepack[22m | Storing File: res://game/lineup.gd.remap[39m[0m
[  98% ] [90m[1msavepack[22m | Storing File: res://game/Main.tscn.remap[39m[0m
[  98% ] [90m[1msavepack[22m | Storing File: res://game/main_menu.gd.remap[39m[0m
[  98% ] [90m[1msavepack[22m | Storing File: res://game/Match.tscn.remap[39m[0m
[  98% ] [90m[1msavepack[22m | Storing File: res://game/match_audio.gd.remap[39m[0m
[  98% ] [90m[1msavepack[22m | Storing File: res://game/match_config.gd.remap[39m[0m
[  98% ] [90m[1msavepack[22m | Storing File: res://game/match_controller.gd.remap[39m[0m
[  98% ] [90m[1msavepack[22m | Storing File: res://game/menu_focus.gd.remap[39m[0m
[  98% ] [90m[1msavepack[22m | Storing File: res://game/ModeScreen.tscn.remap[39m[0m
[  98% ] [90m[1msavepack[22m | Storing File: res://game/mode_hud.gd.remap[39m[0m
[  98% ] [90m[1msavepack[22m | Storing File: res://game/mode_screen.gd.remap[39m[0m
[  98% ] [90m[1msavepack[22m | Storing File: res://game/mode_session.gd.remap[39m[0m
[  98% ] [90m[1msavepack[22m | Storing File: res://game/scripted_player.gd.remap[39m[0m
[  98% ] [90m[1msavepack[22m | Storing File: res://src/input/strings.gd.remap[39m[0m
[  98% ] [90m[1msavepack[22m | Storing File: res://src/modes/career_progress.gd.remap[39m[0m
[  98% ] [90m[1msavepack[22m | Storing File: res://src/input/osk.gd.remap[39m[0m
[  98% ] [90m[1msavepack[22m | Storing File: res://src/locale/locale.gd.remap[39m[0m
[  98% ] [90m[1msavepack[22m | Storing File: res://src/save/save_store.gd.remap[39m[0m
[  98% ] [90m[1msavepack[22m | Storing File: res://src/input/remap.gd.remap[39m[0m
[  98% ] [90m[1msavepack[22m | Storing File: res://src/locale/locale_data.gd.remap[39m[0m
[  98% ] [90m[1msavepack[22m | Storing File: res://src/modes/drill_scoring.gd.remap[39m[0m
[  98% ] [90m[1msavepack[22m | Storing File: res://src/modes/tournament_rules.gd.remap[39m[0m
[  98% ] [90m[1msavepack[22m | Storing File: res://src/modes/drill_seed.gd.remap[39m[0m
[  98% ] [90m[1msavepack[22m | Storing File: res://src/save/save_migration.gd.remap[39m[0m
[  98% ] [90m[1msavepack[22m | Storing File: res://src/modes/modes_save.gd.remap[39m[0m
[  98% ] [90m[1msavepack[22m | Storing File: res://src/save/save_schema.gd.remap[39m[0m
[  98% ] [90m[1msavepack[22m | Storing File: res://src/modes/career_rules.gd.remap[39m[0m
[  98% ] [90m[1msavepack[22m | Storing File: res://src/modes/drill_target.gd.remap[39m[0m
[  98% ] [90m[1msavepack[22m | Storing File: res://src/modes/drill_session.gd.remap[39m[0m
[  98% ] [90m[1msavepack[22m | Storing File: res://src/modes/mode_tables.gd.remap[39m[0m
[  98% ] [90m[1msavepack[22m | Storing File: res://src/input/scheme.gd.remap[39m[0m
[  98% ] [90m[1msavepack[22m | Storing File: res://src/steam/probe_steam_addon.gd.remap[39m[0m
[  98% ] [90m[1msavepack[22m | Storing File: res://src/steam/steam_backend.gd.remap[39m[0m
[  98% ] [90m[1msavepack[22m | Storing File: res://src/ui/ScreenShell.tscn.remap[39m[0m
[  98% ] [90m[1msavepack[22m | Storing File: res://src/steam/godotsteam_backend.gd.remap[39m[0m
[  98% ] [90m[1msavepack[22m | Storing File: res://src/ui/screens/MenuScreen.gd.remap[39m[0m
[  98% ] [90m[1msavepack[22m | Storing File: res://tests/audits/court_speed_audit.gd.remap[39m[0m
[  98% ] [90m[1msavepack[22m | Storing File: res://tests/audits/controller_tactics_audit.gd.remap[39m[0m
[  98% ] [90m[1msavepack[22m | Storing File: res://src/ui/PlaceholderScreen.gd.remap[39m[0m
[  98% ] [90m[1msavepack[22m | Storing File: res://src/ui/ScreenShell.gd.remap[39m[0m
[  98% ] [90m[1msavepack[22m | Storing File: res://src/sim/state.gd.remap[39m[0m
[  98% ] [90m[1msavepack[22m | Storing File: res://src/sim/rng.gd.remap[39m[0m
[  98% ] [90m[1msavepack[22m | Storing File: res://src/ui/ScreenRouter.gd.remap[39m[0m
[  98% ] [90m[1msavepack[22m | Storing File: res://src/ui/data/DemoGateAdapter.gd.remap[39m[0m
[  98% ] [90m[1msavepack[22m | Storing File: res://src/steam/mock_steam_backend.gd.remap[39m[0m
[  98% ] [90m[1msavepack[22m | Storing File: res://tests/audits/wall_rules_audit.gd.remap[39m[0m
[  98% ] [90m[1msavepack[22m | Storing File: res://src/ui/Hud.gd.remap[39m[0m
[  98% ] [90m[1msavepack[22m | Storing File: res://src/sim/fault_digest_gd.gd.remap[39m[0m
[  98% ] [90m[1msavepack[22m | Storing File: res://src/steam/achievements.gd.remap[39m[0m
[  98% ] [90m[1msavepack[22m | Storing File: res://src/ui/accessibility/UiMotionPolicy.gd.remap[39m[0m
[  98% ] [90m[1msavepack[22m | Storing File: res://src/sim/sim.gd.remap[39m[0m
[  98% ] [90m[1msavepack[22m | Storing File: res://src/ui/data/UiData.gd.remap[39m[0m
[  98% ] [90m[1msavepack[22m | Storing File: res://src/ui/data/UiArtPaths.gd.remap[39m[0m
[  98% ] [90m[1msavepack[22m | Storing File: res://src/ui/focus/UiFocusBridge.gd.remap[39m[0m
[  98% ] [90m[1msavepack[22m | Storing File: res://src/ui/screens/ScreenContract.gd.remap[39m[0m
[  98% ] [90m[1msavepack[22m | Storing File: res://tests/audits/lineup_audit.gd.remap[39m[0m
[  98% ] [90m[1msavepack[22m | Storing File: res://src/sim/parity_digest_gd.gd.remap[39m[0m
[  98% ] [90m[1msavepack[22m | Storing File: res://tests/audits/smash_input_audit.gd.remap[39m[0m
[  98% ] [90m[1msavepack[22m | Storing File: res://src/sim/digest.gd.remap[39m[0m
[  98% ] [90m[1msavepack[22m | Storing File: res://src/ui/theme/padel_theme.tres.remap[39m[0m
[  98% ] [90m[1msavepack[22m | Storing File: res://tests/audits/run_all.gd.remap[39m[0m
[  98% ] [90m[1msavepack[22m | Storing File: res://src/ui/ViewState.gd.remap[39m[0m
[  98% ] [90m[1msavepack[22m | Storing File: res://src/steam/cloud_saves.gd.remap[39m[0m
[  98% ] [90m[1msavepack[22m | Storing File: res://tests/audits/ai_attack_audit.gd.remap[39m[0m
[  98% ] [90m[1msavepack[22m | Storing File: res://src/steam/steam_backend_factory.gd.remap[39m[0m
[  98% ] [90m[1msavepack[22m | Storing File: res://tests/audits/shot_quality_audit.gd.remap[39m[0m
[  98% ] [90m[1msavepack[22m | Storing File: res://tests/audits/shot_balance_audit.gd.remap[39m[0m
[  98% ] [90m[1msavepack[22m | Storing File: res://src/ui/screens/MenuScreen.tscn.remap[39m[0m
[  98% ] [90m[1msavepack[22m | Storing File: res://src/ui/PlaceholderScreen.tscn.remap[39m[0m
[  98% ] [90m[1msavepack[22m | Storing File: res://src/sim/entities.gd.remap[39m[0m
[  98% ] [90m[1msavepack[22m | Storing File: res://tests/audits/match_format_audit.gd.remap[39m[0m
[  98% ] [90m[1msavepack[22m | Storing File: res://src/ui/UiStrings.gd.remap[39m[0m
[  98% ] [90m[1msavepack[22m | Storing File: res://src/ui/Hud.tscn.remap[39m[0m
[  98% ] [90m[1msavepack[22m | Storing File: res://tests/audits/difficulty_audit.gd.remap[39m[0m
[  98% ] [90m[1msavepack[22m | Storing File: res://src/sim/frozen.gd.remap[39m[0m
[  98% ] [90m[1msavepack[22m | Storing File: res://tests/build/audit_base_abort_probe.gd.remap[39m[0m
[  98% ] [90m[1msavepack[22m | Storing File: res://tests/build/BuildFlag.gd.remap[39m[0m
[  98% ] [90m[1msavepack[22m | Storing File: res://src/input/nav_routes.gd.remap[39m[0m
[  98% ] [90m[1msavepack[22m | Storing File: res://src/input/menu_nav.gd.remap[39m[0m
[  98% ] [90m[1msavepack[22m | Storing File: res://tests/build/ContentFilter.gd.remap[39m[0m
[  98% ] [90m[1msavepack[22m | Storing File: res://tests/build/content_filter_audit.gd.remap[39m[0m
[  98% ] [90m[1msavepack[22m | Storing File: res://src/accessibility/accessibility_settings.gd.remap[39m[0m
[  98% ] [90m[1msavepack[22m | Storing File: res://src/audio/audio_port.gd.remap[39m[0m
[  98% ] [90m[1msavepack[22m | Storing File: res://src/audio/music.gd.remap[39m[0m
[  98% ] [90m[1msavepack[22m | Storing File: res://src/audits/audit_base.gd.remap[39m[0m
[  98% ] [90m[1msavepack[22m | Storing File: res://src/audits/audit_support.gd.remap[39m[0m
[  98% ] [90m[1msavepack[22m | Storing File: res://src/character/athlete_rig.gd.remap[39m[0m
[  98% ] [90m[1msavepack[22m | Storing File: res://src/character/outfit_catalogue.gd.remap[39m[0m
[  98% ] [90m[1msavepack[22m | Storing File: res://src/character/tools/rig_probe.gd.remap[39m[0m
[  98% ] [90m[1msavepack[22m | Storing File: res://src/character/RosterRender.tscn.remap[39m[0m
[  98% ] [90m[1msavepack[22m | Storing File: res://src/character/rig_render.gd.remap[39m[0m
[  98% ] [90m[1msavepack[22m | Storing File: res://src/character/AthleteRig.tscn.remap[39m[0m
[  98% ] [90m[1msavepack[22m | Storing File: res://src/character/RigRender.tscn.remap[39m[0m
[  98% ] [90m[1msavepack[22m | Storing File: res://src/character/tools/root_motion_probe.gd.remap[39m[0m
[  98% ] [90m[1msavepack[22m | Storing File: res://src/character/roster_render.gd.remap[39m[0m
[  98% ] [90m[1msavepack[22m | Storing File: res://src/character/tools/extent_probe.gd.remap[39m[0m
[  98% ] [90m[1msavepack[22m | Storing File: res://src/input/focus_nav.gd.remap[39m[0m
[  98% ] [90m[1msavepack[22m | Storing File: res://src/character/athlete_spawn.gd.remap[39m[0m
[  98% ] [90m[1msavepack[22m | Storing File: res://.godot/global_script_class_cache.cfg[39m[0m
[  98% ] [90m[1msavepack[22m | Storing File: res://.godot/uid_cache.bin[39m[0m
[  98% ] [90m[1msavepack[22m | Storing File: res://project.binary[39m[0m
[92m[ DONE ][39m [1msavepack[22m
[0m
