# UIR-23 demo matrix — two runs, one engine process at a time
# date: 2026-09-17 · host: macOS · engine: /Applications/Godot.app/Contents/MacOS/Godot
# guard: pgrep -x Godot printed nothing before each run (sole engine owner)

## RUN 1 — full build
$ "$GODOT" --headless --path godot/ --script res://tests/ui/demo_matrix_audit.gd
Godot Engine v4.7.2.stable.official.ed1daf0bf - https://godotengine.org

# report build=full (BuildFlag.resolve: feature tag first, args second)
ok build/the_gate_reports_the_flag_the_run_is
ok build/the_adapter_answers_demo_or_full_only
ok gate/the_demo_table_still_names_maestro_and_steamer
ok gate/the_demo_table_still_names_clockwork
ok gate/the_demo_table_still_grants_quick_only
ok gate/the_demo_table_still_pins_medium
ok gate/the_full_mode_set_is_the_references_three
ok gate/outfit_challenges_stay_available_in_every_build
ok gate/the_two_demo_athletes_still_carry_eight_challenge_outfits
ok gate/the_fixed_tier_index_is_the_demos_own_or_none
ok gate/a_full_build_exposes_all_three_modes
ok gate/a_full_build_exposes_the_whole_roster
ok gate/a_full_build_exposes_every_arena
ok host/the_playable_ui_is_what_this_matrix_mounts
ok menu/a_boot_lands_on_the_menu
ok menu/the_badge_row_mounts
ok menu/the_badge_follows_the_build_gate
ok menu/the_badge_key_is_the_adapters_answer
ok menu/a_full_build_hides_the_badge_row
ok menu/a_full_build_shows_no_badge_text
ok menu/the_router_row_carries_the_references_eight_actions
ok menu/the_screens_own_action_map_is_the_same_eight
ok menu/ChallengesButton_carries_to-challenges
ok menu/ChallengesButton_is_visible_in_this_build
ok menu/DrillButton_carries_to-drill
ok menu/DrillButton_is_visible_in_this_build
ok menu/FeedbackButton_carries_to-feedback
ok menu/FeedbackButton_is_visible_in_this_build
ok menu/HelpButton_carries_to-help
ok menu/HelpButton_is_visible_in_this_build
ok menu/HistoryButton_carries_to-history
ok menu/HistoryButton_is_visible_in_this_build
ok menu/PlayButton_carries_to-modes
ok menu/PlayButton_is_visible_in_this_build
ok menu/ProfileButton_carries_to-profile
ok menu/ProfileButton_is_visible_in_this_build
ok menu/SettingsButton_carries_to-settings
ok menu/SettingsButton_is_visible_in_this_build
ok menu/the_language_toggle_is_part_of_the_top_nav
ok lang/the_toggle_is_the_references_two_languages
ok lang/the_badge_copy_resolves_in_it
ok lang/the_arena_lock_copy_resolves_in_it
ok lang/the_mode_lock_copy_resolves_in_it
ok lang/the_demo_cta_body_resolves_in_it
ok lang/the_follow_label_is_the_recorded_locale_gap_in_it
ok lang/and_a_missing_id_renders_as_itself_in_it
ok lang/the_badge_copy_resolves_in_en
ok lang/the_arena_lock_copy_resolves_in_en
ok lang/the_mode_lock_copy_resolves_in_en
ok lang/the_demo_cta_body_resolves_in_en
ok lang/the_follow_label_is_the_recorded_locale_gap_in_en
ok lang/and_a_missing_id_renders_as_itself_in_en
ok lang/the_run_talks_italian_first
ok lang/the_play_button_carries_the_italian_sentence
ok lang/the_toggle_flips_to_english
ok lang/the_play_button_carries_the_english_sentence
ok lang/and_the_two_tables_differ_on_it
ok lang/and_back_to_italian
ok char/the_characters_screen_is_the_one_mounted
ok char/the_whole_roster_is_listed_in_this_build
ok char/row_maestro_demo_lock_is_the_builds_own
ok char/row_maestro_selectable_follows_the_build
ok char/row_pantera_demo_lock_is_the_builds_own
ok char/row_pantera_selectable_follows_the_build
ok char/row_steamer_demo_lock_is_the_builds_own
ok char/row_steamer_selectable_follows_the_build
ok char/row_fiamma_demo_lock_is_the_builds_own
ok char/row_fiamma_selectable_follows_the_build
ok char/row_oracolo_demo_lock_is_the_builds_own
ok char/row_oracolo_selectable_follows_the_build
ok char/row_colosso_demo_lock_is_the_builds_own
ok char/row_colosso_selectable_follows_the_build
ok arena/the_arena_screen_is_the_one_mounted
ok arena/the_whole_arena_set_is_listed_in_this_build
ok arena/row_officina_demo_lock_is_the_builds_own
ok arena/row_officina_never_claims_the_full_game
ok arena/row_locomotive_demo_lock_is_the_builds_own
ok arena/row_locomotive_never_claims_the_full_game
ok arena/row_clockwork_demo_lock_is_the_builds_own
ok arena/row_clockwork_never_claims_the_full_game
ok arena/row_cattedrale_demo_lock_is_the_builds_own
ok arena/row_cattedrale_never_claims_the_full_game
ok arena/row_forgia_demo_lock_is_the_builds_own
ok arena/row_forgia_never_claims_the_full_game
ok arena/row_tempesta_demo_lock_is_the_builds_own
ok arena/row_tempesta_never_claims_the_full_game
ok arena/row_abissale_demo_lock_is_the_builds_own
ok arena/row_abissale_never_claims_the_full_game
ok arena/row_caldera_demo_lock_is_the_builds_own
ok arena/row_caldera_never_claims_the_full_game
ok arena/row_orrery_demo_lock_is_the_builds_own
ok arena/row_orrery_never_claims_the_full_game
ok arena/a_full_build_locks_only_the_careers_own_wall
ok arena/a_full_build_has_a_startable_selection
ok arena/every_arena_outside_the_career_wall_can_be_chosen
ok modes/the_modes_screen_is_the_one_mounted
ok modes/all_three_reference_modes_are_listed
ok modes/row_quick_lock_is_the_builds_own
ok modes/row_tournament_lock_is_the_builds_own
ok modes/row_career_lock_is_the_builds_own
ok modes/a_full_build_opens_tournament
ok modes/and_tournament_lands_on_characters
ok diff/the_easy_button_mounts
ok diff/the_easy_button_disabled_state_is_the_builds_answer
ok diff/a_full_build_grants_easy
ok diff/the_medium_button_mounts
ok diff/the_medium_button_disabled_state_is_the_builds_answer
ok diff/a_full_build_grants_medium
ok diff/the_hard_button_mounts
ok diff/the_hard_button_disabled_state_is_the_builds_answer
ok diff/a_full_build_grants_hard
ok diff/the_legend_button_mounts
ok diff/the_legend_button_disabled_state_is_the_builds_answer
ok diff/a_full_build_grants_legend
ok diff/a_full_build_pins_nothing
ok diff/a_full_build_takes_legend
ok diff/and_the_session_tier_moved_with_it
ok cta/the_result_screen_is_the_one_mounted
ok cta/the_block_starts_hidden_no_store_url_is_configured
ok cta/the_demo_body_copy_exists_in_the_frozen_tables
ok cta/the_beta_body_key_has_no_entry_visible_fallback
ok cta/the_body_key_is_the_builds_own
ok cta/the_demo_cta_capture_applies
ok cta/a_configured_url_shows_the_block
ok cta/a_wishlist_destination_wishes
ok cta/the_button_carries_the_wishlist_label
ok cta/the_beta_cta_capture_applies
ok cta/a_follow_destination_follows
ok cta/the_button_carries_the_follow_label
ok cta/the_default_capture_applies
ok cta/and_the_block_hides_again
ok beta/the_beta_badge_key_is_the_adapters_own
ok beta/a_build_that_cannot_be_reached_still_answers
# note the beta column is not runnable in the port today: tests/build/BuildFlag.gd:49-66 resolves ONE boolean over (feature tag, args) — resolve()/is_demo(); the reference's third label (js/build.js, BUILD === 'beta') has no port equivalent. The beta keys are still asked through their own doors (DemoGateAdapter.badge_text_key_for; ResultScreen.set_store_config(url, 'follow')), and betaResultBody has no locale entry so the id renders — the reference's own visible fallback
# not-ported beta/build_column: no beta build exists in the port today (BuildFlag.gd is one boolean); recorded as traceability, never emulated by string substitution
PASS 133/133
# exit=0 · SCRIPT ERROR=0 · PASS 133/133

## RUN 2 — demo build
$ "$GODOT" --headless --path godot/ --script res://tests/ui/demo_matrix_audit.gd -- --demo
Godot Engine v4.7.2.stable.official.ed1daf0bf - https://godotengine.org

# report build=demo (BuildFlag.resolve: feature tag first, args second)
ok build/the_gate_reports_the_flag_the_run_is
ok build/the_adapter_answers_demo_or_full_only
ok gate/the_demo_table_still_names_maestro_and_steamer
ok gate/the_demo_table_still_names_clockwork
ok gate/the_demo_table_still_grants_quick_only
ok gate/the_demo_table_still_pins_medium
ok gate/the_full_mode_set_is_the_references_three
ok gate/outfit_challenges_stay_available_in_every_build
ok gate/the_two_demo_athletes_still_carry_eight_challenge_outfits
ok gate/the_fixed_tier_index_is_the_demos_own_or_none
ok gate/a_demo_exposes_quick_only
ok gate/a_demo_exposes_both_granted_athletes
ok gate/a_demo_exposes_its_one_arena
ok host/the_playable_ui_is_what_this_matrix_mounts
ok menu/a_boot_lands_on_the_menu
ok menu/the_badge_row_mounts
ok menu/the_badge_follows_the_build_gate
ok menu/the_badge_key_is_the_adapters_answer
ok menu/a_demo_shows_the_demo_key
ok menu/a_demo_shows_the_badge_row
ok menu/the_badge_text_is_the_demos_own
ok menu/and_it_reads_DEMO
ok menu/the_router_row_carries_the_references_eight_actions
ok menu/the_screens_own_action_map_is_the_same_eight
ok menu/ChallengesButton_carries_to-challenges
ok menu/ChallengesButton_is_visible_in_this_build
ok menu/DrillButton_carries_to-drill
ok menu/DrillButton_is_visible_in_this_build
ok menu/FeedbackButton_carries_to-feedback
ok menu/FeedbackButton_is_visible_in_this_build
ok menu/HelpButton_carries_to-help
ok menu/HelpButton_is_visible_in_this_build
ok menu/HistoryButton_carries_to-history
ok menu/HistoryButton_is_visible_in_this_build
ok menu/PlayButton_carries_to-modes
ok menu/PlayButton_is_visible_in_this_build
ok menu/ProfileButton_carries_to-profile
ok menu/ProfileButton_is_visible_in_this_build
ok menu/SettingsButton_carries_to-settings
ok menu/SettingsButton_is_visible_in_this_build
ok menu/the_language_toggle_is_part_of_the_top_nav
ok lang/the_toggle_is_the_references_two_languages
ok lang/the_badge_copy_resolves_in_it
ok lang/the_arena_lock_copy_resolves_in_it
ok lang/the_mode_lock_copy_resolves_in_it
ok lang/the_demo_cta_body_resolves_in_it
ok lang/the_follow_label_is_the_recorded_locale_gap_in_it
ok lang/and_a_missing_id_renders_as_itself_in_it
ok lang/the_badge_copy_resolves_in_en
ok lang/the_arena_lock_copy_resolves_in_en
ok lang/the_mode_lock_copy_resolves_in_en
ok lang/the_demo_cta_body_resolves_in_en
ok lang/the_follow_label_is_the_recorded_locale_gap_in_en
ok lang/and_a_missing_id_renders_as_itself_in_en
ok lang/the_run_talks_italian_first
ok lang/the_play_button_carries_the_italian_sentence
ok lang/the_toggle_flips_to_english
ok lang/the_play_button_carries_the_english_sentence
ok lang/and_the_two_tables_differ_on_it
ok lang/and_back_to_italian
ok char/the_characters_screen_is_the_one_mounted
ok char/the_whole_roster_is_listed_in_this_build
ok char/row_maestro_demo_lock_is_the_builds_own
ok char/row_maestro_selectable_follows_the_build
ok char/row_pantera_demo_lock_is_the_builds_own
ok char/row_pantera_selectable_follows_the_build
ok char/row_pantera_is_locked_visibly
ok char/row_pantera_renders_locked
ok char/row_pantera_cannot_be_selected
ok char/row_pantera_is_not_openable_by_any_code
ok char/row_steamer_demo_lock_is_the_builds_own
ok char/row_steamer_selectable_follows_the_build
ok char/row_fiamma_demo_lock_is_the_builds_own
ok char/row_fiamma_selectable_follows_the_build
ok char/row_fiamma_is_locked_visibly
ok char/row_fiamma_renders_locked
ok char/row_fiamma_cannot_be_selected
ok char/row_fiamma_is_not_openable_by_any_code
ok char/row_oracolo_demo_lock_is_the_builds_own
ok char/row_oracolo_selectable_follows_the_build
ok char/row_oracolo_is_locked_visibly
ok char/row_oracolo_renders_locked
ok char/row_oracolo_cannot_be_selected
ok char/row_oracolo_is_not_openable_by_any_code
ok char/row_colosso_demo_lock_is_the_builds_own
ok char/row_colosso_selectable_follows_the_build
ok char/row_colosso_is_locked_visibly
ok char/row_colosso_renders_locked
ok char/row_colosso_cannot_be_selected
ok char/row_colosso_is_not_openable_by_any_code
ok arena/the_arena_screen_is_the_one_mounted
ok arena/the_whole_arena_set_is_listed_in_this_build
ok arena/row_officina_demo_lock_is_the_builds_own
ok arena/row_officina_card_carries_the_lock
ok arena/row_officina_lock_is_visible
ok arena/row_officina_says_in_the_full_game
ok arena/row_officina_cannot_be_chosen
ok arena/row_locomotive_demo_lock_is_the_builds_own
ok arena/row_locomotive_card_carries_the_lock
ok arena/row_locomotive_lock_is_visible
ok arena/row_locomotive_says_in_the_full_game
ok arena/row_locomotive_cannot_be_chosen
ok arena/row_clockwork_demo_lock_is_the_builds_own
ok arena/row_clockwork_never_claims_the_full_game
ok arena/row_cattedrale_demo_lock_is_the_builds_own
ok arena/row_cattedrale_card_carries_the_lock
ok arena/row_cattedrale_lock_is_visible
ok arena/row_cattedrale_says_in_the_full_game
ok arena/row_cattedrale_cannot_be_chosen
ok arena/row_forgia_demo_lock_is_the_builds_own
ok arena/row_forgia_card_carries_the_lock
ok arena/row_forgia_lock_is_visible
ok arena/row_forgia_says_in_the_full_game
ok arena/row_forgia_cannot_be_chosen
ok arena/row_tempesta_demo_lock_is_the_builds_own
ok arena/row_tempesta_card_carries_the_lock
ok arena/row_tempesta_lock_is_visible
ok arena/row_tempesta_says_in_the_full_game
ok arena/row_tempesta_cannot_be_chosen
ok arena/row_abissale_demo_lock_is_the_builds_own
ok arena/row_abissale_card_carries_the_lock
ok arena/row_abissale_lock_is_visible
ok arena/row_abissale_says_in_the_full_game
ok arena/row_abissale_cannot_be_chosen
ok arena/row_caldera_demo_lock_is_the_builds_own
ok arena/row_caldera_card_carries_the_lock
ok arena/row_caldera_lock_is_visible
ok arena/row_caldera_says_in_the_full_game
ok arena/row_caldera_cannot_be_chosen
ok arena/row_orrery_demo_lock_is_the_builds_own
ok arena/row_orrery_card_carries_the_lock
ok arena/row_orrery_lock_is_visible
ok arena/row_orrery_says_in_the_full_game
ok arena/row_orrery_cannot_be_chosen
ok arena/a_demos_lock_list_is_exactly_what_it_withholds
ok arena/a_demo_lands_on_its_one_granted_arena
ok arena/and_that_arena_can_start
ok modes/the_modes_screen_is_the_one_mounted
ok modes/all_three_reference_modes_are_listed
ok modes/row_quick_lock_is_the_builds_own
ok modes/row_tournament_lock_is_the_builds_own
ok modes/row_career_lock_is_the_builds_own
ok modes/a_demo_cannot_open_tournament
ok modes/a_demo_cannot_open_career
ok modes/a_demo_opens_quick
ok modes/and_quick_lands_on_characters
ok diff/the_easy_button_mounts
ok diff/the_easy_button_disabled_state_is_the_builds_answer
ok diff/a_demo_grants_medium_only
ok diff/the_medium_button_mounts
ok diff/the_medium_button_disabled_state_is_the_builds_answer
ok diff/a_demo_grants_medium_only
ok diff/the_hard_button_mounts
ok diff/the_hard_button_disabled_state_is_the_builds_answer
ok diff/a_demo_grants_medium_only
ok diff/the_legend_button_mounts
ok diff/the_legend_button_disabled_state_is_the_builds_answer
ok diff/a_demo_grants_medium_only
ok diff/a_demo_pins_medium
ok diff/a_demo_refuses_hard
ok diff/a_demo_takes_medium
ok diff/and_the_session_tier_is_the_pinned_one
ok cta/the_result_screen_is_the_one_mounted
ok cta/the_block_starts_hidden_no_store_url_is_configured
ok cta/the_demo_body_copy_exists_in_the_frozen_tables
ok cta/the_beta_body_key_has_no_entry_visible_fallback
ok cta/the_body_key_is_the_builds_own
ok cta/the_demo_cta_capture_applies
ok cta/a_configured_url_shows_the_block
ok cta/a_wishlist_destination_wishes
ok cta/the_button_carries_the_wishlist_label
ok cta/the_beta_cta_capture_applies
ok cta/a_follow_destination_follows
ok cta/the_button_carries_the_follow_label
ok cta/the_default_capture_applies
ok cta/and_the_block_hides_again
ok beta/the_beta_badge_key_is_the_adapters_own
ok beta/a_build_that_cannot_be_reached_still_answers
# note the beta column is not runnable in the port today: tests/build/BuildFlag.gd:49-66 resolves ONE boolean over (feature tag, args) — resolve()/is_demo(); the reference's third label (js/build.js, BUILD === 'beta') has no port equivalent. The beta keys are still asked through their own doors (DemoGateAdapter.badge_text_key_for; ResultScreen.set_store_config(url, 'follow')), and betaResultBody has no locale entry so the id renders — the reference's own visible fallback
# not-ported beta/build_column: no beta build exists in the port today (BuildFlag.gd is one boolean); recorded as traceability, never emulated by string substitution
PASS 178/178
# exit=0 · SCRIPT ERROR=0 · PASS 178/178
