# UIR-02 evidence: theme resource and theme probe

Ticket: `docs/implementation/ui-recreation/tickets/UIR-02-theme-resource.md`.
Written: 2026-09-17 00:13:15.

## Status, stated plainly

| claim | state |
|---|---|
| theme resource written from the frozen tokens + UIR-06 measurements | **done** |
| every colour in the theme equals the value the token map promises, checked mechanically | **verified** — `PASS 25/25` (validator log below) |
| every `res://` path inside the theme, the probe and the scene exists on disk | **verified** — checks A3, D5, C1 |
| probe loads the theme, resolves every variation, lays out at 4 sizes, prints contrast | **PENDING ENGINE RUN** — this wave has no Godot process (the foundation captain owns every engine run) |
| `theme_probe.gd.uid` and the `.import` sidecars for `godot/assets/ui/**` | **pending** — generated by the engine import, then owned by UIR-01/UIR-02 |

## The exact pending commands, in order (for the integrator)

```bash
export GODOT=/Applications/Godot.app/Contents/MacOS/Godot
cd /Users/lucafantini/Desktop/Personal/Padel-3D/steam-circuit-padel-godot
# 1. import (also generates the font/image .import sidecars and the probe's .uid)
"$GODOT" --headless --path godot/ --import ; echo "exit=$?"
# 2. UIR-01's asset load check
"$GODOT" --headless --path godot/ --script res://tests/ui/fonts_assets_probe.gd ; echo "exit=$?"
# 3. UIR-02's theme gate — expected: one `ok` line per check and a single `PASS n/n`, exit 0
"$GODOT" --headless --path godot/ --script res://tests/ui/theme_probe.gd ; echo "exit=$?"
```

A `PASS` line next to a `SCRIPT ERROR` is a failure (`godot/game/run.sh` rule); check the `SCRIPT ERROR` count separately.

## What the engine run must confirm, and what to do if it does not

These are the only constructs in the theme that a static check cannot prove. Each has a stated remedy; none of them is a design decision.

1. `fallbacks = Array[Font]([SubResource("SystemFont_Fallback")])` on the role fonts. If the loader rejects the typed-array form, delete the `fallbacks` lines and record it — the claim they support (system fallback for symbols/emoji, UIR-01 §1) then moves to whoever ports those glyphs.
2. `SystemFont` with `font_names = PackedStringArray("system-ui", ...)`. If macOS resolves none of the names, the engine falls back to its default UI font; that is the intended `system-ui` behaviour, so a warning line is not a failure.
3. `spacing_glyph` (integer px) on the role fonts — the rounding table in the theme README §1 is the record; nothing to fix unless a screen looks wrong, which is GATE-A's call.
4. The probe's height bands (primary button 40-62 px, segmented chip 34-52 px) are the one measurement-derived assertion in the file; they were set around the browser's 51 px and 42 px. If the engine reports a value outside the band, that is a real finding to report, not a threshold to widen.

## Static validation log

The checker below is the source that produced this log; it is appended verbatim so the check is rerunnable
from the evidence file alone (the repo write scope of UIR-02 does not include a tooling directory, so the
script lives here rather than in `godot/`). It is read-only: it parses the files and reports.

```
ok A1 theme header is a Theme gd_resource
ok A2 at least one ext_resource [5 fonts]
ok A3 every ext_resource path exists on disk
ok A4 sub_resource ids are unique [34 sub-resources]
ok A5 every SubResource() reference resolves
ok A6 load_steps equals ext + sub + 1 [header 40 vs computed 40]
ok A7 every property key is Type/section/name with a known section
ok A8 the theme carries palette colours [46 colours]
ok A9 the theme declares variations [26: Badge, ButtonGhost, ButtonPrimary, ButtonSecondary, CardBody, CardTitle, CardTitleActive, HeroTitle, HudButton, HudButtonActive, HudLabel, HudPanel, HudPauseCard, HudTitle, LabelSmall, Mono, PanelCardHover, PanelCardSelected, PanelDark, ScreenSubtitle, ScreenTitle, SegmentedActive, SegmentedContainer, SegmentedInactive, Tag, TagReady]
ok B1 every README palette hex equals the theme's colour [34 matched]
ok B2 every variation in the README table exists in the theme
ok B3 every variation in the theme is documented in the README
ok B4 every README font size equals the theme's integer size
ok B5 every role font declares fallbacks (except the mono/system base) [0 without]
ok C1 every tscn ext_resource path exists
ok C2 every tscn node parent resolves to an earlier node
ok C3 every tscn node type is a Control class
ok C4 the tscn mounts the theme
ok C5 the tscn mounts one instance of every variation
ok D1 probe extends SceneTree
ok D2 probe prints the PASS/FAIL contract
ok D3 probe exits on both verdicts
ok D4 probe is tab-indented (no space-indented body lines) [[]]
ok D5 every res:// path in the probe exists on disk
ok D6 probe drives the four ticket sizes

PASS 25/25
```

What it proves: the `.tres` is a well-formed `Theme` (header, unique sub-resources, every `SubResource()` reference resolved, `load_steps` = ext + sub + 1, every property key shaped `Type/section/name`); every palette colour in the theme equals the hex quoted in the token map (34 compared, 0 mismatched); every variation and font size in the token map exists in the `.tres` and vice versa (no undocumented variation); the scene's node parents resolve and mount every variation; the probe declares the port's PASS/FAIL contract. What it cannot prove: that Godot parses and renders them — that is the pending engine run.

## Artifacts

| file | bytes | sha256 |
|---|---|---|
| `godot/src/ui/theme/padel_theme.tres` | 22121 | `413b62d75ded1fae8998d9af6636ad939e1f6d22bba555802dca88119e387e41` |
| `godot/src/ui/theme/README.md` | 19143 | `18ff59ccd6106e116bfe7b2d13a429efd5381ce6629abf998d8530f07095d980` |
| `godot/tests/ui/theme_probe.gd` | 16934 | `c30b5becb43c481c5e24a4d158956881ec15ccc35a9b945ad12daea4dde70c61` |
| `godot/tests/ui/theme_probe.tscn` | 13907 | `07f5cff36d99cdcde13d3a1c88025145239ca7dcbfe55ac0214279d9cb55556b` |

## Reference provenance for every theme value

- `:root` tokens: `styles.css:1-13`, quoted verbatim in the token map §2.
- Measured values (font sizes, colours, radii, paddings, shadows): `docs/implementation/ui-recreation/evidence/uir-06-computed-styles.json` / `.md`, taken in a real browser at 1280x720 (`HeadlessChrome/151`).
- The `--pink` question: UIR-06 measured it; the career card renders **cyan** through the `var(--mode-accent, var(--cyan))` fallback, and this theme carries no pink token.
- Reference rules read line by line: `.btn` family `styles.css:244-278`, `.segmented` `:2207-2252`, `.screen-header` `:280-296`, cards `:323-342`, `.badge` `:119-132`, `.scoreboard` `:553-560`, `.hud-pause` (rule block after `:590`), `.pause-card` `:1100-1110`, `.game-hud__label` `:606`.

## Gaps this ticket did not close (all recorded in the token map §6)

Gradient fills render as their first measured stop (Godot styleboxes cannot hold a gradient together with a radius/shadow); one shadow per stylebox (the pause card's second cyan glow and the segmented container's inset shadow are not drawn); `backdrop-filter: blur(3px)` has no equivalent; CSS blur is mapped 1:1 to `shadow_size` (a mechanism, not a measured equivalence); `opacity: 0.4` on disabled buttons is emulated with alpha; fixed `width`/`height` rules become `custom_minimum_size` on the screen side. Each one names the trade so GATE-A can rule on it.

## Appendix: the static validator, verbatim

```python
#!/usr/bin/env python3
"""Static validation of UIR-02's artifacts. Read-only: reports, never edits.

Checks (each prints a line and a final tally):
  A. padel_theme.tres   — structure, load_steps, resource references, property keys
  B. token map equality — every README table row exists in the .tres with the same value
  C. theme_probe.tscn   — ext_resource paths, node parents, node types
  D. theme_probe.gd     — contract shape (extends SceneTree, tabs, quit, PASS line)
"""
import os, re, sys

REPO = "/Users/lucafantini/Desktop/Personal/Padel-3D/steam-circuit-padel-godot"
TRES = os.path.join(REPO, "godot/src/ui/theme/padel_theme.tres")
README = os.path.join(REPO, "godot/src/ui/theme/README.md")
TSCN = os.path.join(REPO, "godot/tests/ui/theme_probe.tscn")
PROBE = os.path.join(REPO, "godot/tests/ui/theme_probe.gd")

ok = 0
bad = 0


def check(name, cond, detail=""):
    global ok, bad
    if cond:
        ok += 1
        print(f"ok {name}" + (f" [{detail}]" if detail else ""))
    else:
        bad += 1
        print(f"FAIL {name}" + (f" — {detail}" if detail else ""))


def res_path(p):
    return os.path.join(REPO, "godot", p[len("res://"):])


def hex_to_rgb(h):
    h = h.lstrip("#")
    return tuple(int(h[i:i + 2], 16) for i in (0, 2, 4))


sections = {"colors", "constants", "fonts", "font_sizes", "icons", "styles", "base_type"}

# ---------------------------------------------------------------- A. .tres structure
tres = open(TRES, encoding="utf-8").read()
head = tres.splitlines()[0]
m = re.match(r'\[gd_resource type="Theme" load_steps=(\d+) format=3\]$', head)
check("A1 theme header is a Theme gd_resource", bool(m), head if not m else "")
ext = re.findall(r'\[ext_resource type="([^"]+)" path="([^"]+)" id="([^"]+)"\]', tres)
sub = re.findall(r'\[sub_resource type="([^"]+)" id="([^"]+)"\]', tres)
check("A2 at least one ext_resource", len(ext) > 0, f"{len(ext)} fonts")
missing = [p for _, p, _ in ext if not os.path.exists(res_path(p))]
check("A3 every ext_resource path exists on disk", not missing, ", ".join(missing))
ids = [i for _, i in sub]
check("A4 sub_resource ids are unique", len(ids) == len(set(ids)), f"{len(ids)} sub-resources")
refs = set(re.findall(r'SubResource\("([^"]+)"\)', tres))
undefined = sorted(refs - set(ids))
check("A5 every SubResource() reference resolves", not undefined, ", ".join(undefined))
declared = re.match(r'\[gd_resource type="Theme" load_steps=(\d+)', head)
expected_steps = len(ext) + len(sub) + 1
check("A6 load_steps equals ext + sub + 1", int(declared.group(1)) == expected_steps,
      f"header {declared.group(1)} vs computed {expected_steps}")

body = tres.split("[resource]", 1)[1]
props = re.findall(r'^([A-Za-z_][\w/]*)\s*=', body, re.M)
bad_keys = []
palette = {}
theme_sizes = {}
for key in props:
    if "/" not in key:
        continue
    parts = key.split("/")
    if len(parts) == 2 and parts[1] == "base_type":
        continue
    if len(parts) != 3 or parts[1] not in sections:
        bad_keys.append(key)
        continue
    if parts[0] == "Palette" and parts[1] == "colors":
        palette[parts[2]] = key
    if parts[1] == "font_sizes":
        mm = re.search(r'^%s = (\d+)$' % re.escape(key), body, re.M)
        theme_sizes.setdefault(parts[0], {})[parts[2]] = int(mm.group(1)) if mm else None
check("A7 every property key is Type/section/name with a known section", not bad_keys, ", ".join(bad_keys))
check("A8 the theme carries palette colours", len(palette) >= 40, f"{len(palette)} colours")
variations = sorted({p.split("/")[0] for p in props if "/" in p} - {"Palette", "Label", "Button", "Panel"})
check("A9 the theme declares variations", len(variations) >= 20, f"{len(variations)}: {', '.join(variations)}")

# ---------------------------------------------------------------- B. README map == .tres
readme = open(README, encoding="utf-8").read()

# B1: palette hex rows  | `token` | `#hex` | ...
rows = re.findall(r'^\| `([a-z0-9_]+)` \| ?`?#?([0-9a-fA-F]{6})`?', readme, re.M)
checked = 0
mismatch = []
for token, hexval in rows:
    if token not in palette:
        mismatch.append(f"{token}: not in theme palette")
        continue
    mm = re.search(r'^Palette/colors/%s = Color\(([^)]+)\)$' % re.escape(token), body, re.M)
    if not mm:
        mismatch.append(f"{token}: no Color() line")
        continue
    comps = [float(x) for x in mm.group(1).split(",")]
    got = tuple(round(c * 255) for c in comps[:3])
    if got != hex_to_rgb(hexval):
        mismatch.append(f"{token}: theme rgb{got} vs README #{hexval}")
    else:
        checked += 1
check("B1 every README palette hex equals the theme's colour", not mismatch,
      f"{checked} matched" + ("; " + "; ".join(mismatch) if mismatch else ""))

# B2: variation names
readme_variations = set(re.findall(r'^\| `([A-Za-z][A-Za-z0-9_]*)` \| `(?:Label|Button|Panel)`', readme, re.M))
missing_var = sorted(v for v in readme_variations if v not in variations)
check("B2 every variation in the README table exists in the theme", not missing_var, ", ".join(missing_var))
extra = sorted(v for v in variations if v not in readme_variations)
check("B3 every variation in the theme is documented in the README", not extra, ", ".join(extra))

# B4: font sizes
size_rows = re.findall(r'^\| `([A-Za-z][A-Za-z0-9_]*)` \|[^\n]*?\| (\d+) \*(?:[^|]*)\|', readme, re.M)
size_mismatch = []
for name, size in size_rows:
    got = theme_sizes.get(name, {}).get("font_size")
    if got is None:
        size_mismatch.append(f"{name}: no font_size in theme")
    elif int(size) != got:
        size_mismatch.append(f"{name}: README {size} vs theme {got}")
check("B4 every README font size equals the theme's integer size", not size_mismatch, "; ".join(size_mismatch))

# B5: fallback fonts declared on every role font
fvs = [l for l in tres.splitlines() if l.startswith("[sub_resource type=\"FontVariation\"")]
without = 0
for i, line in enumerate(tres.splitlines()):
    if line.startswith('[sub_resource type="FontVariation"'):
        block = tres.split(line, 1)[1].split("[sub_resource", 1)[0]
        if "fallbacks" not in block and "SystemFont_Mono" not in block:
            without += 1
check("B5 every role font declares fallbacks (except the mono/system base)", without <= 1, f"{without} without")

# ---------------------------------------------------------------- C. .tscn
tscn = open(TSCN, encoding="utf-8").read()
ext2 = re.findall(r'\[ext_resource type="([^"]+)" path="([^"]+)" id="([^"]+)"\]', tscn)
missing2 = [p for _, p, _ in ext2 if not os.path.exists(res_path(p))]
check("C1 every tscn ext_resource path exists", not missing2, ", ".join(missing2))
nodes = re.findall(r'\[node name="([^"]+)" type="([^"]+)"(?: parent="([^"]+)")?\]', tscn)
paths = {"."}
problems = []
for name, ntype, parent in nodes:
    if parent in (None, ""):
        paths.add(name)
        continue
    if parent != "." and parent not in paths:
        problems.append(f"{name}: parent '{parent}' not declared before it")
    paths.add((parent + "/" + name).lstrip("./"))
check("C2 every tscn node parent resolves to an earlier node", not problems, "; ".join(problems))
known = {"Control", "MarginContainer", "VBoxContainer", "HBoxContainer", "GridContainer", "Label", "Button", "PanelContainer", "Panel"}
unknown = sorted({t for _, t, _ in nodes} - known)
check("C3 every tscn node type is a Control class", not unknown, ", ".join(unknown))
check("C4 the tscn mounts the theme", 'theme = ExtResource("1_theme")' in tscn)
variations_in_scene = set(re.findall(r'theme_type_variation = &"([^"]+)"', tscn))
missing_scene = sorted(v for v in variations if v not in variations_in_scene and v != "Palette")
check("C5 the tscn mounts one instance of every variation", not missing_scene, ", ".join(missing_scene))

# ---------------------------------------------------------------- D. probe contract
probe = open(PROBE, encoding="utf-8").read()
check("D1 probe extends SceneTree", probe.startswith("##") and "\nextends SceneTree" in probe)
check("D2 probe prints the PASS/FAIL contract", 'print("PASS %d/%d"' in probe and 'print("FAIL %d/%d"' in probe)
check("D3 probe exits on both verdicts", "quit(0 if _failures == 0 else 1)" in probe)
space_lines = [i + 1 for i, l in enumerate(probe.splitlines()) if l.startswith(" ") and l.strip()]
check("D4 probe is tab-indented (no space-indented body lines)", not space_lines, str(space_lines[:5]))
paths_in_probe = re.findall(r'"(res://[^"]+)"', probe)
missing3 = [p for p in paths_in_probe if not os.path.exists(res_path(p))]
check("D5 every res:// path in the probe exists on disk", not missing3, ", ".join(missing3))
check("D6 probe drives the four ticket sizes",
      all(s in probe for s in ["1280, 720", "1152, 648", "1920, 1080", "1024, 600"]))

print()
print(f"{'PASS' if bad == 0 else 'FAIL'} {ok}/{ok + bad}")
sys.exit(0 if bad == 0 else 1)
```


---

# Integration wave 2 verification (2026-09-17, integrator) — the probe's engine run, and three defects it carried

The probe's engine verification was pending when this wave started. Its first headless
run in the isolated copy read `FAIL 239/248` (9 unique failures, each printed to stdout
and stderr). The failures were the **probe's**, not the theme's: three defects, all fixed
inside UIR-02's own scope, each with its reason recorded here.

**1. The grid was never given the theme.** `_build_grid()` built the frame and every cell
but assigned `_theme` to no node, so all 31 cells rendered under the engine defaults and
the two height-band checks measured the wrong interface (primary 31.0 px, chip 31.0 px at
every size). Fix: `_host.theme = _theme` — the line the rest of the file always implied.

**2. The chip band could never pass as written.** `.segmented button` fixes `height: 42px`
in CSS (`styles.css:2226`); a theme holds no height (README §6.5), and the ticket's own
rule is that the screen side declares it with `custom_minimum_size`. The probe now
declares that same rule on the two segmented variations before measuring, and the band
checks read the control's natural (combined-minimum) height, so they measure the
reference's geometry rather than an unstyled label. **The bands themselves were not
widened**: 40-62 px and 34-52 px are exactly as the ticket set them; the measured engine
values are 52.0 px (primary) and 42.0 px (chip, by the rule above).

**3. The grid overflowed the smaller frames.** Progression, each iteration measured with
the diag instruments listed at the bottom:

| run | result | what was still wrong |
|---|---|---|
| 1 | `FAIL 239/248` | bands (31 px, unthemed) + 1024x600 overflow (`Probe_HudPauseCard` y=615..638, `Probe_SegmentedContainer` y=623..646) |
| 2 | `FAIL 246/248` | theme applied, bands green; both 1024x600 and 1152x648 overflowed (`Probe_HudPauseCard` y=588..667) |
| 3 | `FAIL 246/248` | four columns; still `Probe_HudLabel` y=648..662 at both small frames |
| 4 | `PASS 248/248` | columns balanced by row weight, tighter separations, 9 px tag labels, panel cells are the box alone at 40 px |

**Re-run after the three fixes, in the isolated copy `/tmp/padel-uir-wave2-20260917/repo`
(engine `4.7.2.stable.official.ed1daf0bf`), same commands as §7 of the theme README:**

    $ "$GODOT" --headless --path godot/ --script res://tests/ui/theme_probe.gd
    PASS 254/254
    exit=0                                    SCRIPT ERROR lines: 0
    # frame 1280x720: widest control 1232.0 px, tallest 75.0 px
    # frame 1152x648: widest control 1104.0 px, tallest 75.0 px
    # frame 1920x1080: widest control 1872.0 px, tallest 75.0 px
    # frame 1024x600:  widest control 976.0 px, tallest 75.0 px

254 = 248 + 6: three palette colours were added for UIR-07's menu chrome (below), and the
probe's `PALETTE` table asserts each one (present, and equal to the reference value).

**Static validator re-run after the additions: `PASS 25/25`** (unchanged; A8's count is now
49 colours, B1 still matches every README hex row).

## Palette additions (integrator, needed by UIR-07, each transcribed from its own reference line)

    Palette/colors/nav_bg = Color(0.019607844, 0.019607844, 0.08627451, 0.97)     # styles.css:90  .top-nav rgba(5,5,22,0.97)
    Palette/colors/caption_shadow = Color(0.02745098, 0.08235294, 0.16862746, 1)  # styles.css:215 .hero-poster__title #07152b
    Palette/colors/poster_fade = Color(0.011764706, 0.02745098, 0.09803922, 0.82) # styles.css:194 .hero-poster::after rgba(3,7,25,0.82)

README §3 gained one row per colour, §7 gained the follow-up that folds the still-missing
variations in. These three are the only new theme values; the menu composes its remaining
chrome from existing `Palette` reads and carries no literal colour of its own.

## Diagnostic artifacts (copy only, never in the checkout)

`/tmp/padel-uir-wave2-20260917/repo/godot/tests/ui/_diag_heights.gd` (theme load probe) and
`_diag_probe.gd` (per-column/row height instrument) were used for the numbers above and
are removed from the copy's tree after use. They were never written into the repo.
