# Wave 3 — the shared seams the information screens asked for, landed

Tickets this wave serves: UIR-11 (stat strip), UIR-13 (help), UIR-14 (history),
UIR-15 (challenges), UIR-16 (profile). The lanes it touches: theme, data, focus — the
three the four screens' own logs recorded as seams, plus the two red lines the router
scan saw in them.

What this wave does **not** touch: the frozen reference (`js/`, `styles.css`), the sim,
the saves, the locale tables, the modes, and the input lane's own files
(`src/input/menu_nav.gd`, `src/input/focus_nav.gd`, `game/menu_focus.gd`). No file was
staged, committed, or deleted; no worker was spawned; the round's spend is $0.

Route taken on the engine: this lane has none. Every check below is static, and the
exact engine commands are in §7 for the worker who owns the runner.

---

## 1. Theme — the fifteen tokens UIR-13 §3 asked for, plus two the strip needs

`uir-13-screen-help.log` §3 requested fifteen `Palette/colors/*` entries, each with its
`styles.css` source. All fifteen are in `godot/src/ui/theme/padel_theme.tres` now, and so
are two more the stat strip reads. Each one is in **three** places, and all three were
re-read after writing:

| token | value | source | also read by |
|---|---|---|---|
| `win_green` | `#3fd36f` | `styles.css:2662,2697` | history stat box, history item result |
| `win_ink` | `#04210f` | `styles.css:2697` | history item result chip |
| `loss_red` | `#ff5d7a` | `styles.css:2663,2698` | same boxes, loss side |
| `loss_ink` | `#21040a` | `styles.css:2698` | same chip, loss side |
| `trophy_yellow` | `#ffd23a` | `styles.css:2664` | history stat box trophies |
| `stat_muted` | `#6f91ad` | `styles.css:2655,2704,2717,2722` | history labels, profile boxes |
| `item_ink` | `#e6f8ff` | `styles.css:2702` | history item text |
| `help_muted` | `#8aa5bc` | `styles.css:2437,2623` | help card body, keyboard guide |
| `kbd_border` | `#29c9dc` | `styles.css:1727` | help `kbd` border |
| `white` | `#ffffff` | `rgba(255,255,255,α)` bases: .03 `:1321`, .05 `:1234`, .55 `:1237`, .72 `:1263` | profile hairlines/labels |
| `challenge_cyan` | `#78c8ff` | `styles.css:3216,3267` (`rgba(120,200,255,α)` hex base) | challenge rows |
| `challenge_row_fill` | `rgba(8,16,44,0.5)` | `styles.css:3217` | challenge row background |
| `challenge_done_border` | `rgba(255,210,120,0.4)` | `styles.css:3222` | completed challenge row |
| `challenge_done_fill` | `rgba(60,42,8,0.28)` | `styles.css:3223` | completed challenge row |
| `summary_fill` | `rgba(8,22,48,0.6)` | `styles.css:3592` | profile career summary |
| `stat_bar` | `#7ee0ff` | `styles.css:3026` (`.stat-bar`) | the stat strip (new, §2) |
| `stat_bar_rival` | `#ffb08c` | `styles.css:3030` (`.team-slot--rival .stat-bar`) | the strip on a rival slot |

The three places: the `.tres` entry, the `README.md` §3 table row (with the source
column above), and `theme_probe.gd`'s `PALETTE` map — the probe checks every listed
colour against the theme with `is_equal_approx`, so a token that lands in one place and
not the others is a red probe, not a silent drift. Every value was transcribed from the
CSS rule named in the table and each `.tres` float was re-read against it
(`63/255 = 0.24705882` for `3f`, etc.) — the transcription is exact, not approximate.

Consumers: the four screens read these keys through `_palette()`/`palette_misses()`
already; nothing else needed to change on their side. Every key the four screens declare
in `palette_keys()` — help 8, profile 13, history 11, challenges 8, with overlaps — was
checked key by key against the `.tres` and resolves: that is the condition those
audits assert when they hold `palette_misses()` to `[]`.

## 2. Data — the stat-strip seam UIR-11 asked for

`uir-11-screen-characters.log`'s blocker 1 asked for exactly this: a
`UiData.stat_rows()` / `stat_range()` seam from the ported data. It is in
`godot/src/ui/data/UiData.gd`, in a section named after its source:

- `UiData.STAT_KEYS` — `["power", "control", "speed"]`, the reference's own order
  (`js/ui.js:824-826`).
- `UiData.STAT_TICKS` / `STAT_FILLED_STEPS` — five ticks per bar, four steps of fill
  (`js/ui.js:820`).
- `UiData.STAT_LABEL_KEYS` — `statPower` / `statControl` / `statSpeed` (`:824-826`).
- `UiData.stat_range()` — per-stat min/max over the **whole frozen roster**
  (`Frozen.athletes()`), which is exactly what the reference's `STAT_RANGE` computes
  over `ATHLETES` (`js/ui.js:805-812`). The reference's own comment says the bars compare
  athletes against each other and that the scale is the roster's, not a hand-picked
  interval — so this reads `Frozen`, never `Gate.roster()`: a demo must show the same
  bars as a full build.
- `UiData.stat_rows(athlete)` — `[{key, label_key, value, filled, ticks}]`, with
  `filled = 1 + round(clampUnit((value - min) / (max - min || 1)) * 4)` (`:819`), so the
  weakest athlete of the roster still shows one filled tick instead of an empty bar.

Derivation checked, not assumed: all six athletes' `stats` in `frozen/data.json` were
compared row by row against `js/data.js`'s `ATHLETES` (6/6 identical in all three
stats), and the reference's formula was run over them in Python. The rows it produces
are the six pinned in `screen_characters_audit.gd`'s `STAT_BARS` — e.g. `maestro`
`[1,4,1]`, `oracolo` `[1,5,1]`, `colosso` `[5,1,1]`, and `steamer` `[4,1,1]` (a demo that
used its own two-athlete subset as the scale would paint `steamer`'s power bar with
five ticks; the pinned row is what holds it to four).

Consumers: `CharactersScreen` paints them (§ below), and any other card that shows an
athlete's strip can take `UiData.stat_rows(_athlete_item(id))` and render
`label_key` + `filled`/`ticks` — the adapter owns the arithmetic, the caller owns pixels.

## 3. Focus — the carried-metadata seam (range keys and OSK keys)

The problem, in the input lane's own terms: `game/menu_focus.gd::_target()` projects a
fixed key set onto each target (`id, kind, node, action, opts, hidden, disabled, locked,
contains_buttons, rect`), but two consumers read keys that set never carries:

- `src/input/focus_nav.gd::_adjust_range()` (`:239-246`) steps a range from
  `step` / `value` / `min` / `max`, writing the new value into the live target;
- `src/input/menu_nav.gd::confirm()` (`:223-229`) opens the OSK for a text field from
  `value` / `max_length` / `field_label`.

Both files belong to the input lane and are frozen for this wave. The allowed route is
the UI bridge, so `UiFocusBridge` carries the metadata itself:

- `UiFocusBridge.CARRIED_KEYS` — the six keys above plus `input_type`.
- `register(id, node, action, {"kind": "range", "min":…, "max":…, "step":…, "value":…})`
  or `{"kind": "text_field", "value":…, "max_length":…, "field_label":…}` — the screen
  registers the keys with the control, exactly as it registers `kind`.
- `carry_metadata()` — merges every registration's carried keys onto the model's live
  targets. It is called at the top of every `dispatch()` (and after `register()` /
  `set_focus()` / `focused_metadata()`), because a context change — `open_screen`, an
  overlay, the OSK open/close — rebuilds the model's list and would drop a one-off write.
  The merge writes only keys the input lane already reads on the same dictionaries
  (`menu_nav.nav.targets()` is the model's public list; `focus()` is one of its items) —
  the input lane's files are not edited, and nothing is written that it does not read.
- `range_changed(id, value)` — emitted once per real step, with the model's own new
  value, after a direction (key or pad motion) was consumed; a clamped step that does not
  move the value reports nothing. `last_range()` holds `{id, value}`.
- `last_osk()` — `{id, open, value, max_length, label}` after an OSK open or close, so a
  screen can push the typed value onto its text control. (The OSK model keeps `_value`
  across `close()`, so the value read back after a close is what the player typed.)
- `metadata_of(id)` / `focused_metadata()` — the probes: what one registration carries,
  and what the input lane will read at the next consumption.

The division of labour: the bridge reports, the screen applies and persists. The bridge
never touches the node (a `Slider` gets its value from the screen; a `LineEdit` gets its
text from the screen) and never writes a save.

Consumers: the settings screen's range rows and the feedback screen's text fields
(register the keys, connect `range_changed`, read `last_osk()`), and
`input_a11y_audit.gd` §7, which is the contract's own test (§6).

## 4. The router scan's red lines, fixed as literals, not as scanner dilutions

The scan (`router_audit.gd`) flags any string literal containing a space in
`res://src/ui/**/*.gd`; its rule, its whitelist and its single file exemption were left
exactly as they were. The five red lines it reported were real literals, and each is now
composed from code points, with the doc comment saying which reference line the
punctuation comes from and why it is not spelled inline (the same trick the characters
screen already used for `⚡` and ` · `):

- `ControlLegend.gd:269` — `art_alt_text()`'s `caption · controllerDetected` interpunct
  (`js/main.js:426-428`).
- `ChallengesScreen.gd:377` / `:380` — the `🏆 ` and `⭐ ` cost prefixes
  (`js/ui.js:1148-1149`), and `:389` — the space inside `_quanti`'s `%d/%d %s`
  (`js/ui.js:1142`).
- `HistoryScreen.gd:393` — the two spaces around `t("histVs")` in the item line
  (`js/ui.js:1600`).

Evidence for the fix, without the engine: the scan's own rule (`_offenders_in_source` +
`_literals`, developer markers, whitelist) was transcribed to Python and run over all 26
scanned UI scripts → **0 offenders**. The transcription was validated first by feeding it
the audit's own `PROBE_SOURCE`, which must yield exactly one offender, `"Play now"` —
it does. So this is the scan's verdict reproduced, not a relaxed scan.

## 5. How to consume these seams (for the other workers)

- **Theme**: `_palette("win_green")` or `theme.get_color("win_green", "Palette")`. Adding
  a token means three edits (`.tres`, `README.md` §3, `theme_probe.gd` PALETTE) or the
  probe goes red — on purpose.
- **Data**: `UiData.stat_rows(athlete_dict)` for the bars (`key`, `label_key`, `filled`,
  `ticks`), `UiData.stat_range()` for the scale itself. Do not recompute a scale from a
  build's subset: the reference's scale is the whole roster, and the audit holds it there.
- **Focus**: register range/OSK keys in the `opts` dictionary, connect `range_changed`,
  read `last_osk()`. Expect nothing to arrive through `MenuFocus`'s own target dicts —
  the bridge carries the keys onto the model's live list at consumption time, and
  `metadata_of` / `focused_metadata` are the probes to check it from a test.
- **UIR-11's picker order note**: the port's picker body carries the special line where
  the reference's card holds it in the footer (`js/ui.js:1064-1072`); the strip is lifted
  above the special so the reference's own reading order (desc, `statLine`, `⚡ special`)
  survives the port's shape. The team slot needs no such lift — the reference's scheda
  reads desc, special, `statLine` (`:968-971`), which is the order the port builds.

## 6. Checks actually run (static)

```
$ gdlint godot/src/ui/data/UiData.gd godot/src/ui/screens/ChallengesScreen.gd \
         godot/src/ui/screens/HistoryScreen.gd godot/src/ui/components/ControlLegend.gd
Success: no problems found

$ gdlint godot/src/ui/focus/UiFocusBridge.gd
2 problems: the two pre-existing `max-returns` errors on `dispatch()` and `_act()`
(this wave removed three: the two class-definitions-order hits on the signal block and one
trailing space; the two return counts predate the wave and fixing them means restructuring
an audited function, which was not done)

$ gdlint godot/src/ui/screens/CharactersScreen.gd
15 problems, all pre-existing: file over `max-file-lines`, over `max-public-methods`,
11 long lines from earlier waves, 2 unused arguments. The three long lines this wave's
edits introduced were rewrapped before this run.

$ gdlint godot/tests/ui/theme_probe.gd
13 problems, the same 13 the file had before this wave (line-length/style in a tests
probe; no gdlint gate covers `godot/tests/`).

$ python3 uir_literal_scan.py     # the script below, verbatim
probe validation: 1 offender(s) -> ['Play now']      # the audit's own PROBE_SOURCE, as an
                                                     # instrument check of the transcription
scanned 29 of 30 UI scripts                          # UiStrings.gd exempt, as the audit exempts it
offenders: 0                                         # all five red lines gone
```

The transcription, so the check is reproducible without the engine:

```python
"""Transcription of the router scan's literal rule (router_audit.gd:_offenders_in_source),
run over godot/src/ui/**. Semantics kept: comments stripped at the first '#', any string
literal containing a space is an offender, developer-marker lines are skipped, the one
exempt file is skipped, the one whitelisted literal is tolerated. Validated by feeding it
the audit's own PROBE_SOURCE, which must yield exactly one offender: "Play now".
"""
import pathlib

MARKERS = ["push_error(", "push_warning(", "printerr(", "assert("]
ROOT = "godot/src/ui"
EXEMPT = {f"{ROOT}/UiStrings.gd"}
WHITELIST = {("godot/src/ui/PlaceholderScreen.gd", "not built yet")}


def literals(code):
    out, i = [], 0
    while i < len(code):
        if code[i] == '"':
            j, buf = i + 1, ""
            while j < len(code) and code[j] != '"':
                if code[j] == "\\" and j + 1 < len(code):
                    j += 1
                buf += code[j]
                j += 1
            out.append(buf)
            i = j
        i += 1
    return out


def offenders(path, source):
    out = []
    for number, line in enumerate(source.split("\n"), 1):
        code = line.split("#")[0]
        if any(marker in code for marker in MARKERS):
            continue
        for literal in literals(code):
            if " " in literal and (path, literal) not in WHITELIST:
                out.append((path, number, literal))
    return out


def scan():
    files = sorted(str(p) for p in pathlib.Path(ROOT).rglob("*.gd"))
    hits = [h for f in files if f not in EXEMPT for h in offenders(f, pathlib.Path(f).read_text())]
    return files, hits


if __name__ == "__main__":
    files, hits = scan()
    probe = ("probe", 'func x() -> void:\n\tlabel.text = "Play now"\n\tpush_error("dev only")\n')
    probe_hits = offenders(*probe)
    print(f"probe validation: {len(probe_hits)} offender(s) -> {[h[2] for h in probe_hits]}")
    print(f"scanned {len(files) - len(EXEMPT)} of {len(files)} UI scripts")
    print(f"offenders: {len(hits)}")
    for hit in hits:
        print(f"  {hit[0]}:{hit[1]} \"{hit[2]}\"")
```

(`src/ui` grows as the other workers land their components; the count moves, the rule
does not. At the time of this run the tree held 30 scripts, one of them exempt.)

The router scan's own transcription, the stat-strip derivation and the theme
transcription are the three checks that carry this wave; the audit-side checks (§7) are
the ones only the engine can run.

## 7. Pending engine work (exact commands)

```sh
export GODOT=/Applications/Godot.app/Contents/MacOS/Godot
pgrep -x Godot                      # never kill a pre-existing process

"$GODOT" --headless --path godot/ --script res://tests/ui/screen_characters_audit.gd
"$GODOT" --headless --path godot/ --script res://tests/ui/screen_characters_audit.gd -- --demo
"$GODOT" --headless --path godot/ --script res://tests/ui/input_a11y_audit.gd
"$GODOT" --headless --path godot/ --script res://tests/ui/router_audit.gd
"$GODOT" --headless --path godot/ --script res://tests/ui/theme_probe.gd
grep -c "SCRIPT ERROR" <log>        # 0 expected in each
```

New checks this wave adds, unmeasured until those runs: **11** in
`screen_characters_audit.gd` (section 4b, the stat strip) and **36** in
`input_a11y_audit.gd` (section 7, the carried metadata). The four information screens'
own audits are unchanged by this wave; run them as their tickets' logs §6 list, and
`screen_challenges_audit.gd` / `screen_characters_audit.gd` additionally as `-- --demo`
(those two audits parse the demo flag; the other audit scripts do not, so do not pass it
to them).

## 8. Honest status

- **Landed and verified statically**: the 17 theme tokens in all three places; the
  `UiData` stat-strip seam with its derivation checked against `js/data.js`; the
  `UiFocusBridge` carried-metadata seam; the five router-scan literals; the
  `CharactersScreen` strip (all four team slots, unlocked picker cards only, rival ink,
  reference order); the two audit extensions.
- **Unmeasured**: every new audit check. No engine is available to this lane — the
  runner's log is the first place the tallies exist. The pre-wave numbers (characters
  `137/137`, `130/130` demo; a11y `117/117`) are recorded in their own logs and are *not*
  the expected totals any more.
- **Named, not papered over**: the bridge's two `max-returns` lint errors and
  `CharactersScreen`'s 15 lint problems are pre-existing and left as found; the picker's
  special/strip order delta is documented in §5; the input lane's files were not edited.
