# UIR-24 — legibility audit transcript
#
# Ticket: docs/implementation/ui-recreation/tickets/UIR-24-capture-harness.md
# Audit:  godot/tests/ui/ui_legibility_audit.gd (headless: it measures Controls, it does
#         not capture frames — frames are the capture harness's job, on a real GPU).
# Runner: /Applications/Godot.app/Contents/MacOS/Godot 4.7.2.stable.official.ed1daf0bf
# Date:   2026-09-16T23:30:19Z (UTC)   HEAD: 252ff6074039372ebbf8ec682f9adda0e9c80d03 (no commit)
#
# Command:
#   $GODOT --headless --path godot/ --script res://tests/ui/ui_legibility_audit.gd ; echo "exit=$?"
#
# Result: exit 1, FAIL 73/76, SCRIPT ERROR 0. Sizes: 1280x720, 1152x648, 1920x1080,
# 1024x600. Checks per screen/state: containment (a visible Control inside its visible
# carrier), disjointness (no two visible sibling blocks on the same pixels), contrast
# (font colour against the painted background, WCAG ratio, floor 4.5:1).
# The HUD family (Hud.tscn, 9 capture states, both smaller frames) is measured against
# the regions `Hud.panels()` names — the same carrier rule `hud_audit._spilling` uses,
# because the markers overhang their bars by design (`overflow: visible`).
#
# The three failures are ONE finding, repeated per menu state at 1024x600:
#   Caption (378x92 at (552,307)) leaves PosterFrame (561,197,391,220) by 9 px.
#   That is UIR-07's MenuScreen (outside this wave's write allowlist) — recorded here,
#   not repaired. 1280x720, 1152x648 and 1920x1080 are clean.
# Screens the recreation has not landed ("modes") are reported via `not_ported`, which
# the audit's tally keeps apart from failures.
# Attached file hash: md5 cf3995ac0af4a5f1f639f957dd2c989f.
# The ticket names `ui_legibility_audit.gd/.tscn`; only the `.gd` exists, on the
# `hud_audit` precedent (UIR-08's log records the same: the allowlist permits a `.tscn`,
# the runner does not need one — a SceneTree script is entered with `--script`, and a
# scene file cannot carry a SceneTree script). `capture_ui.tscn` exists and is the
# documented entry point for the capture half.
# ---------------------------------------------------------------------------

Godot Engine v4.7.2.stable.official.ed1daf0bf - https://godotengine.org

ok legibility/1280x720/the_host_mounted_a_router
ok legibility/1280x720/menu/default/containment
ok legibility/1280x720/menu/default/disjoint_blocks
ok legibility/1280x720/menu/default/contrast
ok legibility/1280x720/menu/demo/containment
ok legibility/1280x720/menu/demo/disjoint_blocks
ok legibility/1280x720/menu/demo/contrast
ok legibility/1280x720/menu/beta/containment
ok legibility/1280x720/menu/beta/disjoint_blocks
ok legibility/1280x720/menu/beta/contrast
# not-ported legibility/1280x720/modes: 'modes' is still the ported scene (no UIR-03 hooks)
ok legibility/1152x648/the_host_mounted_a_router
ok legibility/1152x648/menu/default/containment
ok legibility/1152x648/menu/default/disjoint_blocks
ok legibility/1152x648/menu/default/contrast
ok legibility/1152x648/menu/demo/containment
ok legibility/1152x648/menu/demo/disjoint_blocks
ok legibility/1152x648/menu/demo/contrast
ok legibility/1152x648/menu/beta/containment
ok legibility/1152x648/menu/beta/disjoint_blocks
ok legibility/1152x648/menu/beta/contrast
# not-ported legibility/1152x648/modes: 'modes' is still the ported scene (no UIR-03 hooks)
ok legibility/1920x1080/the_host_mounted_a_router
ok legibility/1920x1080/menu/default/containment
ok legibility/1920x1080/menu/default/disjoint_blocks
ok legibility/1920x1080/menu/default/contrast
ok legibility/1920x1080/menu/demo/containment
ok legibility/1920x1080/menu/demo/disjoint_blocks
ok legibility/1920x1080/menu/demo/contrast
ok legibility/1920x1080/menu/beta/containment
ok legibility/1920x1080/menu/beta/disjoint_blocks
ok legibility/1920x1080/menu/beta/contrast
# not-ported legibility/1920x1080/modes: 'modes' is still the ported scene (no UIR-03 hooks)
ok legibility/1024x600/the_host_mounted_a_router
FAIL legibility/1024x600/menu/default/containment: expected [], got ["Caption [P: (552.0, 307.0), S: (378.0, 92.0)] outside PosterFrame [P: (561.0, 197.0), S: (391.0, 220.0)]"]
ok legibility/1024x600/menu/default/disjoint_blocks
ok legibility/1024x600/menu/default/contrast
FAIL legibility/1024x600/menu/demo/containment: expected [], got ["Caption [P: (552.0, 320.0), S: (378.0, 92.0)] outside PosterFrame [P: (561.0, 210.0), S: (391.0, 220.0)]"]
ok legibility/1024x600/menu/demo/disjoint_blocks
ok legibility/1024x600/menu/demo/contrast
FAIL legibility/1024x600/menu/beta/containment: expected [], got ["Caption [P: (552.0, 320.0), S: (378.0, 92.0)] outside PosterFrame [P: (561.0, 210.0), S: (391.0, 220.0)]"]
ok legibility/1024x600/menu/beta/disjoint_blocks
ok legibility/1024x600/menu/beta/contrast
# not-ported legibility/1024x600/modes: 'modes' is still the ported scene (no UIR-03 hooks)
ok legibility/1280x720/hud/default/containment
ok legibility/1280x720/hud/default/regions_disjoint
ok legibility/1280x720/hud/serving/containment
ok legibility/1280x720/hud/serving/regions_disjoint
ok legibility/1280x720/hud/rally/containment
ok legibility/1280x720/hud/rally/regions_disjoint
ok legibility/1280x720/hud/point-pause/containment
ok legibility/1280x720/hud/point-pause/regions_disjoint
ok legibility/1280x720/hud/set-tennis/containment
ok legibility/1280x720/hud/set-tennis/regions_disjoint
ok legibility/1280x720/hud/drill/containment
ok legibility/1280x720/hud/drill/regions_disjoint
ok legibility/1280x720/hud/tournament/containment
ok legibility/1280x720/hud/tournament/regions_disjoint
ok legibility/1280x720/hud/career/containment
ok legibility/1280x720/hud/career/regions_disjoint
ok legibility/1280x720/hud/panel-open/containment
ok legibility/1280x720/hud/panel-open/regions_disjoint
ok legibility/1152x648/hud/default/containment
ok legibility/1152x648/hud/default/regions_disjoint
ok legibility/1152x648/hud/serving/containment
ok legibility/1152x648/hud/serving/regions_disjoint
ok legibility/1152x648/hud/rally/containment
ok legibility/1152x648/hud/rally/regions_disjoint
ok legibility/1152x648/hud/point-pause/containment
ok legibility/1152x648/hud/point-pause/regions_disjoint
ok legibility/1152x648/hud/set-tennis/containment
ok legibility/1152x648/hud/set-tennis/regions_disjoint
ok legibility/1152x648/hud/drill/containment
ok legibility/1152x648/hud/drill/regions_disjoint
ok legibility/1152x648/hud/tournament/containment
ok legibility/1152x648/hud/tournament/regions_disjoint
ok legibility/1152x648/hud/career/containment
ok legibility/1152x648/hud/career/regions_disjoint
ok legibility/1152x648/hud/panel-open/containment
ok legibility/1152x648/hud/panel-open/regions_disjoint
# report sizes=4 screens=0 hud_states=0
FAIL 73/76
FAIL 73/76
# first failure FAIL legibility/1024x600/menu/default/containment: expected [], got ["Caption [P: (552.0, 307.0), S: (378.0, 92.0)] outside PosterFrame [P: (561.0, 197.0), S: (391.0, 220.0)]"]
# first failure FAIL legibility/1024x600/menu/default/containment: expected [], got ["Caption [P: (552.0, 307.0), S: (378.0, 92.0)] outside PosterFrame [P: (561.0, 197.0), S: (391.0, 220.0)]"]
