[
  {
    "id": "rivale",
    "skill": 0.46,
    "effectiveSpeed": 280.9,
    "baseReactionMs": 165,
    "aimErrorPx": 23.8,
    "longRallyErrorRate": 0.275,
    "serveReturnRate": 1,
    "x2PlayerWinnerRate": 0.371,
    "x3PlayerWinnerRate": 0.938
  },
  {
    "id": "ingegnere",
    "skill": 0.6,
    "effectiveSpeed": 313.7,
    "baseReactionMs": 130,
    "aimErrorPx": 17.6,
    "longRallyErrorRate": 0.138,
    "serveReturnRate": 1,
    "x2PlayerWinnerRate": 0.1,
    "x3PlayerWinnerRate": 0.592
  },
  {
    "id": "campione",
    "skill": 0.76,
    "effectiveSpeed": 352.9,
    "baseReactionMs": 90,
    "aimErrorPx": 10.6,
    "longRallyErrorRate": 0.071,
    "serveReturnRate": 1,
    "x2PlayerWinnerRate": 0.046,
    "x3PlayerWinnerRate": 0.321
  },
  {
    "id": "leggenda",
    "skill": 0.9,
    "effectiveSpeed": 378.1,
    "baseReactionMs": 85,
    "aimErrorPx": 4.4,
    "longRallyErrorRate": 0.032,
    "serveReturnRate": 1,
    "x2PlayerWinnerRate": 0.017,
    "x3PlayerWinnerRate": 0.279
  }
]
