Godot Engine v4.7.2.stable.official.ed1daf0bf - https://godotengine.org

ok lineup/empty_lineup_partner_clones_the_player
ok lineup/partner_racket_depends_on_the_chosen_athlete
ok lineup/more_control_is_a_wider_partner_racket
ok lineup/partner_speed_comes_from_the_partner
ok lineup/opponent_moves_like_the_chosen_athlete
ok lineup/opponent_reach_or_racket_follows_the_athlete
ok lineup/opponent_drive_produced_a_speed
ok lineup/opponent_drive_produced_a_speed
ok lineup/powerful_opponent_hits_perceptibly_harder
ok lineup/roster_average_keeps_the_speed_unbiased
ok lineup/roster_average_keeps_the_w_unbiased
ok lineup/roster_average_keeps_the_reach_unbiased
ok lineup/frozen_roster_average_speed_matches_reference
ok lineup/frozen_roster_average_power_matches_reference
ok lineup/frozen_roster_average_control_matches_reference
ok lineup/frozen_roster_average_reach_matches_reference
ok lineup/frozen_roster_average_stamina_matches_reference
ok lineup/roster_average_speed_is_in_scale
ok lineup/roster_average_power_is_in_scale
ok lineup/roster_average_control_is_in_scale
ok lineup/roster_average_reach_is_in_scale
ok lineup/roster_average_stamina_is_in_scale
ok lineup/resistant_partner_leaves_more_team_energy
# report racket(control=117.33 power=111.37) rivalSpeed(fast=406.5 slow=287.7 reference=313.7) shot(power=428.2 control=335.2) energy(resistant=0.529 fragile=0.440)
# report reference racket(controllo=117.33 potenza=111.37) rivalSpeed(veloce=406.5 lento=287.7 riferimento=313.7) shot(potente=428.2 tecnico=335.2) energy(resistente=0.529 fragile=0.440)
PASS 23/23
