Godot Engine v4.7.2.stable.official.ed1daf0bf - https://godotengine.org

ok match_format/frozen_match_formats_has_six_entries
ok match_format/points11/dominant_player_wins
ok match_format/points11/points_to_close
ok match_format/points21/dominant_player_wins
ok match_format/points21/points_to_close
ok match_format/games3/dominant_player_wins
ok match_format/games3/points_to_close
ok match_format/games3/closes_at_configured_sets
ok match_format/games5/dominant_player_wins
ok match_format/games5/points_to_close
ok match_format/games5/closes_at_configured_sets
ok match_format/set/dominant_player_wins
ok match_format/set/points_to_close
ok match_format/set/closes_at_configured_sets
ok match_format/match2/dominant_player_wins
ok match_format/match2/points_to_close
ok match_format/match2/closes_at_configured_sets
ok match_format/every_format_exercised
ok match_format/games3/won_by_one_game_closes
ok match_format/games3/last_game_wins_the_match
ok match_format/games5/won_by_one_game_closes
ok match_format/games5/last_game_wins_the_match
ok match_format/set/five_games_each_player
ok match_format/set/five_games_each_ai
ok match_format/set/six_five_does_not_close_the_set
ok match_format/set/six_six_starts_the_tie_break
PASS 26/26
