Godot Engine v4.7.2.stable.official.ed1daf0bf - https://godotengine.org

# rules/simulation audits ported from scripts/*.mjs — reference commit 2979588
ok harness/seeded_rng_state_matches_v8_seed_1
ok harness/seeded_rng_state_matches_v8_seed_11
ok harness/seeded_rng_state_matches_v8_seed_42
ok harness/seeded_rng_state_matches_v8_seed_4242
ok harness/seeded_rng_state_matches_v8_seed_7919
ok harness/seeded_rng_state_matches_v8_seed_20260811
ok harness/half_draw_rng_state_matches_v8
ok harness/half_rng_state_constant
ok harness/physics_tick_is_120_hz
ok harness/empty_input_has_the_full_field_set
# audit controller_tactics (res://tests/audits/controller_tactics_audit.gd)
ok controller_tactics/chiquita_contact_registered
ok controller_tactics/chiquita_sets_shot_type
ok controller_tactics/vibora_contact_registered
ok controller_tactics/vibora_sets_shot_type
ok controller_tactics/defensive_lob_contact_registered
ok controller_tactics/defensive_lob_sets_shot_type
ok controller_tactics/split_step_trades_speed_for_stability
ok controller_tactics/rt_does_not_change_distance
ok controller_tactics/rt_does_not_spend_energy
ok controller_tactics/charge_slows_the_step
ok controller_tactics/charge_still_allows_adjustment
ok controller_tactics/team_tactic_reaches_the_state
ok controller_tactics/team_tactic_announces_itself
ok controller_tactics/team_tactic_event_id
# report movement(splitStep=3.14 charging=2.94 normal=5.07 sprint=5.07) tactic=attack
ok controller_tactics (14 checks)
# audit match_format (res://tests/audits/match_format_audit.gd)
ok match_format/frozen_match_formats_has_six_entries
ok match_format/points11/dominant_player_wins
ok match_format/points11/points_to_close
ok match_format/points21/dominant_player_wins
ok match_format/points21/points_to_close
ok match_format/games3/dominant_player_wins
ok match_format/games3/points_to_close
ok match_format/games3/closes_at_configured_sets
ok match_format/games5/dominant_player_wins
ok match_format/games5/points_to_close
ok match_format/games5/closes_at_configured_sets
ok match_format/set/dominant_player_wins
ok match_format/set/points_to_close
ok match_format/set/closes_at_configured_sets
ok match_format/match2/dominant_player_wins
ok match_format/match2/points_to_close
ok match_format/match2/closes_at_configured_sets
ok match_format/every_format_exercised
ok match_format/games3/won_by_one_game_closes
ok match_format/games3/last_game_wins_the_match
ok match_format/games5/won_by_one_game_closes
ok match_format/games5/last_game_wins_the_match
ok match_format/set/five_games_each_player
ok match_format/set/five_games_each_ai
ok match_format/set/six_five_does_not_close_the_set
ok match_format/set/six_six_starts_the_tie_break
ok match_format (26 checks)
# audit wall_rules (res://tests/audits/wall_rules_audit.gd)
ok wall_rules/opposing_glass_lateral/reaches_glass
ok wall_rules/opposing_glass_lateral/contact_in_ai_court
ok wall_rules/opposing_glass_lateral/no_bounce_before_glass
ok wall_rules/opposing_glass_lateral/point_lost_by_striker
ok wall_rules/opposing_glass_lateral/fault_at_contact
ok wall_rules/opposing_glass_baseline/reaches_glass
ok wall_rules/opposing_glass_baseline/contact_in_ai_court
ok wall_rules/opposing_glass_baseline/no_bounce_before_glass
ok wall_rules/opposing_glass_baseline/point_lost_by_striker
ok wall_rules/opposing_glass_baseline/fault_at_contact
ok wall_rules/own_glass_lateral/reaches_glass
ok wall_rules/own_glass_lateral/contact_in_own_court
ok wall_rules/own_glass_lateral/no_bounce_before_glass
ok wall_rules/own_glass_lateral/ball_stays_live
ok wall_rules/own_glass_baseline/reaches_glass
ok wall_rules/own_glass_baseline/contact_in_own_court
ok wall_rules/own_glass_baseline/no_bounce_before_glass
ok wall_rules/own_glass_baseline/ball_stays_live
ok wall_rules/glass_after_bounce_is_normal_play
ok wall_rules/serve_onto_glass_is_not_a_winner
ok wall_rules/defender_tie_prefers_first
ok wall_rules/defender_tie_is_order_independent
ok wall_rules (22 checks)
# audit court_speed (res://tests/audits/court_speed_audit.gd)
ok court_speed/frozen_base_paddle_speed_matches_reference
ok court_speed/frozen_athlete_maestro_speed_matches_reference
ok court_speed/frozen_athlete_pantera_speed_matches_reference
ok court_speed/frozen_athlete_steamer_speed_matches_reference
ok court_speed/frozen_athlete_fiamma_speed_matches_reference
ok court_speed/frozen_athlete_oracolo_speed_matches_reference
ok court_speed/frozen_athlete_colosso_speed_matches_reference
ok court_speed/frozen_ai_rivale_speed_matches_reference
ok court_speed/frozen_ai_rivale_skill_matches_reference
ok court_speed/frozen_ai_ingegnere_speed_matches_reference
ok court_speed/frozen_ai_ingegnere_skill_matches_reference
ok court_speed/frozen_ai_campione_speed_matches_reference
ok court_speed/frozen_ai_campione_skill_matches_reference
ok court_speed/frozen_ai_leggenda_speed_matches_reference
ok court_speed/frozen_ai_leggenda_skill_matches_reference
ok court_speed/bench_drive_charge1.35_ball_flew
ok court_speed/bench_smash_charge1.35_ball_flew
ok court_speed/bench_drive_charge0.80_ball_flew
# report ball(driveSoft=211.6 driveFull=520.4 smash=580.2) athletes(slow=291.6 median=304.3 fast=412.1) ai(easy=280.9 hard=378.1)
# report ratios(driveFull/median=1.71 smash/median=1.91)
ok court_speed/full_drive_beats_median_athlete
ok court_speed/smash_beats_median_athlete
ok court_speed/smash_is_the_fastest_shot
ok court_speed/no_athlete_outruns_a_full_drive
ok court_speed/soft_drive_is_reachable
ok court_speed/easiest_ai_slower_than_slowest_athlete
ok court_speed/hardest_ai_beats_median_athlete
ok court_speed (25 checks)
# audit shot_quality (res://tests/audits/shot_quality_audit.gd)
ok shot_quality/perfect_contact_registered
ok shot_quality/early_contact_registered
ok shot_quality/late_contact_registered
ok shot_quality/control_contact_registered
ok shot_quality/power_contact_registered
ok shot_quality/perfect_timing_grades_perfect
ok shot_quality/early_timing_grades_early
ok shot_quality/late_timing_grades_late
ok shot_quality/perfect_timing_has_better_quality
ok shot_quality/low_charge_reads_control
ok shot_quality/high_charge_reads_power
ok shot_quality/power_costs_more_energy_than_control
ok shot_quality/clean_power_travels_faster_than_control
# report quality(perfect=1.000 early=0.642 late=0.779) energy(control=0.943 power=0.860) speed(control=227.1 power=357.4)
# report reference quality(perfect=1.000 early=0.642 late=0.779) energy(control=0.943 power=0.860) speed(control=227.1 power=357.4)
ok shot_quality (13 checks)
# audit smash_input (res://tests/audits/smash_input_audit.gd)
ok smash_input/contact_registered_h55_y480_aim0.00
ok smash_input/double_tap_high_ball_is_x2
ok smash_input/contact_registered_h55_y480_aim0.82
ok smash_input/lateral_stick_is_x3
ok smash_input/contact_registered_h55_y480_aim0.82
ok smash_input/imperfect_smash_degrades_to_flat
ok smash_input/contact_registered_h38_y480_aim0.00
ok smash_input/low_ball_stays_bandeja
ok smash_input/contact_registered_h55_y530_aim0.00
ok smash_input/baseline_smash_stays_bandeja
ok smash_input/contact_registered_h55_y480_aim0.00
ok smash_input/return_of_serve_cannot_be_a_smash
ok smash_input/first_a_release_primes_the_smash
ok smash_input/second_a_tap_confirms_the_smash
ok smash_input/buffered_two_tap_keeps_the_smash
ok smash_input/missed_double_tap_degrades_to_drive
ok smash_input/missed_double_tap_still_hits
ok smash_input/contact_registered_h55_y480_aim0.00
ok smash_input/contact_registered_h55_y480_aim0.82
ok smash_input/contact_registered_h55_y480_aim0.82
ok smash_input/contact_registered_h38_y480_aim0.00
ok smash_input/contact_registered_h55_y530_aim0.00
ok smash_input/first_a_release_primes_the_smash
ok smash_input/second_a_tap_confirms_the_smash
# report x2=smash-x2 x3=smash-x3 imperfect=smash-flat lowBall=bandeja fromBack=bandeja buffered=smash-x2 missedDoubleTap=drive/player
ok smash_input (24 checks)
# audit lineup (res://tests/audits/lineup_audit.gd)
ok lineup/empty_lineup_partner_clones_the_player
ok lineup/partner_racket_depends_on_the_chosen_athlete
ok lineup/more_control_is_a_wider_partner_racket
ok lineup/partner_speed_comes_from_the_partner
ok lineup/opponent_moves_like_the_chosen_athlete
ok lineup/opponent_reach_or_racket_follows_the_athlete
ok lineup/opponent_drive_produced_a_speed
ok lineup/opponent_drive_produced_a_speed
ok lineup/powerful_opponent_hits_perceptibly_harder
ok lineup/roster_average_keeps_the_speed_unbiased
ok lineup/roster_average_keeps_the_w_unbiased
ok lineup/roster_average_keeps_the_reach_unbiased
ok lineup/frozen_roster_average_speed_matches_reference
ok lineup/frozen_roster_average_power_matches_reference
ok lineup/frozen_roster_average_control_matches_reference
ok lineup/frozen_roster_average_reach_matches_reference
ok lineup/frozen_roster_average_stamina_matches_reference
ok lineup/roster_average_speed_is_in_scale
ok lineup/roster_average_power_is_in_scale
ok lineup/roster_average_control_is_in_scale
ok lineup/roster_average_reach_is_in_scale
ok lineup/roster_average_stamina_is_in_scale
ok lineup/resistant_partner_leaves_more_team_energy
# report racket(control=117.33 power=111.37) rivalSpeed(fast=406.5 slow=287.7 reference=313.7) shot(power=428.2 control=335.2) energy(resistant=0.529 fragile=0.440)
# report reference racket(controllo=117.33 potenza=111.37) rivalSpeed(veloce=406.5 lento=287.7 riferimento=313.7) shot(potente=428.2 tecnico=335.2) energy(resistente=0.529 fragile=0.440)
ok lineup (23 checks)
# audit ai_attack (res://tests/audits/ai_attack_audit.gd)
# report short(lobbed=60/60 attacks=55 smash=45 forward=74) deep(lobbed=60/60 attacks=0)
ok ai_attack/short_lob_is_replayed
ok ai_attack/deep_lob_is_replayed
ok ai_attack/short_lob_is_attacked_majority
ok ai_attack/smash_is_the_common_answer_to_a_short_lob
ok ai_attack/ai_steps_forward_to_take_the_lob
ok ai_attack/deep_lob_is_not_attacked
ok ai_attack/short_and_deep_lobs_are_clearly_different
# report attackRate(short=92% deep=0%)
# report lobbedAgainst(net=53% mid=29% back=12%)
ok ai_attack/net_position_is_lobbed_often
ok ai_attack/mid_court_is_still_lobbed
ok ai_attack/lob_risk_falls_from_net_to_mid
ok ai_attack/lob_risk_falls_from_mid_to_back
ok ai_attack/baseline_lob_is_rare
ok ai_attack/hardest_tier_lobs_more_than_the_easiest
# report angles(easy=41% hard=57% hardCentral=1%)
ok ai_attack/hardest_tier_moves_the_opponent
ok ai_attack/hardest_tier_avoids_the_central_third
ok ai_attack/better_tier_angles_more
ok ai_attack (16 checks)
# audit difficulty (res://tests/audits/difficulty_audit.gd)
ok difficulty/frozen_has_four_tiers
ok difficulty/first_tier_is_rivale
ok difficulty/last_tier_is_leggenda
ok difficulty/leggenda_has_a_reaction_skill_override
ok difficulty/leggenda_reaction_skill_is_pinned_at_0.78
ok difficulty/rivale_has_no_reaction_skill_override
ok difficulty/ingegnere_has_no_reaction_skill_override
ok difficulty/campione_has_no_reaction_skill_override
# report tier rivale skill=0.46 speed=280.9 reactionMs=165 aimErr=23.8 rallyErr=0.275 serveReturn=1.000 x2Win=0.371 x3Win=0.938
# report tier ingegnere skill=0.60 speed=313.7 reactionMs=130 aimErr=17.6 rallyErr=0.138 serveReturn=1.000 x2Win=0.100 x3Win=0.592
# report tier campione skill=0.76 speed=352.9 reactionMs=90 aimErr=10.6 rallyErr=0.071 serveReturn=1.000 x2Win=0.046 x3Win=0.321
# report tier leggenda skill=0.90 speed=378.1 reactionMs=85 aimErr=4.4 rallyErr=0.032 serveReturn=1.000 x2Win=0.017 x3Win=0.279
ok difficulty/hardest_tier_caps_the_x3_winner_rate
ok difficulty/x3_spread_between_first_and_last_tier
ok difficulty/ingegnere_skill_rises
ok difficulty/ingegnere_effective_speed_rises
ok difficulty/ingegnere_reaction_time_does_not_worsen
ok difficulty/ingegnere_aim_error_falls
ok difficulty/ingegnere_long_rally_errors_fall
ok difficulty/ingegnere_x2_defence_improves
ok difficulty/ingegnere_x3_defence_does_not_worsen
ok difficulty/campione_skill_rises
ok difficulty/campione_effective_speed_rises
ok difficulty/campione_reaction_time_does_not_worsen
ok difficulty/campione_aim_error_falls
ok difficulty/campione_long_rally_errors_fall
ok difficulty/campione_x2_defence_improves
ok difficulty/campione_x3_defence_does_not_worsen
ok difficulty/leggenda_skill_rises
ok difficulty/leggenda_effective_speed_rises
ok difficulty/leggenda_reaction_time_does_not_worsen
ok difficulty/leggenda_aim_error_falls
ok difficulty/leggenda_long_rally_errors_fall
ok difficulty/leggenda_x2_defence_improves
ok difficulty/leggenda_x3_defence_does_not_worsen
ok difficulty/rivale_returns_valid_serves
ok difficulty/ingegnere_returns_valid_serves
ok difficulty/campione_returns_valid_serves
ok difficulty/leggenda_returns_valid_serves
ok difficulty (35 checks)
# audit shot_balance (res://tests/audits/shot_balance_audit.gd)
ok shot_balance/controlled_lobs_bounce_in_court
ok shot_balance/charge_increases_lob_depth_short_over_medium
ok shot_balance/charge_increases_lob_depth_medium_over_deep
# report lobDepths(short=210.283 medium=172.117 deep=119.304)
ok shot_balance/pantera_max_lob_error_rate_in_band
# report panteraLobErrorRate=0.430 (129/300)
ok shot_balance/deep_lob_reaches_the_glass
ok shot_balance/ai_answers_after_its_own_glass
ok shot_balance/ai0_x2_develops_through_the_glass
ok shot_balance/ai0_x2_strong_but_defendable
# report ai0 x2ThroughGlass=300 x2Winners=111 interception=0.000
ok shot_balance/ai1_x2_develops_through_the_glass
ok shot_balance/ai1_x2_strong_but_defendable
# report ai1 x2ThroughGlass=272 x2Winners=26 interception=0.093
ok shot_balance/ai2_x2_develops_through_the_glass
ok shot_balance/ai2_x2_strong_but_defendable
# report ai2 x2ThroughGlass=250 x2Winners=11 interception=0.167
ok shot_balance/ai3_x2_develops_through_the_glass
ok shot_balance/ai3_x2_strong_but_defendable
# report ai3 x2ThroughGlass=239 x2Winners=4 interception=0.203
ok shot_balance/hardest_tier_reads_the_smash_more_often
ok shot_balance/medium_x3_special_but_not_automatic
# report mediumX3WinnerRate=0.603 (181/300)
ok shot_balance/ai_repertoire_has_drive
ok shot_balance/ai_repertoire_has_lob
ok shot_balance/ai_repertoire_has_volley
ok shot_balance/ai_repertoire_has_vibora
ok shot_balance/ai_repertoire_has_smash-x2
ok shot_balance/ai_repertoire_has_smash-x3
ok shot_balance/ai_repertoire_has_error
# report aiRepertoire=["drive","error","lob","smash-x2","smash-x3","vibora","volley"]
ok shot_balance (23 checks)
# totals checks=221 failures=0 not-ported=0
PASS 10/10
