Godot Engine v4.7.2.stable.official.ed1daf0bf - https://godotengine.org

ok smash_input/contact_registered_h55_y480_aim0.00
ok smash_input/double_tap_high_ball_is_x2
ok smash_input/contact_registered_h55_y480_aim0.82
ok smash_input/lateral_stick_is_x3
ok smash_input/contact_registered_h55_y480_aim0.82
ok smash_input/imperfect_smash_degrades_to_flat
ok smash_input/contact_registered_h38_y480_aim0.00
ok smash_input/low_ball_stays_bandeja
ok smash_input/contact_registered_h55_y530_aim0.00
ok smash_input/baseline_smash_stays_bandeja
ok smash_input/contact_registered_h55_y480_aim0.00
ok smash_input/return_of_serve_cannot_be_a_smash
ok smash_input/first_a_release_primes_the_smash
ok smash_input/second_a_tap_confirms_the_smash
ok smash_input/buffered_two_tap_keeps_the_smash
ok smash_input/missed_double_tap_degrades_to_drive
ok smash_input/missed_double_tap_still_hits
ok smash_input/contact_registered_h55_y480_aim0.00
ok smash_input/contact_registered_h55_y480_aim0.82
ok smash_input/contact_registered_h55_y480_aim0.82
ok smash_input/contact_registered_h38_y480_aim0.00
ok smash_input/contact_registered_h55_y530_aim0.00
ok smash_input/first_a_release_primes_the_smash
ok smash_input/second_a_tap_confirms_the_smash
# report x2=smash-x2 x3=smash-x3 imperfect=smash-flat lowBall=bandeja fromBack=bandeja buffered=smash-x2 missedDoubleTap=drive/player
PASS 24/24
