Godot Engine v4.7.2.stable.official.ed1daf0bf - https://godotengine.org

ok wall_rules/opposing_glass_lateral/reaches_glass
ok wall_rules/opposing_glass_lateral/contact_in_ai_court
ok wall_rules/opposing_glass_lateral/no_bounce_before_glass
ok wall_rules/opposing_glass_lateral/point_lost_by_striker
ok wall_rules/opposing_glass_lateral/fault_at_contact
ok wall_rules/opposing_glass_baseline/reaches_glass
ok wall_rules/opposing_glass_baseline/contact_in_ai_court
ok wall_rules/opposing_glass_baseline/no_bounce_before_glass
ok wall_rules/opposing_glass_baseline/point_lost_by_striker
ok wall_rules/opposing_glass_baseline/fault_at_contact
ok wall_rules/own_glass_lateral/reaches_glass
ok wall_rules/own_glass_lateral/contact_in_own_court
ok wall_rules/own_glass_lateral/no_bounce_before_glass
ok wall_rules/own_glass_lateral/ball_stays_live
ok wall_rules/own_glass_baseline/reaches_glass
ok wall_rules/own_glass_baseline/contact_in_own_court
ok wall_rules/own_glass_baseline/no_bounce_before_glass
ok wall_rules/own_glass_baseline/ball_stays_live
ok wall_rules/glass_after_bounce_is_normal_play
ok wall_rules/serve_onto_glass_is_not_a_winner
ok wall_rules/defender_tie_prefers_first
ok wall_rules/defender_tie_is_order_independent
PASS 22/22
