Godot Engine v4.7.2.stable.official.ed1daf0bf - https://godotengine.org
WARNING: Could not set V-Sync mode, as changing V-Sync mode is not supported by the graphics driver.
     at: set_use_vsync (platform/linuxbsd/x11/gl_manager_x11.cpp:372)
OpenGL API 4.5 (Core Profile) Mesa 26.0.8-1ubuntu0.3 - Compatibility - Using Device: Mesa - llvmpipe (LLVM 21.1.8, 256 bits)
ALSA lib confmisc.c:855:(parse_card) [error.core] cannot find card '0'
ALSA lib conf.c:5211:(_snd_config_evaluate) [error.core] function snd_func_card_inum returned error: No such file or directory
ALSA lib confmisc.c:422:(snd_func_concat) [error.core] error evaluating strings
ALSA lib conf.c:5211:(_snd_config_evaluate) [error.core] function snd_func_concat returned error: No such file or directory
ALSA lib confmisc.c:1342:(snd_func_refer) [error.core] error evaluating name
ALSA lib conf.c:5211:(_snd_config_evaluate) [error.core] function snd_func_refer returned error: No such file or directory
ALSA lib conf.c:5734:(snd_config_expand) [error.core] Evaluate error: No such file or directory
ALSA lib pcm.c:2722:(snd_pcm_open_noupdate) [error.pcm] Unknown PCM default
ERROR: Condition "status < 0" is true. Returning: ERR_CANT_OPEN
   at: init_output_device (drivers/alsa/audio_driver_alsa.cpp:97)
WARNING: All audio drivers failed, falling back to the dummy driver.
     at: initialize (servers/audio/audio_server.cpp:258)

STUDY_START bodies=game driver=llvmpipe (LLVM 21.1.8, 256 bits) display=X11
MATCH_START tier=leggenda athlete=maestro arena=officina seed=20260916 camera=default models=true headless=false
ATHLETES rigs=4 source=res://assets/athletes/volpe-rigged.glb glb_loads=12 spawn_ms=3532 lineup={"opponent":"steamer","opponentMate":"fiamma","player":"maestro","playerMate":"pantera"}
MODELS rigged_glb=res://prototypes/arena_spike/assets/volpe-rigged.glb mesh_instances=168 copies=4 rigs=4
MATCH_BUILT arena=? cam_preset=default
BODIES game rigs=4/4 source=match_controller.build_athletes()
FROZEN tick=420 rally=3 ball_px=(798.0,203.8,54.5) score=0-0
FRAME size=1280x720
SAVE err=0 path=res://prototypes/camera_study/out/current-composition__1280x720.png size=1280x720
SAVE err=0 path=res://prototypes/camera_study/out/current-composition__1280x720__mask.png size=1280x720
JSON path=res://prototypes/camera_study/out/current-composition__1280x720.json
OPTION_DONE id=current-composition cam=game-default hud=as-shipped png=current-composition__1280x720.png
SOLVE_DOLLY criterion=near-feet t=4.4867 band_top=530.0 target=520.0 probe_y_at_0=570.9 probe_y_at_t=520.0
SAVE err=0 path=res://prototypes/camera_study/out/raised-backed-off__1280x720.png size=1280x720
SAVE err=0 path=res://prototypes/camera_study/out/raised-backed-off__1280x720__mask.png size=1280x720
JSON path=res://prototypes/camera_study/out/raised-backed-off__1280x720.json
OPTION_DONE id=raised-backed-off cam=dolly-solved hud=as-shipped png=raised-backed-off__1280x720.png
SAVE err=0 path=res://prototypes/camera_study/out/slim-bottom-band__1280x720.png size=1280x720
SAVE err=0 path=res://prototypes/camera_study/out/slim-bottom-band__1280x720__mask.png size=1280x720
JSON path=res://prototypes/camera_study/out/slim-bottom-band__1280x720.json
OPTION_DONE id=slim-bottom-band cam=game-default hud=slim png=slim-bottom-band__1280x720.png
SOLVE_DOLLY criterion=near-baseline t=5.6822 band_top=612.0 target=602.0 probe_y_at_0=706.6 probe_y_at_t=602.0
SAVE err=0 path=res://prototypes/camera_study/out/raised-and-slim-band__1280x720.png size=1280x720
SAVE err=0 path=res://prototypes/camera_study/out/raised-and-slim-band__1280x720__mask.png size=1280x720
JSON path=res://prototypes/camera_study/out/raised-and-slim-band__1280x720.json
OPTION_DONE id=raised-and-slim-band cam=dolly-solved hud=slim png=raised-and-slim-band__1280x720.png
SAVE err=0 path=res://prototypes/camera_study/out/tactical-wide__1280x720.png size=1280x720
SAVE err=0 path=res://prototypes/camera_study/out/tactical-wide__1280x720__mask.png size=1280x720
JSON path=res://prototypes/camera_study/out/tactical-wide__1280x720.json
OPTION_DONE id=tactical-wide cam=preset-wide hud=as-shipped png=tactical-wide__1280x720.png
SAVE err=0 path=res://prototypes/camera_study/out/behind-the-baseline__1280x720.png size=1280x720
SAVE err=0 path=res://prototypes/camera_study/out/behind-the-baseline__1280x720__mask.png size=1280x720
JSON path=res://prototypes/camera_study/out/behind-the-baseline__1280x720.json
OPTION_DONE id=behind-the-baseline cam=preset-playable hud=as-shipped png=behind-the-baseline__1280x720.png
JSON path=res://prototypes/camera_study/out/index__1280x720.json
STUDY_PASS options=6 frame=1280x720 bodies=game mem_mb=52.0
